Archive member included because of file (symbol)

/opt/msp430/mspgcc-4.7.4/lib/gcc/msp430/4.7.4/mmpy-16/libgcc.a(_mulsi3.o)
                              build/sky/obj/cfs-coffee.o (__mulsi3)
/opt/msp430/mspgcc-4.7.4/lib/gcc/msp430/4.7.4/mmpy-16/libgcc.a(_udivmod16.o)
                              build/sky/obj/cfs-coffee.o (__udivhi3)
/opt/msp430/mspgcc-4.7.4/lib/gcc/msp430/4.7.4/mmpy-16/libgcc.a(_divmod16.o)
                              build/sky/obj/link-stats.o (__divhi3)
/opt/msp430/mspgcc-4.7.4/lib/gcc/msp430/4.7.4/mmpy-16/libgcc.a(_udivmod32.o)
                              build/sky/obj/ifft.o (__udivsi3)
/opt/msp430/mspgcc-4.7.4/lib/gcc/msp430/4.7.4/mmpy-16/libgcc.a(_divmod32.o)
                              build/sky/obj/cfs-coffee.o (__divsi3)
/opt/msp430/mspgcc-4.7.4/lib/gcc/msp430/4.7.4/../../../../msp430/lib/mmpy-16/libc.a(printf.o)
                              build/sky/obj/assert.o (printf)
/opt/msp430/mspgcc-4.7.4/lib/gcc/msp430/4.7.4/../../../../msp430/lib/mmpy-16/libc.a(sprintf.o)
                              build/sky/obj/log.o (snprintf)
/opt/msp430/mspgcc-4.7.4/lib/gcc/msp430/4.7.4/../../../../msp430/lib/mmpy-16/libc.a(vuprintf.o)
                              /opt/msp430/mspgcc-4.7.4/lib/gcc/msp430/4.7.4/../../../../msp430/lib/mmpy-16/libc.a(printf.o) (vuprintf)
/opt/msp430/mspgcc-4.7.4/lib/gcc/msp430/4.7.4/../../../../msp430/lib/mmpy-16/libc.a(puts.o)
                              build/sky/obj/assert.o (puts)
/opt/msp430/mspgcc-4.7.4/lib/gcc/msp430/4.7.4/../../../../msp430/lib/mmpy-16/libc.a(rand.o)
                              build/sky/obj/random.o (rand)
/opt/msp430/mspgcc-4.7.4/lib/gcc/msp430/4.7.4/../../../../msp430/lib/mmpy-16/libc.a(strcmp.o)
                              build/sky/obj/cfs-coffee.o (strcmp)
/opt/msp430/mspgcc-4.7.4/lib/gcc/msp430/4.7.4/../../../../msp430/lib/mmpy-16/libc.a(strncmp.o)
                              build/sky/obj/httpd-simple.o (strncmp)
/opt/msp430/mspgcc-4.7.4/lib/gcc/msp430/4.7.4/../../../../msp430/lib/mmpy-16/libc.a(memcmp.o)
                              build/sky/obj/ip64-addr.o (memcmp)
/opt/msp430/mspgcc-4.7.4/lib/gcc/msp430/4.7.4/../../../../msp430/lib/mmpy-16/libc.a(strncpy.o)
                              build/sky/obj/cfs-coffee.o (strncpy)
/opt/msp430/mspgcc-4.7.4/lib/gcc/msp430/4.7.4/../../../../msp430/lib/mmpy-16/libc.a(memcpy.o)
                              build/sky/obj/aes-128.o (memcpy)
/opt/msp430/mspgcc-4.7.4/lib/gcc/msp430/4.7.4/../../../../msp430/lib/mmpy-16/libc.a(memmove.o)
                              build/sky/obj/cbor.o (memmove)
/opt/msp430/mspgcc-4.7.4/lib/gcc/msp430/4.7.4/../../../../msp430/lib/mmpy-16/libc.a(memset.o)
                              build/sky/obj/cfs-coffee.o (memset)
/opt/msp430/mspgcc-4.7.4/lib/gcc/msp430/4.7.4/mmpy-16/libgcc.a(_udivmod64.o)
                              /opt/msp430/mspgcc-4.7.4/lib/gcc/msp430/4.7.4/../../../../msp430/lib/mmpy-16/libc.a(vuprintf.o) (__udivdi3)
/opt/msp430/mspgcc-4.7.4/lib/gcc/msp430/4.7.4/mmpy-16/libcrt0.a(_reset_vector__.o)
                              (_reset_vector__)
/opt/msp430/mspgcc-4.7.4/lib/gcc/msp430/4.7.4/mmpy-16/libcrt0.a(__watchdog_support.o)
                              /opt/msp430/mspgcc-4.7.4/lib/gcc/msp430/4.7.4/mmpy-16/libcrt0.a(_reset_vector__.o) (__watchdog_support)
/opt/msp430/mspgcc-4.7.4/lib/gcc/msp430/4.7.4/mmpy-16/libcrt0.a(__init_stack.o)
                              /opt/msp430/mspgcc-4.7.4/lib/gcc/msp430/4.7.4/mmpy-16/libcrt0.a(_reset_vector__.o) (__init_stack)
/opt/msp430/mspgcc-4.7.4/lib/gcc/msp430/4.7.4/mmpy-16/libcrt0.a(__low_level_init.o)
                              /opt/msp430/mspgcc-4.7.4/lib/gcc/msp430/4.7.4/mmpy-16/libcrt0.a(_reset_vector__.o) (__low_level_init)
/opt/msp430/mspgcc-4.7.4/lib/gcc/msp430/4.7.4/mmpy-16/libcrt0.a(_copy_data.o)
                              /opt/msp430/mspgcc-4.7.4/lib/gcc/msp430/4.7.4/mmpy-16/libcrt0.a(_reset_vector__.o) (__do_copy_data)
/opt/msp430/mspgcc-4.7.4/lib/gcc/msp430/4.7.4/mmpy-16/libcrt0.a(_clear_bss.o)
                              /opt/msp430/mspgcc-4.7.4/lib/gcc/msp430/4.7.4/mmpy-16/libcrt0.a(_reset_vector__.o) (__do_clear_bss)
/opt/msp430/mspgcc-4.7.4/lib/gcc/msp430/4.7.4/mmpy-16/libcrt0.a(__stop_progExec__.o)
                              /opt/msp430/mspgcc-4.7.4/lib/gcc/msp430/4.7.4/mmpy-16/libcrt0.a(_reset_vector__.o) (__stop_progExec__)
/opt/msp430/mspgcc-4.7.4/lib/gcc/msp430/4.7.4/mmpy-16/libcrt0.a(_endless_loop__.o)
                              /opt/msp430/mspgcc-4.7.4/lib/gcc/msp430/4.7.4/mmpy-16/libcrt0.a(_reset_vector__.o) (_endless_loop__)
/opt/msp430/mspgcc-4.7.4/lib/gcc/msp430/4.7.4/mmpy-16/libcrt0.a(_unexpected_.o)
                              /opt/msp430/mspgcc-4.7.4/lib/gcc/msp430/4.7.4/mmpy-16/crt0ivtbl16.o (_unexpected_)

Allocating common symbols
Common symbol       size              file

compower_idle_activity
                    0x10              build/sky/obj/compower.o
uip_ds6_timer_ra    0x8               build/sky/obj/uip-ds6.o
[...]
Memory Configuration

Name             Origin             Length             Attributes
sfr              0x0000000000000000 0x0000000000000010
peripheral_8bit  0x0000000000000010 0x00000000000000f0
peripheral_16bit 0x0000000000000100 0x0000000000000100
ram_mirror       0x0000000000000200 0x0000000000000800 xw
infomem          0x0000000000001000 0x0000000000000100
infob            0x0000000000001000 0x0000000000000080
infoa            0x0000000000001080 0x0000000000000080
ram              0x0000000000001100 0x0000000000002800 xw
rom              0x0000000000004000 0x000000000000bfe0 xr
vectors          0x000000000000ffe0 0x0000000000000020
bsl              0x0000000000000000 0x0000000000000000
infoc            0x0000000000000000 0x0000000000000000
infod            0x0000000000000000 0x0000000000000000
ram2             0x0000000000000000 0x0000000000000000 xw
usbram           0x0000000000000000 0x0000000000000000 xw
far_rom          0x0000000000000000 0x0000000000000000
*default*        0x0000000000000000 0xffffffffffffffff

Linker script and memory map

LOAD /opt/msp430/mspgcc-4.7.4/lib/gcc/msp430/4.7.4/mmpy-16/crt0ivtbl16.o
                0x0000000000002642                _stack = _end
LOAD build/sky/obj/aes-128.o
LOAD build/sky/obj/anti-replay.o
LOAD build/sky/obj/assert.o
LOAD build/sky/obj/atomic.o
LOAD build/sky/obj/autostart.o
LOAD build/sky/obj/battery-sensor.o
LOAD build/sky/obj/bitrev.o
LOAD build/sky/obj/border-router-embedded.o
LOAD build/sky/obj/border-router.o
LOAD build/sky/obj/button-hal.o
LOAD build/sky/obj/button-sensor.o
LOAD build/sky/obj/cbor.o
LOAD build/sky/obj/cc2420-arch-sfd.o
LOAD build/sky/obj/cc2420-arch.o
LOAD build/sky/obj/cc2420-tsch-15ms.o
LOAD build/sky/obj/cc2420.o
LOAD build/sky/obj/ccm-star-packetbuf.o
LOAD build/sky/obj/ccm-star.o
LOAD build/sky/obj/cfs-coffee.o
LOAD build/sky/obj/circular-list.o
LOAD build/sky/obj/clock.o
LOAD build/sky/obj/compower.o
LOAD build/sky/obj/contiki-main.o
LOAD build/sky/obj/crc16.o
LOAD build/sky/obj/csma-output.o
LOAD build/sky/obj/csma-security.o
LOAD build/sky/obj/csma.o
LOAD build/sky/obj/csprng.o
LOAD build/sky/obj/ctimer.o
LOAD build/sky/obj/dbl-circ-list.o
LOAD build/sky/obj/dbl-list.o
LOAD build/sky/obj/ds2411.o
LOAD build/sky/obj/ecc-curve.o
LOAD build/sky/obj/energest.o
LOAD build/sky/obj/etimer.o
LOAD build/sky/obj/flash.o
LOAD build/sky/obj/frame802154.o
LOAD build/sky/obj/frame802154e-ie.o
LOAD build/sky/obj/framer-802154.o
LOAD build/sky/obj/gpio-hal.o
LOAD build/sky/obj/heapmem.o
LOAD build/sky/obj/hexconv.o
LOAD build/sky/obj/httpd-simple.o
LOAD build/sky/obj/ifft.o
LOAD build/sky/obj/int-master.o
LOAD build/sky/obj/ip64-addr.o
LOAD build/sky/obj/iq-seeder.o
LOAD build/sky/obj/leds-arch.o
LOAD build/sky/obj/leds.o
LOAD build/sky/obj/light-sensor.o
LOAD build/sky/obj/link-stats.o
LOAD build/sky/obj/linkaddr.o
LOAD build/sky/obj/list.o
LOAD build/sky/obj/log.o
LOAD build/sky/obj/lpm.o
LOAD build/sky/obj/mac-sequence.o
LOAD build/sky/obj/memb.o
LOAD build/sky/obj/msp430.o
LOAD build/sky/obj/mutex.o
LOAD build/sky/obj/nbr-table.o
LOAD build/sky/obj/net-debug.o
LOAD build/sky/obj/netstack.o
LOAD build/sky/obj/node-id.o
LOAD build/sky/obj/nullframer.o
LOAD build/sky/obj/nullradio.o
LOAD build/sky/obj/packetbuf.o
LOAD build/sky/obj/platform.o
LOAD build/sky/obj/process-mutex.o
LOAD build/sky/obj/process.o
LOAD build/sky/obj/psock.o
LOAD build/sky/obj/queuebuf.o
LOAD build/sky/obj/random.o
LOAD build/sky/obj/ringbuf.o
LOAD build/sky/obj/ringbufindex.o
LOAD build/sky/obj/rpl-border-router.o
LOAD build/sky/obj/rpl-dag-root.o
LOAD build/sky/obj/rpl-dag.o
LOAD build/sky/obj/rpl-ext-header.o
LOAD build/sky/obj/rpl-icmp6.o
LOAD build/sky/obj/rpl-mrhof.o
LOAD build/sky/obj/rpl-nbr-policy.o
LOAD build/sky/obj/rpl-neighbor.o
LOAD build/sky/obj/rpl-of0.o
LOAD build/sky/obj/rpl-timers.o
LOAD build/sky/obj/rpl.o
LOAD build/sky/obj/rtimer-arch.o
LOAD build/sky/obj/rtimer.o
LOAD build/sky/obj/sensors.o
LOAD build/sky/obj/serial-line.o
LOAD build/sky/obj/sha-256.o
LOAD build/sky/obj/sht11-sensor.o
LOAD build/sky/obj/sht11.o
LOAD build/sky/obj/sicslowpan.o
LOAD build/sky/obj/simple-udp.o
LOAD build/sky/obj/sky-sensors.o
LOAD build/sky/obj/slip-bridge.o
LOAD build/sky/obj/slip.o
LOAD build/sky/obj/slip_uart1.o
LOAD build/sky/obj/spi-legacy.o
LOAD build/sky/obj/spi.o
LOAD build/sky/obj/stack-check.o
LOAD build/sky/obj/stimer.o
LOAD build/sky/obj/tcp-socket.o
LOAD build/sky/obj/tcpip.o
LOAD build/sky/obj/timer.o
LOAD build/sky/obj/trickle-timer.o
LOAD build/sky/obj/uart-putchar.o
LOAD build/sky/obj/uart1.o
LOAD build/sky/obj/udp-socket.o
LOAD build/sky/obj/uip-ds6-nbr.o
LOAD build/sky/obj/uip-ds6-route.o
LOAD build/sky/obj/uip-ds6.o
LOAD build/sky/obj/uip-icmp6.o
LOAD build/sky/obj/uip-ipchksum.o
LOAD build/sky/obj/uip-nameserver.o
LOAD build/sky/obj/uip-nd6.o
LOAD build/sky/obj/uip-packetqueue.o
LOAD build/sky/obj/uip-sr.o
LOAD build/sky/obj/uip-udp-packet.o
LOAD build/sky/obj/uip6.o
LOAD build/sky/obj/uipbuf.o
LOAD build/sky/obj/uiplib.o
LOAD build/sky/obj/watchdog.o
LOAD build/sky/obj/webserver.o
LOAD build/sky/obj/xmem.o
LOAD /opt/msp430/mspgcc-4.7.4/lib/gcc/msp430/4.7.4/mmpy-16/libgcc.a
LOAD /opt/msp430/mspgcc-4.7.4/lib/gcc/msp430/4.7.4/../../../../msp430/lib/mmpy-16/libc.a
LOAD /opt/msp430/mspgcc-4.7.4/lib/gcc/msp430/4.7.4/mmpy-16/libgcc.a
LOAD /opt/msp430/mspgcc-4.7.4/lib/gcc/msp430/4.7.4/mmpy-16/libcrt0.a
                0x0000000000000080                PROVIDE (__info_segment_size, 0x80)
                0x0000000000001000                PROVIDE (__infob, 0x1000)
                0x0000000000001080                PROVIDE (__infoa, 0x1080)
                0x0000000000000000                __IE1 = 0x0
                0x0000000000000002                __IFG1 = 0x2
                0x0000000000000004                __ME1 = 0x4
                0x0000000000000001                __IE2 = 0x1
                0x0000000000000003                __IFG2 = 0x3
                0x0000000000000005                __ME2 = 0x5
                0x0000000000000120                __WDTCTL = 0x120
                0x0000000000000130                __MPY = 0x130
                0x0000000000000132                __MPYS = 0x132
                0x0000000000000134                __MAC = 0x134
                0x0000000000000136                __MACS = 0x136
                0x0000000000000138                __OP2 = 0x138
                0x000000000000013a                __RESLO = 0x13a
                0x000000000000013c                __RESHI = 0x13c
                0x000000000000013e                __SUMEXT = 0x13e
                0x0000000000000020                __P1IN = 0x20
                0x0000000000000021                __P1OUT = 0x21
                0x0000000000000022                __P1DIR = 0x22
                0x0000000000000023                __P1IFG = 0x23
                0x0000000000000024                __P1IES = 0x24
                0x0000000000000025                __P1IE = 0x25
                0x0000000000000026                __P1SEL = 0x26
                0x0000000000000028                __P2IN = 0x28
                0x0000000000000029                __P2OUT = 0x29
                0x000000000000002a                __P2DIR = 0x2a
                0x000000000000002b                __P2IFG = 0x2b
                0x000000000000002c                __P2IES = 0x2c
                0x000000000000002d                __P2IE = 0x2d
                0x000000000000002e                __P2SEL = 0x2e
                0x0000000000000018                __P3IN = 0x18
                0x0000000000000019                __P3OUT = 0x19
                0x000000000000001a                __P3DIR = 0x1a
                0x000000000000001b                __P3SEL = 0x1b
                0x000000000000001c                __P4IN = 0x1c
                0x000000000000001d                __P4OUT = 0x1d
                0x000000000000001e                __P4DIR = 0x1e
                0x000000000000001f                __P4SEL = 0x1f
                0x0000000000000030                __P5IN = 0x30
                0x0000000000000031                __P5OUT = 0x31
                0x0000000000000032                __P5DIR = 0x32
                0x0000000000000033                __P5SEL = 0x33
                0x0000000000000034                __P6IN = 0x34
                0x0000000000000035                __P6OUT = 0x35
                0x0000000000000036                __P6DIR = 0x36
                0x0000000000000037                __P6SEL = 0x37
                0x0000000000000070                __U0CTL = 0x70
                0x0000000000000071                __U0TCTL = 0x71
                0x0000000000000072                __U0RCTL = 0x72
                0x0000000000000073                __U0MCTL = 0x73
                0x0000000000000074                __U0BR0 = 0x74
                0x0000000000000075                __U0BR1 = 0x75
                0x0000000000000076                __U0RXBUF = 0x76
                0x0000000000000077                __U0TXBUF = 0x77
                0x0000000000000078                __U1CTL = 0x78
                0x0000000000000079                __U1TCTL = 0x79
                0x000000000000007a                __U1RCTL = 0x7a
                0x000000000000007b                __U1MCTL = 0x7b
                0x000000000000007c                __U1BR0 = 0x7c
                0x000000000000007d                __U1BR1 = 0x7d
                0x000000000000007e                __U1RXBUF = 0x7e
                0x000000000000007f                __U1TXBUF = 0x7f
                0x0000000000000050                __I2CIE = 0x50
                0x0000000000000051                __I2CIFG = 0x51
                0x0000000000000052                __I2CNDAT = 0x52
                0x0000000000000071                __I2CTCTL = 0x71
                0x0000000000000072                __I2CDCTL = 0x72
                0x0000000000000073                __I2CPSC = 0x73
                0x0000000000000074                __I2CSCLH = 0x74
                0x0000000000000075                __I2CSCLL = 0x75
                0x0000000000000076                __I2CDRB = 0x76
                0x0000000000000076                __I2CDRW = 0x76
                0x0000000000000118                __I2COA = 0x118
                0x000000000000011a                __I2CSA = 0x11a
                0x000000000000011c                __I2CIV = 0x11c
                0x000000000000012e                __TAIV = 0x12e
                0x0000000000000160                __TACTL = 0x160
                0x0000000000000162                __TACCTL0 = 0x162
                0x0000000000000164                __TACCTL1 = 0x164
                0x0000000000000166                __TACCTL2 = 0x166
                0x0000000000000170                __TAR = 0x170
                0x0000000000000172                __TACCR0 = 0x172
                0x0000000000000174                __TACCR1 = 0x174
                0x0000000000000176                __TACCR2 = 0x176
                0x000000000000011e                __TBIV = 0x11e
                0x0000000000000180                __TBCTL = 0x180
                0x0000000000000182                __TBCCTL0 = 0x182
                0x0000000000000184                __TBCCTL1 = 0x184
                0x0000000000000186                __TBCCTL2 = 0x186
                0x0000000000000188                __TBCCTL3 = 0x188
                0x000000000000018a                __TBCCTL4 = 0x18a
                0x000000000000018c                __TBCCTL5 = 0x18c
                0x000000000000018e                __TBCCTL6 = 0x18e
                0x0000000000000190                __TBR = 0x190
                0x0000000000000192                __TBCCR0 = 0x192
                0x0000000000000194                __TBCCR1 = 0x194
                0x0000000000000196                __TBCCR2 = 0x196
                0x0000000000000198                __TBCCR3 = 0x198
                0x000000000000019a                __TBCCR4 = 0x19a
                0x000000000000019c                __TBCCR5 = 0x19c
                0x000000000000019e                __TBCCR6 = 0x19e
                0x0000000000000056                __DCOCTL = 0x56
                0x0000000000000057                __BCSCTL1 = 0x57
                0x0000000000000058                __BCSCTL2 = 0x58
                0x0000000000000055                __SVSCTL = 0x55
                0x0000000000000128                __FCTL1 = 0x128
                0x000000000000012a                __FCTL2 = 0x12a
                0x000000000000012c                __FCTL3 = 0x12c
                0x0000000000000059                __CACTL1 = 0x59
                0x000000000000005a                __CACTL2 = 0x5a
                0x000000000000005b                __CAPD = 0x5b
                0x00000000000001a0                __ADC12CTL0 = 0x1a0
                0x00000000000001a2                __ADC12CTL1 = 0x1a2
                0x00000000000001a4                __ADC12IFG = 0x1a4
                0x00000000000001a6                __ADC12IE = 0x1a6
                0x00000000000001a8                __ADC12IV = 0x1a8
                0x0000000000000140                __ADC12MEM0 = 0x140
                0x0000000000000142                __ADC12MEM1 = 0x142
                0x0000000000000144                __ADC12MEM2 = 0x144
                0x0000000000000146                __ADC12MEM3 = 0x146
                0x0000000000000148                __ADC12MEM4 = 0x148
                0x000000000000014a                __ADC12MEM5 = 0x14a
                0x000000000000014c                __ADC12MEM6 = 0x14c
                0x000000000000014e                __ADC12MEM7 = 0x14e
                0x0000000000000150                __ADC12MEM8 = 0x150
                0x0000000000000152                __ADC12MEM9 = 0x152
                0x0000000000000154                __ADC12MEM10 = 0x154
                0x0000000000000156                __ADC12MEM11 = 0x156
                0x0000000000000158                __ADC12MEM12 = 0x158
                0x000000000000015a                __ADC12MEM13 = 0x15a
                0x000000000000015c                __ADC12MEM14 = 0x15c
                0x000000000000015e                __ADC12MEM15 = 0x15e
                0x0000000000000080                __ADC12MCTL0 = 0x80
                0x0000000000000081                __ADC12MCTL1 = 0x81
                0x0000000000000082                __ADC12MCTL2 = 0x82
                0x0000000000000083                __ADC12MCTL3 = 0x83
                0x0000000000000084                __ADC12MCTL4 = 0x84
                0x0000000000000085                __ADC12MCTL5 = 0x85
                0x0000000000000086                __ADC12MCTL6 = 0x86
                0x0000000000000087                __ADC12MCTL7 = 0x87
                0x0000000000000088                __ADC12MCTL8 = 0x88
                0x0000000000000089                __ADC12MCTL9 = 0x89
                0x000000000000008a                __ADC12MCTL10 = 0x8a
                0x000000000000008b                __ADC12MCTL11 = 0x8b
                0x000000000000008c                __ADC12MCTL12 = 0x8c
                0x000000000000008d                __ADC12MCTL13 = 0x8d
                0x000000000000008e                __ADC12MCTL14 = 0x8e
                0x000000000000008f                __ADC12MCTL15 = 0x8f
                0x00000000000001c0                __DAC12_0CTL = 0x1c0
                0x00000000000001c2                __DAC12_1CTL = 0x1c2
                0x00000000000001c8                __DAC12_0DAT = 0x1c8
                0x00000000000001ca                __DAC12_1DAT = 0x1ca
                0x0000000000000122                __DMACTL0 = 0x122
                0x0000000000000124                __DMACTL1 = 0x124
                0x00000000000001e0                __DMA0CTL = 0x1e0
                0x00000000000001e8                __DMA1CTL = 0x1e8
                0x00000000000001f0                __DMA2CTL = 0x1f0
                0x00000000000001e2                __DMA0SA = 0x1e2
                0x00000000000001e4                __DMA0DA = 0x1e4
                0x00000000000001e6                __DMA0SZ = 0x1e6
                0x00000000000001ea                __DMA1SA = 0x1ea
                0x00000000000001ec                __DMA1DA = 0x1ec
                0x00000000000001ee                __DMA1SZ = 0x1ee
                0x00000000000001f2                __DMA2SA = 0x1f2
                0x00000000000001f4                __DMA2DA = 0x1f4
                0x00000000000001f6                __DMA2SZ = 0x1f6

.hash
 *(SORT(.hash))

.dynsym
 *(SORT(.dynsym))

.dynstr
 *(SORT(.dynstr))

.gnu.version
 *(SORT(.gnu.version))

.gnu.version_d
 *(SORT(.gnu.version_d))

.gnu.version_r
 *(SORT(.gnu.version_r))

.rel.init
 *(SORT(.rel.init))

.rela.init
 *(SORT(.rela.init))

.rel.fini
 *(SORT(.rel.fini))

.rela.fini
 *(SORT(.rela.fini))

.rel.text
 *(SORT(.rel.text) SORT(.rel.text.*) SORT(.rel.gnu.linkonce.t.*))

.rela.text
 *(SORT(.rela.text) SORT(.rela.text.*) SORT(.rela.gnu.linkonce.t.*))

.rel.rodata
 *(SORT(.rel.rodata) SORT(.rel.rodata.*) SORT(.rel.gnu.linkonce.r.*))

.rela.rodata
 *(SORT(.rela.rodata) SORT(.rela.rodata.*) SORT(.rela.gnu.linkonce.r.*))

.rel.data
 *(SORT(.rel.data) SORT(.rel.data.*) SORT(.rel.gnu.linkonce.d.*))

.rela.data
 *(SORT(.rela.data) SORT(.rela.data.*) SORT(.rela.gnu.linkonce.d.*))

.rel.bss
 *(SORT(.rel.bss) SORT(.rel.bss.*) SORT(.rel.gnu.linkonce.b.*))

.rela.bss
 *(SORT(.rela.bss) SORT(.rela.bss.*) SORT(.rela.gnu.linkonce.b.*))

.rel.ctors
 *(SORT(.rel.ctors))

.rela.ctors
 *(SORT(.rela.ctors))

.rel.dtors
 *(SORT(.rel.dtors))

.rela.dtors
 *(SORT(.rela.dtors))

.rel.got
 *(SORT(.rel.got))

.rela.got
 *(SORT(.rela.got))

.rel.plt
 *(SORT(.rel.plt))

.rela.plt
 *(SORT(.rela.plt))

.text           0x0000000000004000     0xb58a
                0x0000000000004000                . = ALIGN (0x2)
 *(SORT(.init) SORT(.init.*))
 *(SORT(.init0))
 .init0         0x0000000000004000        0x0 /opt/msp430/mspgcc-4.7.4/lib/gcc/msp430/4.7.4/mmpy-16/libcrt0.a(_reset_vector__.o)
                0x0000000000004000                _reset_vector__
 *(SORT(.init1))
 .init1         0x0000000000004000        0xc /opt/msp430/mspgcc-4.7.4/lib/gcc/msp430/4.7.4/mmpy-16/libcrt0.a(__watchdog_support.o)
                0x0000000000004000                __watchdog_support
 *(SORT(.init2))
 .init2         0x000000000000400c        0x4 /opt/msp430/mspgcc-4.7.4/lib/gcc/msp430/4.7.4/mmpy-16/libcrt0.a(__init_stack.o)
                0x000000000000400c                __init_stack
 *(SORT(.init3))
 .init3         0x0000000000004010        0x0 /opt/msp430/mspgcc-4.7.4/lib/gcc/msp430/4.7.4/mmpy-16/libcrt0.a(__low_level_init.o)
                0x0000000000004010                __low_level_init
 *(SORT(.init4))
 .init4         0x0000000000004010       0x18 /opt/msp430/mspgcc-4.7.4/lib/gcc/msp430/4.7.4/mmpy-16/libcrt0.a(_copy_data.o)
                0x0000000000004010                __do_copy_data
 .init4         0x0000000000004028       0x16 /opt/msp430/mspgcc-4.7.4/lib/gcc/msp430/4.7.4/mmpy-16/libcrt0.a(_clear_bss.o)
                0x0000000000004028                __do_clear_bss
 *(SORT(.init5))
 *(SORT(.init6))
 *(SORT(.init7))
 *(SORT(.init8))
 *(SORT(.init9))
 .init9         0x000000000000403e       0x90 build/sky/obj/contiki-main.o
                0x000000000000403e                main
 *(SORT(.fini9))
 .fini9         0x00000000000040ce        0x0 /opt/msp430/mspgcc-4.7.4/lib/gcc/msp430/4.7.4/mmpy-16/libcrt0.a(__stop_progExec__.o)
                0x00000000000040ce                __stop_progExec__
 *(SORT(.fini8))
 *(SORT(.fini7))
 *(SORT(.fini6))
 *(SORT(.fini5))
 *(SORT(.fini4))
 *(SORT(.fini3))
 *(SORT(.fini2))
 *(SORT(.fini1))
 *(SORT(.fini0))
 .fini0         0x00000000000040ce        0x6 /opt/msp430/mspgcc-4.7.4/lib/gcc/msp430/4.7.4/mmpy-16/libcrt0.a(_endless_loop__.o)
                0x00000000000040ce                _endless_loop__
 *(SORT(.fini) SORT(.fini.*))
                0x00000000000040d4                . = ALIGN (0x2)
                0x00000000000040d4                __ctors_start = .
 *(SORT(.ctors))
                0x00000000000040d4                __ctors_end = .
                0x00000000000040d4                __dtors_start = .
 *(SORT(.dtors))
                0x00000000000040d4                __dtors_end = .
                0x00000000000040d4                . = ALIGN (0x2)
 *(SORT(.text) SORT(.text.*) SORT(.gnu.linkonce.t.*))
 .text          0x00000000000040d4        0x4 /opt/msp430/mspgcc-4.7.4/lib/gcc/msp430/4.7.4/mmpy-16/crt0ivtbl16.o
                0x00000000000040d4                __isr_14
                0x00000000000040d4                __isr_11
                0x00000000000040d4                __isr_2
                0x00000000000040d4                __isr_7
                0x00000000000040d4                __isr_0
                0x00000000000040d4                __isr_8
                0x00000000000040d4                __isr_3
                0x00000000000040d4                __isr_13
                0x00000000000040d4                __isr_9
 .text.autostart_start
                0x00000000000040d8       0x16 build/sky/obj/autostart.o
                0x00000000000040d8                autostart_start
 .text.process_thread_border_router_process
                0x00000000000040ee      0x10a build/sky/obj/border-router-embedded.o
 .text.process_thread_contiki_ng_br
                0x00000000000041f8       0x3c build/sky/obj/border-router.o
 .text.status   0x0000000000004234       0x18 build/sky/obj/button-sensor.o
 .text.value    0x000000000000424c       0x1a build/sky/obj/button-sensor.o
 .text.configure
                0x0000000000004266       0x4c build/sky/obj/button-sensor.o
 .text.irq_p2   0x00000000000042b2       0x46 build/sky/obj/button-sensor.o
                0x00000000000042b2                irq_p2
                0x00000000000042b2                __isr_1
 .text.cc2420_timerb1_interrupt
                0x00000000000042f8       0x26 build/sky/obj/cc2420-arch-sfd.o
                0x00000000000042f8                cc2420_timerb1_interrupt
                0x00000000000042f8                __isr_12
 .text.cc2420_port1_interrupt
                0x000000000000431e       0x20 build/sky/obj/cc2420-arch.o
                0x000000000000431e                __isr_4
                0x000000000000431e                cc2420_port1_interrupt
 .text.cc2420_arch_init
                0x000000000000433e       0x1a build/sky/obj/cc2420-arch.o
                0x000000000000433e                cc2420_arch_init
 .text.get_object
                0x0000000000004358        0x4 build/sky/obj/cc2420.o
 .text.set_object
                0x000000000000435c        0x4 build/sky/obj/cc2420.o
 .text.strobe   0x0000000000004360       0x1c build/sky/obj/cc2420.o
 .text.getreg   0x000000000000437c       0x4c build/sky/obj/cc2420.o
 .text.setreg   0x00000000000043c8       0x4c build/sky/obj/cc2420.o
 .text.write_ram
                0x0000000000004414       0x7c build/sky/obj/cc2420.o
 .text.write_fifo_buf
                0x0000000000004490       0x3c build/sky/obj/cc2420.o
 .text.get_status
                0x00000000000044cc       0x20 build/sky/obj/cc2420.o
 .text.on       0x00000000000044ec       0x1a build/sky/obj/cc2420.o
 .text.cc2420_receiving_packet
                0x0000000000004506        0xc build/sky/obj/cc2420.o
 .text.pending_packet
                0x0000000000004512        0x8 build/sky/obj/cc2420.o
 .text.wait_for_transmission
                0x000000000000451a       0x22 build/sky/obj/cc2420.o
 .text.wait_for_status
                0x000000000000453c       0x28 build/sky/obj/cc2420.o
 .text.getrxdata
                0x0000000000004564       0x50 build/sky/obj/cc2420.o
 .text.flushrx  0x00000000000045b4       0x1a build/sky/obj/cc2420.o
 .text.off      0x00000000000045ce       0x28 build/sky/obj/cc2420.o
 .text.RELEASE_LOCK
                0x00000000000045f6       0x28 build/sky/obj/cc2420.o
 .text.set_key  0x000000000000461e       0x18 build/sky/obj/cc2420.o
 .text.set_frame_filtering
                0x0000000000004636       0x30 build/sky/obj/cc2420.o
 .text.set_auto_ack
                0x0000000000004666       0x30 build/sky/obj/cc2420.o
 .text.set_poll_mode
                0x0000000000004696       0x2c build/sky/obj/cc2420.o
 .text.cc2420_prepare
                0x00000000000046c2       0x46 build/sky/obj/cc2420.o
 .text.cc2420_on
                0x0000000000004708       0x22 build/sky/obj/cc2420.o
                0x0000000000004708                cc2420_on
 .text.cc2420_transmit
                0x000000000000472a       0x66 build/sky/obj/cc2420.o
 .text.cc2420_send
                0x0000000000004790       0x12 build/sky/obj/cc2420.o
 .text.cc2420_off
                0x00000000000047a2       0x30 build/sky/obj/cc2420.o
                0x00000000000047a2                cc2420_off
 .text.cc2420_cca
                0x00000000000047d2       0x68 build/sky/obj/cc2420.o
 .text.cc2420_read
                0x000000000000483a       0xbe build/sky/obj/cc2420.o
 .text.process_thread_cc2420_process
                0x00000000000048f8       0x56 build/sky/obj/cc2420.o
 .text.encrypt  0x000000000000494e       0x88 build/sky/obj/cc2420.o
 .text.cc2420_set_channel
                0x00000000000049d6       0x3c build/sky/obj/cc2420.o
                0x00000000000049d6                cc2420_set_channel
 .text.cc2420_set_pan_addr
                0x0000000000004a12       0x4c build/sky/obj/cc2420.o
                0x0000000000004a12                cc2420_set_pan_addr
 .text.cc2420_interrupt
                0x0000000000004a5e       0x16 build/sky/obj/cc2420.o
                0x0000000000004a5e                cc2420_interrupt
 .text.cc2420_set_txpower
                0x0000000000004a74       0x2c build/sky/obj/cc2420.o
                0x0000000000004a74                cc2420_set_txpower
 .text.cc2420_get_txpower
                0x0000000000004aa0       0x1e build/sky/obj/cc2420.o
                0x0000000000004aa0                cc2420_get_txpower
 .text.cc2420_rssi
                0x0000000000004abe       0x4c build/sky/obj/cc2420.o
                0x0000000000004abe                cc2420_rssi
 .text.get_value
                0x0000000000004b0a      0x11e build/sky/obj/cc2420.o
 .text.cc2420_set_cca_threshold
                0x0000000000004c28       0x16 build/sky/obj/cc2420.o
                0x0000000000004c28                cc2420_set_cca_threshold
 .text.set_value
                0x0000000000004c3e      0x150 build/sky/obj/cc2420.o
 .text.cc2420_init
                0x0000000000004d8e       0xea build/sky/obj/cc2420.o
                0x0000000000004d8e                cc2420_init
 .text.timera1  0x0000000000004e78       0xd8 build/sky/obj/clock.o
                0x0000000000004e78                __isr_5
                0x0000000000004e78                timera1
 .text.clock_time
                0x0000000000004f50       0x1a build/sky/obj/clock.o
                0x0000000000004f50                clock_time
 .text.clock_init
                0x0000000000004f6a       0x28 build/sky/obj/clock.o
                0x0000000000004f6a                clock_init
 .text.clock_delay
                0x0000000000004f92        0xc build/sky/obj/clock.o
                0x0000000000004f92                clock_delay
 .text.clock_seconds
                0x0000000000004f9e       0x1a build/sky/obj/clock.o
                0x0000000000004f9e                clock_seconds
 .text.schedule_transmission
                0x0000000000004fb8       0x74 build/sky/obj/csma-output.o
 .text.tx_done  0x000000000000502c       0x98 build/sky/obj/csma-output.o
 .text.transmit_from_queue
                0x00000000000050c4      0x1bc build/sky/obj/csma-output.o
 .text.csma_output_packet
                0x0000000000005280      0x146 build/sky/obj/csma-output.o
                0x0000000000005280                csma_output_packet
 .text.csma_output_init
                0x00000000000053c6       0x1a build/sky/obj/csma-output.o
                0x00000000000053c6                csma_output_init
 .text.on       0x00000000000053e0        0x6 build/sky/obj/csma.o
 .text.off      0x00000000000053e6        0x6 build/sky/obj/csma.o
 .text.max_payload
                0x00000000000053ec       0x38 build/sky/obj/csma.o
 .text.send_packet
                0x0000000000005424        0x6 build/sky/obj/csma.o
 .text.input_packet
                0x000000000000542a       0x58 build/sky/obj/csma.o
 .text.init     0x0000000000005482       0x20 build/sky/obj/csma.o
 .text.process_thread_ctimer_process
                0x00000000000054a2       0x9a build/sky/obj/ctimer.o
 .text.ctimer_init
                0x000000000000553c       0x10 build/sky/obj/ctimer.o
                0x000000000000553c                ctimer_init
 .text.ctimer_set_with_process
                0x000000000000554c       0x4e build/sky/obj/ctimer.o
                0x000000000000554c                ctimer_set_with_process
 .text.ctimer_reset
                0x000000000000559a       0x30 build/sky/obj/ctimer.o
                0x000000000000559a                ctimer_reset
 .text.ctimer_stop
                0x00000000000055ca       0x28 build/sky/obj/ctimer.o
                0x00000000000055ca                ctimer_stop
 .text.ctimer_expired
                0x00000000000055f2       0x20 build/sky/obj/ctimer.o
                0x00000000000055f2                ctimer_expired
 .text.owreadb  0x0000000000005612       0x50 build/sky/obj/ds2411.o
 .text.ds2411_init
                0x0000000000005662      0x120 build/sky/obj/ds2411.o
                0x0000000000005662                ds2411_init
 .text.update_time
                0x0000000000005782       0x78 build/sky/obj/etimer.o
 .text.etimer_request_poll
                0x00000000000057fa        0xa build/sky/obj/etimer.o
                0x00000000000057fa                etimer_request_poll
 .text.process_thread_etimer_process
                0x0000000000005804       0xcc build/sky/obj/etimer.o
 .text.add_timer
                0x00000000000058d0       0x40 build/sky/obj/etimer.o
 .text.etimer_set
                0x0000000000005910       0x12 build/sky/obj/etimer.o
                0x0000000000005910                etimer_set
 .text.etimer_reset
                0x0000000000005922       0x12 build/sky/obj/etimer.o
                0x0000000000005922                etimer_reset
 .text.etimer_restart
                0x0000000000005934       0x12 build/sky/obj/etimer.o
                0x0000000000005934                etimer_restart
 .text.etimer_pending
                0x0000000000005946        0xc build/sky/obj/etimer.o
                0x0000000000005946                etimer_pending
 .text.etimer_next_expiration_time
                0x0000000000005952       0x16 build/sky/obj/etimer.o
                0x0000000000005952                etimer_next_expiration_time
 .text.etimer_stop
                0x0000000000005968       0x3e build/sky/obj/etimer.o
                0x0000000000005968                etimer_stop
 .text.frame802154_get_pan_id
                0x00000000000059a6        0x6 build/sky/obj/frame802154.o
                0x00000000000059a6                frame802154_get_pan_id
 .text.frame802154_has_panid
                0x00000000000059ac       0xe8 build/sky/obj/frame802154.o
                0x00000000000059ac                frame802154_has_panid
 .text.field_len
                0x0000000000005a94       0xaa build/sky/obj/frame802154.o
 .text.frame802154_is_broadcast_addr
                0x0000000000005b3e       0x28 build/sky/obj/frame802154.o
                0x0000000000005b3e                frame802154_is_broadcast_addr
 .text.frame802154_hdrlen
                0x0000000000005b66       0x32 build/sky/obj/frame802154.o
                0x0000000000005b66                frame802154_hdrlen
 .text.frame802154_create_fcf
                0x0000000000005b98       0x96 build/sky/obj/frame802154.o
                0x0000000000005b98                frame802154_create_fcf
 .text.frame802154_create
                0x0000000000005c2e       0xd2 build/sky/obj/frame802154.o
                0x0000000000005c2e                frame802154_create
 .text.frame802154_parse_fcf
                0x0000000000005d00       0xbc build/sky/obj/frame802154.o
                0x0000000000005d00                frame802154_parse_fcf
 .text.frame802154_parse
                0x0000000000005dbc      0x168 build/sky/obj/frame802154.o
                0x0000000000005dbc                frame802154_parse
 .text.parse    0x0000000000005f24       0xa2 build/sky/obj/framer-802154.o
 .text.framer_802154_setup_params
                0x0000000000005fc6       0xb6 build/sky/obj/framer-802154.o
                0x0000000000005fc6                framer_802154_setup_params
 .text.create_frame
                0x000000000000607c       0xa2 build/sky/obj/framer-802154.o
 .text.create   0x000000000000611e        0x8 build/sky/obj/framer-802154.o
 .text.hdr_length
                0x0000000000006126        0x8 build/sky/obj/framer-802154.o
 .text.handle_input
                0x000000000000612e       0xee build/sky/obj/httpd-simple.o
 .text.send_headers
                0x000000000000621c       0x6a build/sky/obj/httpd-simple.o
 .text.handle_output
                0x0000000000006286       0xf8 build/sky/obj/httpd-simple.o
 .text.httpd_appcall
                0x000000000000637e       0xd0 build/sky/obj/httpd-simple.o
                0x000000000000637e                httpd_appcall
 .text.httpd_init
                0x000000000000644e       0x12 build/sky/obj/httpd-simple.o
                0x000000000000644e                httpd_init
 .text.leds_arch_init
                0x0000000000006460        0xe build/sky/obj/leds-arch.o
                0x0000000000006460                leds_arch_init
 .text.leds_arch_get
                0x000000000000646e       0x34 build/sky/obj/leds-arch.o
                0x000000000000646e                leds_arch_get
 .text.leds_arch_set
                0x00000000000064a2       0x3e build/sky/obj/leds-arch.o
                0x00000000000064a2                leds_arch_set
 .text.leds_init
                0x00000000000064e0        0x6 build/sky/obj/leds.o
                0x00000000000064e0                leds_init
 .text.leds_on  0x00000000000064e6       0x12 build/sky/obj/leds.o
                0x00000000000064e6                leds_on
 .text.leds_off
                0x00000000000064f8       0x12 build/sky/obj/leds.o
                0x00000000000064f8                leds_off
 .text.periodic
                0x000000000000650a       0x28 build/sky/obj/link-stats.o
 .text.link_stats_from_lladdr
                0x0000000000006532        0xc build/sky/obj/link-stats.o
                0x0000000000006532                link_stats_from_lladdr
 .text.link_stats_is_fresh
                0x000000000000653e       0x30 build/sky/obj/link-stats.o
                0x000000000000653e                link_stats_is_fresh
 .text.link_stats_packet_sent
                0x000000000000656e       0xf4 build/sky/obj/link-stats.o
                0x000000000000656e                link_stats_packet_sent
 .text.link_stats_input_callback
                0x0000000000006662      0x106 build/sky/obj/link-stats.o
                0x0000000000006662                link_stats_input_callback
 .text.link_stats_reset
                0x0000000000006768       0x2a build/sky/obj/link-stats.o
                0x0000000000006768                link_stats_reset
 .text.link_stats_init
                0x0000000000006792       0x26 build/sky/obj/link-stats.o
                0x0000000000006792                link_stats_init
 .text.linkaddr_copy
                0x00000000000067b8        0x8 build/sky/obj/linkaddr.o
                0x00000000000067b8                linkaddr_copy
 .text.linkaddr_cmp
                0x00000000000067c0       0x12 build/sky/obj/linkaddr.o
                0x00000000000067c0                linkaddr_cmp
 .text.list_tail
                0x00000000000067d2       0x12 build/sky/obj/list.o
                0x00000000000067d2                list_tail
 .text.list_remove
                0x00000000000067e4       0x34 build/sky/obj/list.o
                0x00000000000067e4                list_remove
 .text.list_push
                0x0000000000006818       0x1a build/sky/obj/list.o
                0x0000000000006818                list_push
 .text.list_add
                0x0000000000006832       0x2a build/sky/obj/list.o
                0x0000000000006832                list_add
 .text.list_length
                0x000000000000685c       0x10 build/sky/obj/list.o
                0x000000000000685c                list_length
 .text.list_contains
                0x000000000000686c       0x12 build/sky/obj/list.o
                0x000000000000686c                list_contains
 .text.log_6addr
                0x000000000000687e       0x32 build/sky/obj/log.o
                0x000000000000687e                log_6addr
 .text.mac_sequence_init
                0x00000000000068b0        0xa build/sky/obj/mac-sequence.o
                0x00000000000068b0                mac_sequence_init
 .text.mac_sequence_set_dsn
                0x00000000000068ba       0x18 build/sky/obj/mac-sequence.o
                0x00000000000068ba                mac_sequence_set_dsn
 .text.mac_sequence_is_duplicate
                0x00000000000068d2       0x84 build/sky/obj/mac-sequence.o
                0x00000000000068d2                mac_sequence_is_duplicate
 .text.mac_sequence_register_seqno
                0x0000000000006956       0x90 build/sky/obj/mac-sequence.o
                0x0000000000006956                mac_sequence_register_seqno
 .text.memb_init
                0x00000000000069e6       0x36 build/sky/obj/memb.o
                0x00000000000069e6                memb_init
 .text.memb_alloc
                0x0000000000006a1c       0x3e build/sky/obj/memb.o
                0x0000000000006a1c                memb_alloc
 .text.memb_free
                0x0000000000006a5a       0x32 build/sky/obj/memb.o
                0x0000000000006a5a                memb_free
 .text.memb_inmemb
                0x0000000000006a8c       0x2a build/sky/obj/memb.o
                0x0000000000006a8c                memb_inmemb
 .text.memb_numfree
                0x0000000000006ab6       0x26 build/sky/obj/memb.o
                0x0000000000006ab6                memb_numfree
 .text.msp430_init_dco
                0x0000000000006adc       0x82 build/sky/obj/msp430.o
                0x0000000000006adc                msp430_init_dco
 .text.msp430_add_lpm_req
                0x0000000000006b5e        0xc build/sky/obj/msp430.o
                0x0000000000006b5e                msp430_add_lpm_req
 .text.msp430_cpu_init
                0x0000000000006b6a       0x2a build/sky/obj/msp430.o
                0x0000000000006b6a                msp430_cpu_init
 .text.splhigh_
                0x0000000000006b94        0xa build/sky/obj/msp430.o
                0x0000000000006b94                splhigh_
 .text.msp430_sync_dco
                0x0000000000006b9e       0x6c build/sky/obj/msp430.o
                0x0000000000006b9e                msp430_sync_dco
 .text.item_from_index
                0x0000000000006c0a       0x2a build/sky/obj/nbr-table.o
 .text.index_from_key
                0x0000000000006c34       0x26 build/sky/obj/nbr-table.o
 .text.index_from_item
                0x0000000000006c5a       0x1e build/sky/obj/nbr-table.o
 .text.nbr_set_bit
                0x0000000000006c78       0x54 build/sky/obj/nbr-table.o
 .text.index_from_lladdr
                0x0000000000006ccc       0x38 build/sky/obj/nbr-table.o
 .text.nbr_get_bit.constprop.3
                0x0000000000006d04       0x2a build/sky/obj/nbr-table.o
 .text.remove_key
                0x0000000000006d2e       0x84 build/sky/obj/nbr-table.o
 .text.nbr_table_is_registered
                0x0000000000006db2       0x22 build/sky/obj/nbr-table.o
                0x0000000000006db2                nbr_table_is_registered
 .text.nbr_table_register
                0x0000000000006dd4       0x40 build/sky/obj/nbr-table.o
                0x0000000000006dd4                nbr_table_register
 .text.nbr_table_next
                0x0000000000006e14       0x5a build/sky/obj/nbr-table.o
                0x0000000000006e14                nbr_table_next
 .text.nbr_table_head
                0x0000000000006e6e       0x36 build/sky/obj/nbr-table.o
                0x0000000000006e6e                nbr_table_head
 .text.nbr_table_get_from_lladdr
                0x0000000000006ea4       0x2c build/sky/obj/nbr-table.o
                0x0000000000006ea4                nbr_table_get_from_lladdr
 .text.entry_is_allowed.isra.2
                0x0000000000006ed0       0x74 build/sky/obj/nbr-table.o
 .text.nbr_table_add_lladdr
                0x0000000000006f44       0xc2 build/sky/obj/nbr-table.o
                0x0000000000006f44                nbr_table_add_lladdr
 .text.nbr_table_remove
                0x0000000000007006       0x32 build/sky/obj/nbr-table.o
                0x0000000000007006                nbr_table_remove
 .text.nbr_table_lock
                0x0000000000007038       0x10 build/sky/obj/nbr-table.o
                0x0000000000007038                nbr_table_lock
 .text.nbr_table_unlock
                0x0000000000007048       0x10 build/sky/obj/nbr-table.o
                0x0000000000007048                nbr_table_unlock
 .text.nbr_table_get_lladdr
                0x0000000000007058       0x22 build/sky/obj/nbr-table.o
                0x0000000000007058                nbr_table_get_lladdr
 .text.netstack_process_ip_callback
                0x000000000000707a       0x48 build/sky/obj/netstack.o
                0x000000000000707a                netstack_process_ip_callback
 .text.packetbuf_hdrreduce
                0x00000000000070c2       0x1a build/sky/obj/packetbuf.o
                0x00000000000070c2                packetbuf_hdrreduce
 .text.packetbuf_set_datalen
                0x00000000000070dc        0x6 build/sky/obj/packetbuf.o
                0x00000000000070dc                packetbuf_set_datalen
 .text.packetbuf_hdrptr
                0x00000000000070e2        0x6 build/sky/obj/packetbuf.o
                0x00000000000070e2                packetbuf_hdrptr
 .text.packetbuf_datalen
                0x00000000000070e8        0x6 build/sky/obj/packetbuf.o
                0x00000000000070e8                packetbuf_datalen
 .text.packetbuf_hdrlen
                0x00000000000070ee        0xa build/sky/obj/packetbuf.o
                0x00000000000070ee                packetbuf_hdrlen
 .text.packetbuf_dataptr
                0x00000000000070f8        0xc build/sky/obj/packetbuf.o
                0x00000000000070f8                packetbuf_dataptr
 .text.packetbuf_copyto
                0x0000000000007104       0x46 build/sky/obj/packetbuf.o
                0x0000000000007104                packetbuf_copyto
 .text.packetbuf_totlen
                0x000000000000714a        0xc build/sky/obj/packetbuf.o
                0x000000000000714a                packetbuf_totlen
 .text.packetbuf_hdralloc
                0x0000000000007156       0x3c build/sky/obj/packetbuf.o
                0x0000000000007156                packetbuf_hdralloc
 .text.packetbuf_attr_clear
                0x0000000000007192       0x28 build/sky/obj/packetbuf.o
                0x0000000000007192                packetbuf_attr_clear
 .text.packetbuf_clear
                0x00000000000071ba       0x12 build/sky/obj/packetbuf.o
                0x00000000000071ba                packetbuf_clear
 .text.packetbuf_copyfrom
                0x00000000000071cc       0x2e build/sky/obj/packetbuf.o
                0x00000000000071cc                packetbuf_copyfrom
 .text.packetbuf_attr_copyto
                0x00000000000071fa       0x22 build/sky/obj/packetbuf.o
                0x00000000000071fa                packetbuf_attr_copyto
 .text.packetbuf_attr_copyfrom
                0x000000000000721c       0x24 build/sky/obj/packetbuf.o
                0x000000000000721c                packetbuf_attr_copyfrom
 .text.packetbuf_set_attr
                0x0000000000007240        0xa build/sky/obj/packetbuf.o
                0x0000000000007240                packetbuf_set_attr
 .text.packetbuf_attr
                0x000000000000724a        0xa build/sky/obj/packetbuf.o
                0x000000000000724a                packetbuf_attr
 .text.packetbuf_set_addr
                0x0000000000007254       0x16 build/sky/obj/packetbuf.o
                0x0000000000007254                packetbuf_set_addr
 .text.packetbuf_addr
                0x000000000000726a       0x12 build/sky/obj/packetbuf.o
                0x000000000000726a                packetbuf_addr
 .text.packetbuf_holds_broadcast
                0x000000000000727c        0xe build/sky/obj/packetbuf.o
                0x000000000000727c                packetbuf_holds_broadcast
 .text.platform_init_stage_one
                0x000000000000728a       0x12 build/sky/obj/platform.o
                0x000000000000728a                platform_init_stage_one
 .text.platform_init_stage_two
                0x000000000000729c       0x68 build/sky/obj/platform.o
                0x000000000000729c                platform_init_stage_two
 .text.platform_init_stage_three
                0x0000000000007304       0x5a build/sky/obj/platform.o
                0x0000000000007304                platform_init_stage_three
 .text.platform_idle
                0x000000000000735e       0x54 build/sky/obj/platform.o
                0x000000000000735e                platform_idle
 .text.call_process
                0x00000000000073b2       0x46 build/sky/obj/process.o
 .text.exit_process
                0x00000000000073f8       0x98 build/sky/obj/process.o
 .text.do_poll  0x0000000000007490       0x30 build/sky/obj/process.o
 .text.process_alloc_event
                0x00000000000074c0       0x18 build/sky/obj/process.o
                0x00000000000074c0                process_alloc_event
 .text.process_init
                0x00000000000074d8        0x8 build/sky/obj/process.o
                0x00000000000074d8                process_init
 .text.process_run
                0x00000000000074e0       0x8c build/sky/obj/process.o
                0x00000000000074e0                process_run
 .text.process_nevents
                0x000000000000756c        0xa build/sky/obj/process.o
                0x000000000000756c                process_nevents
 .text.process_post
                0x0000000000007576       0x42 build/sky/obj/process.o
                0x0000000000007576                process_post
 .text.process_post_synch
                0x00000000000075b8       0x12 build/sky/obj/process.o
                0x00000000000075b8                process_post_synch
 .text.process_start
                0x00000000000075ca       0x36 build/sky/obj/process.o
                0x00000000000075ca                process_start
 .text.process_poll
                0x0000000000007600       0x18 build/sky/obj/process.o
                0x0000000000007600                process_poll
 .text.psock_send
                0x0000000000007618       0xae build/sky/obj/psock.o
                0x0000000000007618                psock_send
 .text.psock_datalen
                0x00000000000076c6        0xc build/sky/obj/psock.o
                0x00000000000076c6                psock_datalen
 .text.psock_newdata
                0x00000000000076d2       0x26 build/sky/obj/psock.o
                0x00000000000076d2                psock_newdata
 .text.psock_readto
                0x00000000000076f8       0xba build/sky/obj/psock.o
                0x00000000000076f8                psock_readto
 .text.psock_init
                0x00000000000077b2       0x22 build/sky/obj/psock.o
                0x00000000000077b2                psock_init
 .text.queuebuf_init
                0x00000000000077d4       0x12 build/sky/obj/queuebuf.o
                0x00000000000077d4                queuebuf_init
 .text.queuebuf_new_from_packetbuf
                0x00000000000077e6       0x52 build/sky/obj/queuebuf.o
                0x00000000000077e6                queuebuf_new_from_packetbuf
 .text.queuebuf_update_attr_from_packetbuf
                0x0000000000007838       0x12 build/sky/obj/queuebuf.o
                0x0000000000007838                queuebuf_update_attr_from_packetbuf
 .text.queuebuf_free
                0x000000000000784a       0x2a build/sky/obj/queuebuf.o
                0x000000000000784a                queuebuf_free
 .text.queuebuf_to_packetbuf
                0x0000000000007874       0x32 build/sky/obj/queuebuf.o
                0x0000000000007874                queuebuf_to_packetbuf
 .text.random_init
                0x00000000000078a6        0x6 build/sky/obj/random.o
                0x00000000000078a6                random_init
 .text.random_rand
                0x00000000000078ac        0x6 build/sky/obj/random.o
                0x00000000000078ac                random_rand
 .text.print_local_addresses
                0x00000000000078b2       0x8e build/sky/obj/rpl-border-router.o
                0x00000000000078b2                print_local_addresses
 .text.set_prefix_64
                0x0000000000007940       0x16 build/sky/obj/rpl-border-router.o
                0x0000000000007940                set_prefix_64
 .text.rpl_border_router_init
                0x0000000000007956        0xc build/sky/obj/rpl-border-router.o
                0x0000000000007956                rpl_border_router_init
 .text.rpl_dag_root_set_prefix
                0x0000000000007962       0x62 build/sky/obj/rpl-dag-root.o
                0x0000000000007962                rpl_dag_root_set_prefix
 .text.rpl_dag_root_start
                0x00000000000079c4       0x8e build/sky/obj/rpl-dag-root.o
                0x00000000000079c4                rpl_dag_root_start
 .text.rpl_dag_root_is_root
                0x0000000000007a52       0x14 build/sky/obj/rpl-dag-root.o
                0x0000000000007a52                rpl_dag_root_is_root
 .text.init_dag
                0x0000000000007a66       0x84 build/sky/obj/rpl-dag.o
 .text.process_dio_init_dag
                0x0000000000007aea       0xb0 build/sky/obj/rpl-dag.o
 .text.rpl_dag_get_root_ipaddr
                0x0000000000007b9a       0x1e build/sky/obj/rpl-dag.o
                0x0000000000007b9a                rpl_dag_get_root_ipaddr
 .text.rpl_dag_leave
                0x0000000000007bb8       0x4a build/sky/obj/rpl-dag.o
                0x0000000000007bb8                rpl_dag_leave
 .text.rpl_dag_poison_and_leave
                0x0000000000007c02        0xc build/sky/obj/rpl-dag.o
                0x0000000000007c02                rpl_dag_poison_and_leave
 .text.rpl_dag_periodic
                0x0000000000007c0e       0x6a build/sky/obj/rpl-dag.o
                0x0000000000007c0e                rpl_dag_periodic
 .text.rpl_is_addr_in_our_dag
                0x0000000000007c78       0x34 build/sky/obj/rpl-dag.o
                0x0000000000007c78                rpl_is_addr_in_our_dag
 .text.rpl_local_repair
                0x0000000000007cac       0x2a build/sky/obj/rpl-dag.o
                0x0000000000007cac                rpl_local_repair
 .text.rpl_global_repair
                0x0000000000007cd6       0x2e build/sky/obj/rpl-dag.o
                0x0000000000007cd6                rpl_global_repair
 .text.rpl_dag_ready_to_advertise
                0x0000000000007d04       0x22 build/sky/obj/rpl-dag.o
                0x0000000000007d04                rpl_dag_ready_to_advertise
 .text.rpl_dag_update_state
                0x0000000000007d26      0x144 build/sky/obj/rpl-dag.o
                0x0000000000007d26                rpl_dag_update_state
 .text.rpl_process_dio
                0x0000000000007e6a      0x1b6 build/sky/obj/rpl-dag.o
                0x0000000000007e6a                rpl_process_dio
 .text.rpl_process_dis
                0x0000000000008020       0x2a build/sky/obj/rpl-dag.o
                0x0000000000008020                rpl_process_dis
 .text.rpl_process_dao
                0x000000000000804a       0x6c build/sky/obj/rpl-dag.o
                0x000000000000804a                rpl_process_dao
 .text.rpl_process_dao_ack
                0x00000000000080b6       0x54 build/sky/obj/rpl-dag.o
                0x00000000000080b6                rpl_process_dao_ack
 .text.rpl_process_hbh
                0x000000000000810a       0x2e build/sky/obj/rpl-dag.o
                0x000000000000810a                rpl_process_hbh
 .text.rpl_dag_init_root
                0x0000000000008138       0xbc build/sky/obj/rpl-dag.o
                0x0000000000008138                rpl_dag_init_root
 .text.rpl_dag_init
                0x00000000000081f4       0x10 build/sky/obj/rpl-dag.o
                0x00000000000081f4                rpl_dag_init
 .text.update_hbh_header
                0x0000000000008204       0x4a build/sky/obj/rpl-ext-header.o
 .text.rpl_ext_header_srh_get_next_hop
                0x000000000000824e       0x84 build/sky/obj/rpl-ext-header.o
                0x000000000000824e                rpl_ext_header_srh_get_next_hop
 .text.rpl_ext_header_srh_update
                0x00000000000082d2      0x250 build/sky/obj/rpl-ext-header.o
                0x00000000000082d2                rpl_ext_header_srh_update
 .text.rpl_ext_header_hbh_update
                0x0000000000008522       0xa4 build/sky/obj/rpl-ext-header.o
                0x0000000000008522                rpl_ext_header_hbh_update
 .text.rpl_ext_header_remove
                0x00000000000085c6       0xcc build/sky/obj/rpl-ext-header.o
                0x00000000000085c6                rpl_ext_header_remove
 .text.rpl_ext_header_update
                0x0000000000008692      0x2aa build/sky/obj/rpl-ext-header.o
                0x0000000000008692                rpl_ext_header_update
 .text.get32    0x000000000000893c       0x46 build/sky/obj/rpl-icmp6.o
 .text.set32    0x0000000000008982       0x2a build/sky/obj/rpl-icmp6.o
 .text.get16    0x00000000000089ac        0xe build/sky/obj/rpl-icmp6.o
 .text.set16    0x00000000000089ba       0x10 build/sky/obj/rpl-icmp6.o
 .text.dao_ack_input
                0x00000000000089ca       0x30 build/sky/obj/rpl-icmp6.o
 .text.dao_input
                0x00000000000089fa      0x16c build/sky/obj/rpl-icmp6.o
 .text.dio_input
                0x0000000000008b66      0x2ba build/sky/obj/rpl-icmp6.o
 .text.dis_input
                0x0000000000008e20       0x1e build/sky/obj/rpl-icmp6.o
 .text.rpl_icmp6_update_nbr_table
                0x0000000000008e3e       0x36 build/sky/obj/rpl-icmp6.o
                0x0000000000008e3e                rpl_icmp6_update_nbr_table
 .text.rpl_icmp6_dis_output
                0x0000000000008e74       0x34 build/sky/obj/rpl-icmp6.o
                0x0000000000008e74                rpl_icmp6_dis_output
 .text.rpl_icmp6_dio_output
                0x0000000000008ea8      0x230 build/sky/obj/rpl-icmp6.o
                0x0000000000008ea8                rpl_icmp6_dio_output
 .text.rpl_icmp6_dao_output
                0x00000000000090d8       0xe2 build/sky/obj/rpl-icmp6.o
                0x00000000000090d8                rpl_icmp6_dao_output
 .text.rpl_icmp6_dao_ack_output
                0x00000000000091ba       0x4e build/sky/obj/rpl-icmp6.o
                0x00000000000091ba                rpl_icmp6_dao_ack_output
 .text.rpl_icmp6_init
                0x0000000000009208       0x22 build/sky/obj/rpl-icmp6.o
                0x0000000000009208                rpl_icmp6_init
 .text.reset    0x000000000000922a        0x2 build/sky/obj/rpl-mrhof.o
 .text.update_metric_container
                0x000000000000922c        0x6 build/sky/obj/rpl-mrhof.o
 .text.nbr_link_metric
                0x0000000000009232       0x12 build/sky/obj/rpl-mrhof.o
 .text.nbr_has_usable_link
                0x0000000000009244       0x14 build/sky/obj/rpl-mrhof.o
 .text.nbr_path_cost
                0x0000000000009258       0x38 build/sky/obj/rpl-mrhof.o
 .text.within_hysteresis
                0x0000000000009290       0x54 build/sky/obj/rpl-mrhof.o
 .text.nbr_is_acceptable_parent
                0x00000000000092e4       0x2c build/sky/obj/rpl-mrhof.o
 .text.rank_via_nbr
                0x0000000000009310       0x48 build/sky/obj/rpl-mrhof.o
 .text.best_parent
                0x0000000000009358       0x7c build/sky/obj/rpl-mrhof.o
 .text.get_rank
                0x00000000000093d4       0x16 build/sky/obj/rpl-nbr-policy.o
 .text.rpl_nbr_gc_get_worst
                0x00000000000093ea       0x28 build/sky/obj/rpl-nbr-policy.o
                0x00000000000093ea                rpl_nbr_gc_get_worst
 .text.remove_neighbor
                0x0000000000009412       0x24 build/sky/obj/rpl-neighbor.o
 .text.rpl_neighbor_get_from_lladdr
                0x0000000000009436        0xc build/sky/obj/rpl-neighbor.o
                0x0000000000009436                rpl_neighbor_get_from_lladdr
 .text.rpl_neighbor_rank_via_nbr
                0x0000000000009442       0x18 build/sky/obj/rpl-neighbor.o
                0x0000000000009442                rpl_neighbor_rank_via_nbr
 .text.rpl_neighbor_get_lladdr
                0x000000000000945a        0xc build/sky/obj/rpl-neighbor.o
                0x000000000000945a                rpl_neighbor_get_lladdr
 .text.rpl_neighbor_get_ipaddr
                0x0000000000009466        0xa build/sky/obj/rpl-neighbor.o
                0x0000000000009466                rpl_neighbor_get_ipaddr
 .text.rpl_neighbor_get_link_stats
                0x0000000000009470        0xa build/sky/obj/rpl-neighbor.o
                0x0000000000009470                rpl_neighbor_get_link_stats
 .text.rpl_neighbor_is_fresh
                0x000000000000947a        0xa build/sky/obj/rpl-neighbor.o
                0x000000000000947a                rpl_neighbor_is_fresh
 .text.best_parent
                0x0000000000009484       0xb4 build/sky/obj/rpl-neighbor.o
 .text.rpl_neighbor_set_preferred_parent
                0x0000000000009538       0x48 build/sky/obj/rpl-neighbor.o
                0x0000000000009538                rpl_neighbor_set_preferred_parent
 .text.rpl_neighbor_remove_all
                0x0000000000009580       0x30 build/sky/obj/rpl-neighbor.o
                0x0000000000009580                rpl_neighbor_remove_all
 .text.rpl_neighbor_get_from_ipaddr
                0x00000000000095b0       0x14 build/sky/obj/rpl-neighbor.o
                0x00000000000095b0                rpl_neighbor_get_from_ipaddr
 .text.rpl_neighbor_select_best
                0x00000000000095c4       0x54 build/sky/obj/rpl-neighbor.o
                0x00000000000095c4                rpl_neighbor_select_best
 .text.rpl_neighbor_init
                0x0000000000009618        0xe build/sky/obj/rpl-neighbor.o
                0x0000000000009618                rpl_neighbor_init
 .text.handle_state_update
                0x0000000000009626        0x6 build/sky/obj/rpl-timers.o
 .text.handle_leaving_timer
                0x000000000000962c        0xc build/sky/obj/rpl-timers.o
 .text.handle_unicast_dio_timer
                0x0000000000009638       0x12 build/sky/obj/rpl-timers.o
 .text.handle_dao_ack_timer
                0x000000000000964a       0x12 build/sky/obj/rpl-timers.o
 .text.ctimer_set.constprop.3
                0x000000000000965c        0xe build/sky/obj/rpl-timers.o
 .text.new_dio_interval
                0x000000000000966a       0x86 build/sky/obj/rpl-timers.o
 .text.handle_dio_timer
                0x00000000000096f0       0x6a build/sky/obj/rpl-timers.o
 .text.schedule_dao_retransmission
                0x000000000000975a       0x30 build/sky/obj/rpl-timers.o
 .text.send_new_dao
                0x000000000000978a       0x28 build/sky/obj/rpl-timers.o
 .text.resend_dao
                0x00000000000097b2       0x24 build/sky/obj/rpl-timers.o
 .text.rpl_timers_schedule_periodic_dis
                0x00000000000097d6       0x3c build/sky/obj/rpl-timers.o
                0x00000000000097d6                rpl_timers_schedule_periodic_dis
 .text.handle_periodic_timer
                0x0000000000009812       0x3a build/sky/obj/rpl-timers.o
 .text.handle_dis_timer
                0x000000000000984c       0x26 build/sky/obj/rpl-timers.o
 .text.rpl_timers_dio_reset
                0x0000000000009872       0x2e build/sky/obj/rpl-timers.o
                0x0000000000009872                rpl_timers_dio_reset
 .text.rpl_timers_schedule_unicast_dio
                0x00000000000098a0       0x1c build/sky/obj/rpl-timers.o
                0x00000000000098a0                rpl_timers_schedule_unicast_dio
 .text.rpl_timers_schedule_dao
                0x00000000000098bc       0x38 build/sky/obj/rpl-timers.o
                0x00000000000098bc                rpl_timers_schedule_dao
 .text.rpl_timers_schedule_dao_ack
                0x00000000000098f4       0x30 build/sky/obj/rpl-timers.o
                0x00000000000098f4                rpl_timers_schedule_dao_ack
 .text.rpl_timers_notify_dao_ack
                0x0000000000009924       0x7e build/sky/obj/rpl-timers.o
                0x0000000000009924                rpl_timers_notify_dao_ack
 .text.get_probing_delay
                0x00000000000099a2       0x1c build/sky/obj/rpl-timers.o
                0x00000000000099a2                get_probing_delay
 .text.get_probing_target
                0x00000000000099be       0xee build/sky/obj/rpl-timers.o
                0x00000000000099be                get_probing_target
 .text.rpl_schedule_probing
                0x0000000000009aac       0x1c build/sky/obj/rpl-timers.o
                0x0000000000009aac                rpl_schedule_probing
 .text.handle_probing_timer
                0x0000000000009ac8       0x2a build/sky/obj/rpl-timers.o
 .text.rpl_schedule_probing_now
                0x0000000000009af2       0x20 build/sky/obj/rpl-timers.o
                0x0000000000009af2                rpl_schedule_probing_now
 .text.rpl_timers_unschedule_leaving
                0x0000000000009b12       0x1c build/sky/obj/rpl-timers.o
                0x0000000000009b12                rpl_timers_unschedule_leaving
 .text.rpl_timers_schedule_leaving
                0x0000000000009b2e       0x26 build/sky/obj/rpl-timers.o
                0x0000000000009b2e                rpl_timers_schedule_leaving
 .text.rpl_timers_init
                0x0000000000009b54       0x18 build/sky/obj/rpl-timers.o
                0x0000000000009b54                rpl_timers_init
 .text.rpl_timers_stop_dag_timers
                0x0000000000009b6c       0x4c build/sky/obj/rpl-timers.o
                0x0000000000009b6c                rpl_timers_stop_dag_timers
 .text.rpl_timers_schedule_state_update
                0x0000000000009bb8       0x18 build/sky/obj/rpl-timers.o
                0x0000000000009bb8                rpl_timers_schedule_state_update
 .text.rpl_has_joined
                0x0000000000009bd0       0x12 build/sky/obj/rpl.o
                0x0000000000009bd0                rpl_has_joined
 .text.rpl_is_reachable
                0x0000000000009be2       0x12 build/sky/obj/rpl.o
                0x0000000000009be2                rpl_is_reachable
 .text.neighbor_state_changed
                0x0000000000009bf4        0x2 build/sky/obj/rpl.o
 .text.drop_route
                0x0000000000009bf6        0x2 build/sky/obj/rpl.o
 .text.rpl_get_leaf_only
                0x0000000000009bf8        0x6 build/sky/obj/rpl.o
                0x0000000000009bf8                rpl_get_leaf_only
 .text.get_sr_node_ipaddr
                0x0000000000009bfe       0x34 build/sky/obj/rpl.o
 .text.init     0x0000000000009c32       0x42 build/sky/obj/rpl.o
 .text.set_ip_from_prefix
                0x0000000000009c74       0x38 build/sky/obj/rpl.o
 .text.rpl_link_callback
                0x0000000000009cac       0x1e build/sky/obj/rpl.o
                0x0000000000009cac                rpl_link_callback
 .text.rpl_lollipop_greater_than
                0x0000000000009cca       0x40 build/sky/obj/rpl.o
                0x0000000000009cca                rpl_lollipop_greater_than
 .text.rpl_get_global_address
                0x0000000000009d0a       0xbe build/sky/obj/rpl.o
                0x0000000000009d0a                rpl_get_global_address
 .text.rpl_reset_prefix
                0x0000000000009dc8       0x24 build/sky/obj/rpl.o
                0x0000000000009dc8                rpl_reset_prefix
 .text.rpl_set_prefix_from_addr
                0x0000000000009dec       0x92 build/sky/obj/rpl.o
                0x0000000000009dec                rpl_set_prefix_from_addr
 .text.timera0  0x0000000000009e7e       0x2c build/sky/obj/rtimer-arch.o
                0x0000000000009e7e                __isr_6
                0x0000000000009e7e                timera0
 .text.rtimer_arch_init
                0x0000000000009eaa        0xe build/sky/obj/rtimer-arch.o
                0x0000000000009eaa                rtimer_arch_init
 .text.rtimer_arch_now
                0x0000000000009eb8        0xe build/sky/obj/rtimer-arch.o
                0x0000000000009eb8                rtimer_arch_now
 .text.rtimer_run_next
                0x0000000000009ec6       0x18 build/sky/obj/rtimer.o
                0x0000000000009ec6                rtimer_run_next
 .text.process_thread_sensors_process
                0x0000000000009ede       0xc2 build/sky/obj/sensors.o
 .text.sensors_changed
                0x0000000000009fa0       0x2a build/sky/obj/sensors.o
                0x0000000000009fa0                sensors_changed
 .text.addr_context_lookup_by_number
                0x0000000000009fca       0x16 build/sky/obj/sicslowpan.o
 .text.sicslowpan_init
                0x0000000000009fe0       0x18 build/sky/obj/sicslowpan.o
                0x0000000000009fe0                sicslowpan_init
 .text.set_packet_attrs
                0x0000000000009ff8       0x66 build/sky/obj/sicslowpan.o
 .text.compress_addr_64
                0x000000000000a05e       0xae build/sky/obj/sicslowpan.o
 .text.addr_context_lookup_by_prefix
                0x000000000000a10c       0x20 build/sky/obj/sicslowpan.o
 .text.packet_sent
                0x000000000000a12c       0x56 build/sky/obj/sicslowpan.o
 .text.uncompress_addr
                0x000000000000a182       0xce build/sky/obj/sicslowpan.o
 .text.output   0x000000000000a250      0x692 build/sky/obj/sicslowpan.o
 .text.input    0x000000000000a8e2      0x730 build/sky/obj/sicslowpan.o
 .text.output   0x000000000000b012       0x1c build/sky/obj/slip-bridge.o
 .text.init     0x000000000000b02e       0x18 build/sky/obj/slip-bridge.o
 .text.slip_input_callback
                0x000000000000b046       0xb2 build/sky/obj/slip-bridge.o
 .text.request_prefix
                0x000000000000b0f8       0x20 build/sky/obj/slip-bridge.o
                0x000000000000b0f8                request_prefix
 .text.process_thread_slip_process
                0x000000000000b118      0x1be build/sky/obj/slip.o
 .text.slip_set_input_callback
                0x000000000000b2d6        0x6 build/sky/obj/slip.o
                0x000000000000b2d6                slip_set_input_callback
 .text.slip_write
                0x000000000000b2dc       0x58 build/sky/obj/slip.o
                0x000000000000b2dc                slip_write
 .text.slip_send
                0x000000000000b334        0xe build/sky/obj/slip.o
                0x000000000000b334                slip_send
 .text.slip_input_byte
                0x000000000000b342       0x96 build/sky/obj/slip.o
                0x000000000000b342                slip_input_byte
 .text.slip_arch_writeb
                0x000000000000b3d8        0x6 build/sky/obj/slip_uart1.o
                0x000000000000b3d8                slip_arch_writeb
 .text.slip_arch_init
                0x000000000000b3de        0xa build/sky/obj/slip_uart1.o
                0x000000000000b3de                slip_arch_init
 .text.spi_init
                0x000000000000b3e8       0x30 build/sky/obj/spi-legacy.o
                0x000000000000b3e8                spi_init
 .text.stack_check_init
                0x000000000000b418       0x2e build/sky/obj/stack-check.o
                0x000000000000b418                stack_check_init
 .text.stack_check_get_usage
                0x000000000000b446       0x46 build/sky/obj/stack-check.o
                0x000000000000b446                stack_check_get_usage
 .text.process_thread_stack_check_process
                0x000000000000b48c       0x90 build/sky/obj/stack-check.o
 .text.stimer_expired
                0x000000000000b51c       0x30 build/sky/obj/stimer.o
                0x000000000000b51c                stimer_expired
 .text.start_periodic_tcp_timer
                0x000000000000b54c       0x10 build/sky/obj/tcpip.o
 .text.tcpip_output
                0x000000000000b55c       0x22 build/sky/obj/tcpip.o
                0x000000000000b55c                tcpip_output
 .text.tcp_listen
                0x000000000000b57e       0x24 build/sky/obj/tcpip.o
                0x000000000000b57e                tcp_listen
 .text.tcp_attach
                0x000000000000b5a2        0xc build/sky/obj/tcpip.o
                0x000000000000b5a2                tcp_attach
 .text.tcpip_input
                0x000000000000b5ae       0x1e build/sky/obj/tcpip.o
                0x000000000000b5ae                tcpip_input
 .text.tcpip_ipv6_output
                0x000000000000b5cc      0x13c build/sky/obj/tcpip.o
                0x000000000000b5cc                tcpip_ipv6_output
 .text.packet_input.part.3
                0x000000000000b708       0x34 build/sky/obj/tcpip.o
 .text.process_thread_tcpip_process
                0x000000000000b73c      0x18c build/sky/obj/tcpip.o
 .text.tcpip_uipcall
                0x000000000000b8c8       0x62 build/sky/obj/tcpip.o
                0x000000000000b8c8                tcpip_uipcall
 .text.timer_set
                0x000000000000b92a       0x1c build/sky/obj/timer.o
                0x000000000000b92a                timer_set
 .text.timer_restart
                0x000000000000b946       0x14 build/sky/obj/timer.o
                0x000000000000b946                timer_restart
 .text.timer_expired
                0x000000000000b95a       0x2a build/sky/obj/timer.o
                0x000000000000b95a                timer_expired
 .text.timer_reset
                0x000000000000b984       0x1c build/sky/obj/timer.o
                0x000000000000b984                timer_reset
 .text.putchar  0x000000000000b9a0       0x3c build/sky/obj/uart-putchar.o
                0x000000000000b9a0                putchar
 .text.handle_rxdma_timer
                0x000000000000b9dc       0x3a build/sky/obj/uart1.o
 .text.uart1_active
                0x000000000000ba16       0x18 build/sky/obj/uart1.o
                0x000000000000ba16                uart1_active
 .text.uart1_set_input
                0x000000000000ba2e       0x24 build/sky/obj/uart1.o
                0x000000000000ba2e                uart1_set_input
 .text.uart1_writeb
                0x000000000000ba52       0x18 build/sky/obj/uart1.o
                0x000000000000ba52                uart1_writeb
 .text.uart1_init
                0x000000000000ba6a       0xf4 build/sky/obj/uart1.o
                0x000000000000ba6a                uart1_init
 .text.uip_ds6_nbr_rm
                0x000000000000bb5e       0x1e build/sky/obj/uip-ds6-nbr.o
                0x000000000000bb5e                uip_ds6_nbr_rm
 .text.uip_ds6_neighbors_init
                0x000000000000bb7c       0x12 build/sky/obj/uip-ds6-nbr.o
                0x000000000000bb7c                uip_ds6_neighbors_init
 .text.uip_ds6_nbr_add
                0x000000000000bb8e       0x3e build/sky/obj/uip-ds6-nbr.o
                0x000000000000bb8e                uip_ds6_nbr_add
 .text.uip_ds6_nbr_get_ll
                0x000000000000bbcc        0xc build/sky/obj/uip-ds6-nbr.o
                0x000000000000bbcc                uip_ds6_nbr_get_ll
 .text.uip_ds6_nbr_head
                0x000000000000bbd8        0xa build/sky/obj/uip-ds6-nbr.o
                0x000000000000bbd8                uip_ds6_nbr_head
 .text.uip_ds6_nbr_next
                0x000000000000bbe2        0xc build/sky/obj/uip-ds6-nbr.o
                0x000000000000bbe2                uip_ds6_nbr_next
 .text.uip_ds6_nbr_lookup
                0x000000000000bbee       0x3a build/sky/obj/uip-ds6-nbr.o
                0x000000000000bbee                uip_ds6_nbr_lookup
 .text.uip_ds6_nbr_ll_lookup
                0x000000000000bc28        0xc build/sky/obj/uip-ds6-nbr.o
                0x000000000000bc28                uip_ds6_nbr_ll_lookup
 .text.uip_ds6_nbr_update_ll
                0x000000000000bc34       0x76 build/sky/obj/uip-ds6-nbr.o
                0x000000000000bc34                uip_ds6_nbr_update_ll
 .text.uip_ds6_nbr_ipaddr_from_lladdr
                0x000000000000bcaa        0x6 build/sky/obj/uip-ds6-nbr.o
                0x000000000000bcaa                uip_ds6_nbr_ipaddr_from_lladdr
 .text.uip_ds6_nbr_lladdr_from_ipaddr
                0x000000000000bcb0       0x12 build/sky/obj/uip-ds6-nbr.o
                0x000000000000bcb0                uip_ds6_nbr_lladdr_from_ipaddr
 .text.uip_ds6_link_callback
                0x000000000000bcc2        0x2 build/sky/obj/uip-ds6-nbr.o
                0x000000000000bcc2                uip_ds6_link_callback
 .text.uip_ds6_route_init
                0x000000000000bcc4        0xe build/sky/obj/uip-ds6-route.o
                0x000000000000bcc4                uip_ds6_route_init
 .text.uip_ds6_route_nexthop
                0x000000000000bcd2        0x4 build/sky/obj/uip-ds6-route.o
                0x000000000000bcd2                uip_ds6_route_nexthop
 .text.uip_ds6_route_lookup
                0x000000000000bcd6        0x4 build/sky/obj/uip-ds6-route.o
                0x000000000000bcd6                uip_ds6_route_lookup
 .text.uip_ds6_route_rm
                0x000000000000bcda        0x2 build/sky/obj/uip-ds6-route.o
                0x000000000000bcda                uip_ds6_route_rm
 .text.uip_ds6_defrt_rm
                0x000000000000bcdc       0x2c build/sky/obj/uip-ds6-route.o
                0x000000000000bcdc                uip_ds6_defrt_rm
 .text.uip_ds6_defrt_lookup
                0x000000000000bd08       0x34 build/sky/obj/uip-ds6-route.o
                0x000000000000bd08                uip_ds6_defrt_lookup
 .text.uip_ds6_defrt_add
                0x000000000000bd3c       0x78 build/sky/obj/uip-ds6-route.o
                0x000000000000bd3c                uip_ds6_defrt_add
 .text.uip_ds6_defrt_choose
                0x000000000000bdb4       0x2e build/sky/obj/uip-ds6-route.o
                0x000000000000bdb4                uip_ds6_defrt_choose
 .text.uip_ds6_defrt_periodic
                0x000000000000bde2       0x2e build/sky/obj/uip-ds6-route.o
                0x000000000000bde2                uip_ds6_defrt_periodic
 .text.uip_ds6_default_prefix
                0x000000000000be10        0x6 build/sky/obj/uip-ds6.o
                0x000000000000be10                uip_ds6_default_prefix
 .text.uip_ds6_list_loop
                0x000000000000be16       0x90 build/sky/obj/uip-ds6.o
                0x000000000000be16                uip_ds6_list_loop
 .text.uip_ds6_prefix_add
                0x000000000000bea6       0x76 build/sky/obj/uip-ds6.o
                0x000000000000bea6                uip_ds6_prefix_add
 .text.uip_ds6_is_addr_onlink
                0x000000000000bf1c       0x52 build/sky/obj/uip-ds6.o
                0x000000000000bf1c                uip_ds6_is_addr_onlink
 .text.uip_ds6_addr_lookup
                0x000000000000bf6e       0x2a build/sky/obj/uip-ds6.o
                0x000000000000bf6e                uip_ds6_addr_lookup
 .text.uip_ds6_get_link_local
                0x000000000000bf98       0x3e build/sky/obj/uip-ds6.o
                0x000000000000bf98                uip_ds6_get_link_local
 .text.uip_ds6_maddr_add
                0x000000000000bfd6       0x42 build/sky/obj/uip-ds6.o
                0x000000000000bfd6                uip_ds6_maddr_add
 .text.uip_ds6_addr_add
                0x000000000000c018       0xc6 build/sky/obj/uip-ds6.o
                0x000000000000c018                uip_ds6_addr_add
 .text.uip_ds6_maddr_rm
                0x000000000000c0de        0xa build/sky/obj/uip-ds6.o
                0x000000000000c0de                uip_ds6_maddr_rm
 .text.uip_ds6_maddr_lookup
                0x000000000000c0e8       0x2a build/sky/obj/uip-ds6.o
                0x000000000000c0e8                uip_ds6_maddr_lookup
 .text.uip_ds6_addr_rm
                0x000000000000c112       0x54 build/sky/obj/uip-ds6.o
                0x000000000000c112                uip_ds6_addr_rm
 .text.uip_ds6_periodic
                0x000000000000c166       0x46 build/sky/obj/uip-ds6.o
                0x000000000000c166                uip_ds6_periodic
 .text.uip_ds6_set_addr_iid
                0x000000000000c1ac       0x14 build/sky/obj/uip-ds6.o
                0x000000000000c1ac                uip_ds6_set_addr_iid
 .text.uip_ds6_set_lladdr_from_iid
                0x000000000000c1c0       0x14 build/sky/obj/uip-ds6.o
                0x000000000000c1c0                uip_ds6_set_lladdr_from_iid
 .text.get_match_length
                0x000000000000c1d4       0x44 build/sky/obj/uip-ds6.o
                0x000000000000c1d4                get_match_length
 .text.uip_ds6_select_src
                0x000000000000c218       0xa6 build/sky/obj/uip-ds6.o
                0x000000000000c218                uip_ds6_select_src
 .text.uip_ds6_compute_reachable_time
                0x000000000000c2be       0x3e build/sky/obj/uip-ds6.o
                0x000000000000c2be                uip_ds6_compute_reachable_time
 .text.uip_ds6_init
                0x000000000000c2fc      0x164 build/sky/obj/uip-ds6.o
                0x000000000000c2fc                uip_ds6_init
 .text.echo_reply_input
                0x000000000000c460       0x5e build/sky/obj/uip-icmp6.o
 .text.echo_request_input
                0x000000000000c4be       0x86 build/sky/obj/uip-icmp6.o
 .text.uip_icmp6_input
                0x000000000000c544       0x34 build/sky/obj/uip-icmp6.o
                0x000000000000c544                uip_icmp6_input
 .text.uip_icmp6_register_input_handler
                0x000000000000c578        0xc build/sky/obj/uip-icmp6.o
                0x000000000000c578                uip_icmp6_register_input_handler
 .text.uip_icmp6_error_output
                0x000000000000c584      0x146 build/sky/obj/uip-icmp6.o
                0x000000000000c584                uip_icmp6_error_output
 .text.uip_icmp6_send
                0x000000000000c6ca       0x8e build/sky/obj/uip-icmp6.o
                0x000000000000c6ca                uip_icmp6_send
 .text.uip_icmp6_init
                0x000000000000c758       0x12 build/sky/obj/uip-icmp6.o
                0x000000000000c758                uip_icmp6_init
 .text.ns_input
                0x000000000000c76a      0x2a8 build/sky/obj/uip-nd6.o
 .text.uip_nd6_init
                0x000000000000ca12        0xa build/sky/obj/uip-nd6.o
                0x000000000000ca12                uip_nd6_init
 .text.node_matches_address.part.0
                0x000000000000ca1c       0x2e build/sky/obj/uip-sr.o
 .text.uip_sr_num_nodes
                0x000000000000ca4a        0x6 build/sky/obj/uip-sr.o
                0x000000000000ca4a                uip_sr_num_nodes
 .text.uip_sr_get_node
                0x000000000000ca50       0x3a build/sky/obj/uip-sr.o
                0x000000000000ca50                uip_sr_get_node
 .text.uip_sr_is_addr_reachable
                0x000000000000ca8a       0x4e build/sky/obj/uip-sr.o
                0x000000000000ca8a                uip_sr_is_addr_reachable
 .text.uip_sr_expire_parent
                0x000000000000cad8       0x50 build/sky/obj/uip-sr.o
                0x000000000000cad8                uip_sr_expire_parent
 .text.uip_sr_update_node
                0x000000000000cb28       0xbc build/sky/obj/uip-sr.o
                0x000000000000cb28                uip_sr_update_node
 .text.uip_sr_init
                0x000000000000cbe4       0x12 build/sky/obj/uip-sr.o
                0x000000000000cbe4                uip_sr_init
 .text.uip_sr_node_head
                0x000000000000cbf6        0x6 build/sky/obj/uip-sr.o
                0x000000000000cbf6                uip_sr_node_head
 .text.uip_sr_node_next
                0x000000000000cbfc        0xc build/sky/obj/uip-sr.o
                0x000000000000cbfc                uip_sr_node_next
 .text.uip_sr_periodic
                0x000000000000cc08       0x8c build/sky/obj/uip-sr.o
                0x000000000000cc08                uip_sr_periodic
 .text.uip_sr_free_all
                0x000000000000cc94       0x30 build/sky/obj/uip-sr.o
                0x000000000000cc94                uip_sr_free_all
 .text.chksum   0x000000000000ccc4       0x32 build/sky/obj/uip6.o
 .text.process_tcp_options
                0x000000000000ccf6       0xa6 build/sky/obj/uip6.o
 .text.upper_layer_chksum
                0x000000000000cd9c       0x58 build/sky/obj/uip6.o
 .text.ext_hdr_options_process
                0x000000000000cdf4       0xa4 build/sky/obj/uip6.o
 .text.uip_check_mtu
                0x000000000000ce98       0x1e build/sky/obj/uip6.o
 .text.uip_update_ttl
                0x000000000000ceb6       0x24 build/sky/obj/uip6.o
 .text.uip_add32
                0x000000000000ceda       0x68 build/sky/obj/uip6.o
                0x000000000000ceda                uip_add32
 .text.uip_add_rcv_nxt
                0x000000000000cf42       0x2e build/sky/obj/uip6.o
 .text.uip_icmp6chksum
                0x000000000000cf70        0xa build/sky/obj/uip6.o
                0x000000000000cf70                uip_icmp6chksum
 .text.uip_tcpchksum
                0x000000000000cf7a        0xa build/sky/obj/uip6.o
                0x000000000000cf7a                uip_tcpchksum
 .text.uip_udpchksum
                0x000000000000cf84        0xa build/sky/obj/uip6.o
                0x000000000000cf84                uip_udpchksum
 .text.uip_init
                0x000000000000cf8e       0x66 build/sky/obj/uip6.o
                0x000000000000cf8e                uip_init
 .text.uip_remove_ext_hdr
                0x000000000000cff4       0x5e build/sky/obj/uip6.o
                0x000000000000cff4                uip_remove_ext_hdr
 .text.uip_unlisten
                0x000000000000d052       0x1c build/sky/obj/uip6.o
                0x000000000000d052                uip_unlisten
 .text.uip_listen
                0x000000000000d06e       0x1c build/sky/obj/uip6.o
                0x000000000000d06e                uip_listen
 .text.uip_process
                0x000000000000d08a      0xea0 build/sky/obj/uip6.o
                0x000000000000d08a                uip_process
 .text.uip_htonl
                0x000000000000df2a       0x2e build/sky/obj/uip6.o
                0x000000000000df2a                uip_htonl
 .text.uip_send
                0x000000000000df58       0x62 build/sky/obj/uip6.o
                0x000000000000df58                uip_send
 .text.uipbuf_add_ext_hdr
                0x000000000000dfba       0x1c build/sky/obj/uipbuf.o
                0x000000000000dfba                uipbuf_add_ext_hdr
 .text.uipbuf_set_len
                0x000000000000dfd6       0x12 build/sky/obj/uipbuf.o
                0x000000000000dfd6                uipbuf_set_len
 .text.uipbuf_set_len_field
                0x000000000000dfe8        0xe build/sky/obj/uipbuf.o
                0x000000000000dfe8                uipbuf_set_len_field
 .text.uipbuf_get_len_field
                0x000000000000dff6        0xe build/sky/obj/uipbuf.o
                0x000000000000dff6                uipbuf_get_len_field
 .text.uipbuf_get_next_header
                0x000000000000e004       0x68 build/sky/obj/uipbuf.o
                0x000000000000e004                uipbuf_get_next_header
 .text.uipbuf_get_last_header
                0x000000000000e06c       0x3e build/sky/obj/uipbuf.o
                0x000000000000e06c                uipbuf_get_last_header
 .text.uipbuf_search_header
                0x000000000000e0aa       0x4e build/sky/obj/uipbuf.o
                0x000000000000e0aa                uipbuf_search_header
 .text.uipbuf_get_attr
                0x000000000000e0f8       0x12 build/sky/obj/uipbuf.o
                0x000000000000e0f8                uipbuf_get_attr
 .text.uipbuf_set_attr
                0x000000000000e10a       0x14 build/sky/obj/uipbuf.o
                0x000000000000e10a                uipbuf_set_attr
 .text.uipbuf_clear_attr
                0x000000000000e11e       0x12 build/sky/obj/uipbuf.o
                0x000000000000e11e                uipbuf_clear_attr
 .text.uipbuf_clear
                0x000000000000e130       0x12 build/sky/obj/uipbuf.o
                0x000000000000e130                uipbuf_clear
 .text.uipbuf_init
                0x000000000000e142       0x1a build/sky/obj/uipbuf.o
                0x000000000000e142                uipbuf_init
 .text.uiplib_ipaddr_snprint
                0x000000000000e15c      0x12c build/sky/obj/uiplib.o
                0x000000000000e15c                uiplib_ipaddr_snprint
 .text.watchdog_interrupt
                0x000000000000e288        0x6 build/sky/obj/watchdog.o
                0x000000000000e288                __isr_10
                0x000000000000e288                watchdog_interrupt
 .text.watchdog_start
                0x000000000000e28e       0x14 build/sky/obj/watchdog.o
                0x000000000000e28e                watchdog_start
 .text.watchdog_periodic
                0x000000000000e2a2       0x12 build/sky/obj/watchdog.o
                0x000000000000e2a2                watchdog_periodic
 .text.watchdog_stop
                0x000000000000e2b4       0x16 build/sky/obj/watchdog.o
                0x000000000000e2b4                watchdog_stop
 .text.watchdog_init
                0x000000000000e2ca       0x12 build/sky/obj/watchdog.o
                0x000000000000e2ca                watchdog_init
 .text.process_thread_webserver_nogui_process
                0x000000000000e2dc       0x40 build/sky/obj/webserver.o
 .text.ipaddr_add
                0x000000000000e31c       0xc6 build/sky/obj/webserver.o
 .text.generate_routes
                0x000000000000e3e2      0x3ca build/sky/obj/webserver.o
 .text.httpd_simple_get_script
                0x000000000000e7ac        0x6 build/sky/obj/webserver.o
                0x000000000000e7ac                httpd_simple_get_script
 .text.xmem_init
                0x000000000000e7b2       0x3c build/sky/obj/xmem.o
                0x000000000000e7b2                xmem_init
 .text.printf   0x000000000000e7ee       0x10 /opt/msp430/mspgcc-4.7.4/lib/gcc/msp430/4.7.4/../../../../msp430/lib/mmpy-16/libc.a(printf.o)
                0x000000000000e7ee                printf
 .text.append   0x000000000000e7fe       0x22 /opt/msp430/mspgcc-4.7.4/lib/gcc/msp430/4.7.4/../../../../msp430/lib/mmpy-16/libc.a(sprintf.o)
 .text.call_vuprintf
                0x000000000000e820       0x3a /opt/msp430/mspgcc-4.7.4/lib/gcc/msp430/4.7.4/../../../../msp430/lib/mmpy-16/libc.a(sprintf.o)
 .text.snprintf
                0x000000000000e85a       0x1a /opt/msp430/mspgcc-4.7.4/lib/gcc/msp430/4.7.4/../../../../msp430/lib/mmpy-16/libc.a(sprintf.o)
                0x000000000000e85a                snprintf
 .text.print_field
                0x000000000000e874      0x194 /opt/msp430/mspgcc-4.7.4/lib/gcc/msp430/4.7.4/../../../../msp430/lib/mmpy-16/libc.a(vuprintf.o)
 .text.vuprintf
                0x000000000000ea08      0x63e /opt/msp430/mspgcc-4.7.4/lib/gcc/msp430/4.7.4/../../../../msp430/lib/mmpy-16/libc.a(vuprintf.o)
                0x000000000000ea08                vuprintf
 .text.puts     0x000000000000f046       0x2c /opt/msp430/mspgcc-4.7.4/lib/gcc/msp430/4.7.4/../../../../msp430/lib/mmpy-16/libc.a(puts.o)
                0x000000000000f046                puts
 .text.rand     0x000000000000f072       0x26 /opt/msp430/mspgcc-4.7.4/lib/gcc/msp430/4.7.4/../../../../msp430/lib/mmpy-16/libc.a(rand.o)
                0x000000000000f072                rand
 .text.srand    0x000000000000f098        0xa /opt/msp430/mspgcc-4.7.4/lib/gcc/msp430/4.7.4/../../../../msp430/lib/mmpy-16/libc.a(rand.o)
                0x000000000000f098                srand
 .text.strncmp  0x000000000000f0a2       0x2a /opt/msp430/mspgcc-4.7.4/lib/gcc/msp430/4.7.4/../../../../msp430/lib/mmpy-16/libc.a(strncmp.o)
                0x000000000000f0a2                strncmp
 .text.memcmp   0x000000000000f0cc       0x30 /opt/msp430/mspgcc-4.7.4/lib/gcc/msp430/4.7.4/../../../../msp430/lib/mmpy-16/libc.a(memcmp.o)
                0x000000000000f0cc                memcmp
 .text.strncpy  0x000000000000f0fc       0x2a /opt/msp430/mspgcc-4.7.4/lib/gcc/msp430/4.7.4/../../../../msp430/lib/mmpy-16/libc.a(strncpy.o)
                0x000000000000f0fc                strncpy
 .text.memcpy   0x000000000000f126       0xfa /opt/msp430/mspgcc-4.7.4/lib/gcc/msp430/4.7.4/../../../../msp430/lib/mmpy-16/libc.a(memcpy.o)
                0x000000000000f126                memcpy
 .text.memmove  0x000000000000f220       0xfa /opt/msp430/mspgcc-4.7.4/lib/gcc/msp430/4.7.4/../../../../msp430/lib/mmpy-16/libc.a(memmove.o)
                0x000000000000f220                memmove
 .text.memset   0x000000000000f31a       0x6a /opt/msp430/mspgcc-4.7.4/lib/gcc/msp430/4.7.4/../../../../msp430/lib/mmpy-16/libc.a(memset.o)
                0x000000000000f31a                memset
 .text.crt0     0x000000000000f384        0x2 /opt/msp430/mspgcc-4.7.4/lib/gcc/msp430/4.7.4/mmpy-16/libcrt0.a(_unexpected_.o)
                0x000000000000f384                _unexpected_
 .text.libgcc   0x000000000000f386       0x2c /opt/msp430/mspgcc-4.7.4/lib/gcc/msp430/4.7.4/mmpy-16/libgcc.a(_mulsi3.o)
                0x000000000000f386                __mulsi3
 .text.libgcc   0x000000000000f3b2       0x22 /opt/msp430/mspgcc-4.7.4/lib/gcc/msp430/4.7.4/mmpy-16/libgcc.a(_udivmod16.o)
                0x000000000000f3b2                __udivhi3
                0x000000000000f3b2                __ext_udivmod16
                0x000000000000f3cc                __umodhi3
 .text.libgcc   0x000000000000f3d4       0x3a /opt/msp430/mspgcc-4.7.4/lib/gcc/msp430/4.7.4/mmpy-16/libgcc.a(_divmod16.o)
                0x000000000000f3d4                __ext_divmod16
                0x000000000000f3d4                __divhi3
                0x000000000000f406                __modhi3
 .text.libgcc   0x000000000000f40e       0x40 /opt/msp430/mspgcc-4.7.4/lib/gcc/msp430/4.7.4/mmpy-16/libgcc.a(_udivmod32.o)
                0x000000000000f40e                __udivsi3
                0x000000000000f40e                __ext_udivmod32
                0x000000000000f444                __umodsi3
 .text.libgcc   0x000000000000f44e       0x4c /opt/msp430/mspgcc-4.7.4/lib/gcc/msp430/4.7.4/mmpy-16/libgcc.a(_divmod32.o)
                0x000000000000f44e                __ext_divmod32
                0x000000000000f44e                __divsi3
                0x000000000000f490                __modsi3
 .text.libgcc   0x000000000000f49a       0xf0 /opt/msp430/mspgcc-4.7.4/lib/gcc/msp430/4.7.4/mmpy-16/libgcc.a(_udivmod64.o)
                0x000000000000f49a                __xabi_udivmod64
                0x000000000000f4f8                __udivdi3
                0x000000000000f51e                __umoddi3
                0x000000000000f54c                __udivmoddi4
 *(SORT(.near.text) SORT(.near.text.*))

.rodata         0x000000000000f58c      0x6c0
                0x000000000000f58c                . = ALIGN (0x2)
 *(SORT(.rodata) SORT(.rodata.*) SORT(.gnu.linkonce.r.*))
 .rodata.get_value
                0x000000000000f58c       0x34 build/sky/obj/cc2420.o
 .rodata.set_value
                0x000000000000f5c0       0x10 build/sky/obj/cc2420.o
 .rodata.uip_process
                0x000000000000f5d0       0x20 build/sky/obj/uip6.o
 .rodata        0x000000000000f5f0       0x5a build/sky/obj/border-router.o
                0x000000000000f62c                autostart_processes
 .rodata        0x000000000000f64a       0x10 build/sky/obj/button-sensor.o
                0x000000000000f652                button_sensor
 .rodata        0x000000000000f65a       0x3e build/sky/obj/cc2420.o
                0x000000000000f65a                cc2420_aes_128_driver
                0x000000000000f65e                cc2420_driver
 .rodata        0x000000000000f698       0x14 build/sky/obj/csma.o
                0x000000000000f69e                csma_driver
 .rodata        0x000000000000f6ac        0x6 build/sky/obj/framer-802154.o
                0x000000000000f6ac                framer_802154
 .rodata        0x000000000000f6b2        0x8 build/sky/obj/linkaddr.o
                0x000000000000f6b2                linkaddr_null
 .rodata        0x000000000000f6ba       0xca build/sky/obj/log.o
 .rodata        0x000000000000f784       0xe0 build/sky/obj/rpl-dag.o
 .rodata        0x000000000000f864       0x34 build/sky/obj/rpl.o
                0x000000000000f86e                rpl_lite_driver
 .rodata        0x000000000000f898       0x26 build/sky/obj/sicslowpan.o
                0x000000000000f8a4                sicslowpan_driver
                0x000000000000f8ac                llprefix
                0x000000000000f8ae                unc_mxconf
                0x000000000000f8b2                unc_ctxconf
                0x000000000000f8b6                unc_llconf
 .rodata        0x000000000000f8be       0x16 build/sky/obj/slip-bridge.o
                0x000000000000f8d0                rpl_interface
 .rodata        0x000000000000f8d4       0x80 build/sky/obj/border-router-embedded.o
 .rodata        0x000000000000f954        0xf build/sky/obj/ctimer.o
 .rodata        0x000000000000f963        0xc build/sky/obj/etimer.o
 .rodata        0x000000000000f96f        0x2 build/sky/obj/frame802154.o
 .rodata        0x000000000000f971      0x148 build/sky/obj/httpd-simple.o
                0x000000000000f9d9                http_index_html
                0x000000000000f9e5                http_get
                0x000000000000f9ea                http_header_404
                0x000000000000fa47                http_header_200
                0x000000000000fa9d                http_content_type_html
 .rodata        0x000000000000fab9       0x31 build/sky/obj/rpl-border-router.o
 .rodata        0x000000000000faea        0xc build/sky/obj/rpl-timers.o