Archive member included because of file (symbol)

/opt/msp430/mspgcc-4.7.4/lib/gcc/msp430/4.7.4/mmpy-16/libgcc.a(_mulsi3.o)
                              build/sky/obj/cfs-coffee.o (__mulsi3)
/opt/msp430/mspgcc-4.7.4/lib/gcc/msp430/4.7.4/mmpy-16/libgcc.a(_udivmod16.o)
                              build/sky/obj/cfs-coffee.o (__udivhi3)
/opt/msp430/mspgcc-4.7.4/lib/gcc/msp430/4.7.4/mmpy-16/libgcc.a(_divmod16.o)
                              build/sky/obj/link-stats.o (__divhi3)
/opt/msp430/mspgcc-4.7.4/lib/gcc/msp430/4.7.4/mmpy-16/libgcc.a(_udivmod32.o)
                              build/sky/obj/ifft.o (__udivsi3)
/opt/msp430/mspgcc-4.7.4/lib/gcc/msp430/4.7.4/mmpy-16/libgcc.a(_divmod32.o)
                              build/sky/obj/cfs-coffee.o (__divsi3)
/opt/msp430/mspgcc-4.7.4/lib/gcc/msp430/4.7.4/../../../../msp430/lib/mmpy-16/libc.a(printf.o)
                              build/sky/obj/assert.o (printf)
/opt/msp430/mspgcc-4.7.4/lib/gcc/msp430/4.7.4/../../../../msp430/lib/mmpy-16/libc.a(sprintf.o)
                              build/sky/obj/log.o (snprintf)
/opt/msp430/mspgcc-4.7.4/lib/gcc/msp430/4.7.4/../../../../msp430/lib/mmpy-16/libc.a(vuprintf.o)
                              /opt/msp430/mspgcc-4.7.4/lib/gcc/msp430/4.7.4/../../../../msp430/lib/mmpy-16/libc.a(printf.o) (vuprintf)
/opt/msp430/mspgcc-4.7.4/lib/gcc/msp430/4.7.4/../../../../msp430/lib/mmpy-16/libc.a(puts.o)
                              build/sky/obj/assert.o (puts)
/opt/msp430/mspgcc-4.7.4/lib/gcc/msp430/4.7.4/../../../../msp430/lib/mmpy-16/libc.a(rand.o)
                              build/sky/obj/random.o (rand)
/opt/msp430/mspgcc-4.7.4/lib/gcc/msp430/4.7.4/../../../../msp430/lib/mmpy-16/libc.a(strcmp.o)
                              build/sky/obj/cfs-coffee.o (strcmp)
/opt/msp430/mspgcc-4.7.4/lib/gcc/msp430/4.7.4/../../../../msp430/lib/mmpy-16/libc.a(strncmp.o)
                              build/sky/obj/httpd-simple.o (strncmp)
/opt/msp430/mspgcc-4.7.4/lib/gcc/msp430/4.7.4/../../../../msp430/lib/mmpy-16/libc.a(memcmp.o)
                              build/sky/obj/ip64-addr.o (memcmp)
/opt/msp430/mspgcc-4.7.4/lib/gcc/msp430/4.7.4/../../../../msp430/lib/mmpy-16/libc.a(strncpy.o)
                              build/sky/obj/cfs-coffee.o (strncpy)
/opt/msp430/mspgcc-4.7.4/lib/gcc/msp430/4.7.4/../../../../msp430/lib/mmpy-16/libc.a(memcpy.o)
                              build/sky/obj/aes-128.o (memcpy)
/opt/msp430/mspgcc-4.7.4/lib/gcc/msp430/4.7.4/../../../../msp430/lib/mmpy-16/libc.a(memmove.o)
                              build/sky/obj/cbor.o (memmove)
/opt/msp430/mspgcc-4.7.4/lib/gcc/msp430/4.7.4/../../../../msp430/lib/mmpy-16/libc.a(memset.o)
                              build/sky/obj/cfs-coffee.o (memset)
/opt/msp430/mspgcc-4.7.4/lib/gcc/msp430/4.7.4/mmpy-16/libgcc.a(_udivmod64.o)
                              /opt/msp430/mspgcc-4.7.4/lib/gcc/msp430/4.7.4/../../../../msp430/lib/mmpy-16/libc.a(vuprintf.o) (__udivdi3)
/opt/msp430/mspgcc-4.7.4/lib/gcc/msp430/4.7.4/mmpy-16/libcrt0.a(_reset_vector__.o)
                              (_reset_vector__)
/opt/msp430/mspgcc-4.7.4/lib/gcc/msp430/4.7.4/mmpy-16/libcrt0.a(__watchdog_support.o)
                              /opt/msp430/mspgcc-4.7.4/lib/gcc/msp430/4.7.4/mmpy-16/libcrt0.a(_reset_vector__.o) (__watchdog_support)
/opt/msp430/mspgcc-4.7.4/lib/gcc/msp430/4.7.4/mmpy-16/libcrt0.a(__init_stack.o)
                              /opt/msp430/mspgcc-4.7.4/lib/gcc/msp430/4.7.4/mmpy-16/libcrt0.a(_reset_vector__.o) (__init_stack)
/opt/msp430/mspgcc-4.7.4/lib/gcc/msp430/4.7.4/mmpy-16/libcrt0.a(__low_level_init.o)
                              /opt/msp430/mspgcc-4.7.4/lib/gcc/msp430/4.7.4/mmpy-16/libcrt0.a(_reset_vector__.o) (__low_level_init)
/opt/msp430/mspgcc-4.7.4/lib/gcc/msp430/4.7.4/mmpy-16/libcrt0.a(_copy_data.o)
                              /opt/msp430/mspgcc-4.7.4/lib/gcc/msp430/4.7.4/mmpy-16/libcrt0.a(_reset_vector__.o) (__do_copy_data)
/opt/msp430/mspgcc-4.7.4/lib/gcc/msp430/4.7.4/mmpy-16/libcrt0.a(_clear_bss.o)
                              /opt/msp430/mspgcc-4.7.4/lib/gcc/msp430/4.7.4/mmpy-16/libcrt0.a(_reset_vector__.o) (__do_clear_bss)
/opt/msp430/mspgcc-4.7.4/lib/gcc/msp430/4.7.4/mmpy-16/libcrt0.a(__stop_progExec__.o)
                              /opt/msp430/mspgcc-4.7.4/lib/gcc/msp430/4.7.4/mmpy-16/libcrt0.a(_reset_vector__.o) (__stop_progExec__)
/opt/msp430/mspgcc-4.7.4/lib/gcc/msp430/4.7.4/mmpy-16/libcrt0.a(_endless_loop__.o)
                              /opt/msp430/mspgcc-4.7.4/lib/gcc/msp430/4.7.4/mmpy-16/libcrt0.a(_reset_vector__.o) (_endless_loop__)
/opt/msp430/mspgcc-4.7.4/lib/gcc/msp430/4.7.4/mmpy-16/libcrt0.a(_unexpected_.o)
                              /opt/msp430/mspgcc-4.7.4/lib/gcc/msp430/4.7.4/mmpy-16/crt0ivtbl16.o (_unexpected_)

Allocating common symbols
Common symbol       size              file

compower_idle_activity
                    0x10              build/sky/obj/compower.o
uip_ds6_timer_ra    0x8               build/sky/obj/uip-ds6.o
[...]
Memory Configuration

Name             Origin             Length             Attributes
sfr              0x0000000000000000 0x0000000000000010
peripheral_8bit  0x0000000000000010 0x00000000000000f0
peripheral_16bit 0x0000000000000100 0x0000000000000100
ram_mirror       0x0000000000000200 0x0000000000000800 xw
infomem          0x0000000000001000 0x0000000000000100
infob            0x0000000000001000 0x0000000000000080
infoa            0x0000000000001080 0x0000000000000080
ram              0x0000000000001100 0x0000000000002800 xw
rom              0x0000000000004000 0x000000000000bfe0 xr
vectors          0x000000000000ffe0 0x0000000000000020
bsl              0x0000000000000000 0x0000000000000000
infoc            0x0000000000000000 0x0000000000000000
infod            0x0000000000000000 0x0000000000000000
ram2             0x0000000000000000 0x0000000000000000 xw
usbram           0x0000000000000000 0x0000000000000000 xw
far_rom          0x0000000000000000 0x0000000000000000
*default*        0x0000000000000000 0xffffffffffffffff

Linker script and memory map

LOAD /opt/msp430/mspgcc-4.7.4/lib/gcc/msp430/4.7.4/mmpy-16/crt0ivtbl16.o
                0x0000000000002316                _stack = _end
LOAD build/sky/obj/aes-128.o
LOAD build/sky/obj/anti-replay.o
LOAD build/sky/obj/assert.o
LOAD build/sky/obj/atomic.o
LOAD build/sky/obj/autostart.o
LOAD build/sky/obj/battery-sensor.o
LOAD build/sky/obj/bitrev.o
LOAD build/sky/obj/border-router-embedded.o
LOAD build/sky/obj/border-router.o
LOAD build/sky/obj/button-hal.o
LOAD build/sky/obj/button-sensor.o
LOAD build/sky/obj/cbor.o
LOAD build/sky/obj/cc2420-arch-sfd.o
LOAD build/sky/obj/cc2420-arch.o
LOAD build/sky/obj/cc2420-tsch-15ms.o
LOAD build/sky/obj/cc2420.o
LOAD build/sky/obj/ccm-star-packetbuf.o
LOAD build/sky/obj/ccm-star.o
LOAD build/sky/obj/cfs-coffee.o
LOAD build/sky/obj/circular-list.o
LOAD build/sky/obj/clock.o
LOAD build/sky/obj/compower.o
LOAD build/sky/obj/contiki-main.o
LOAD build/sky/obj/crc16.o
LOAD build/sky/obj/csma-output.o
LOAD build/sky/obj/csma-security.o
LOAD build/sky/obj/csma.o
LOAD build/sky/obj/csprng.o
LOAD build/sky/obj/ctimer.o
LOAD build/sky/obj/dbl-circ-list.o
LOAD build/sky/obj/dbl-list.o
LOAD build/sky/obj/ds2411.o
LOAD build/sky/obj/ecc-curve.o
LOAD build/sky/obj/energest.o
LOAD build/sky/obj/etimer.o
LOAD build/sky/obj/flash.o
LOAD build/sky/obj/frame802154.o
LOAD build/sky/obj/frame802154e-ie.o
LOAD build/sky/obj/framer-802154.o
LOAD build/sky/obj/gpio-hal.o
LOAD build/sky/obj/heapmem.o
LOAD build/sky/obj/hexconv.o
LOAD build/sky/obj/httpd-simple.o
LOAD build/sky/obj/ifft.o
LOAD build/sky/obj/int-master.o
LOAD build/sky/obj/ip64-addr.o
LOAD build/sky/obj/iq-seeder.o
LOAD build/sky/obj/leds-arch.o
LOAD build/sky/obj/leds.o
LOAD build/sky/obj/light-sensor.o
LOAD build/sky/obj/link-stats.o
LOAD build/sky/obj/linkaddr.o
LOAD build/sky/obj/list.o
LOAD build/sky/obj/log.o
LOAD build/sky/obj/lpm.o
LOAD build/sky/obj/mac-sequence.o
LOAD build/sky/obj/memb.o
LOAD build/sky/obj/msp430.o
LOAD build/sky/obj/mutex.o
LOAD build/sky/obj/nbr-table.o
LOAD build/sky/obj/net-debug.o
LOAD build/sky/obj/netstack.o
LOAD build/sky/obj/node-id.o
LOAD build/sky/obj/nullframer.o
LOAD build/sky/obj/nullradio.o
LOAD build/sky/obj/packetbuf.o
LOAD build/sky/obj/platform.o
LOAD build/sky/obj/process-mutex.o
LOAD build/sky/obj/process.o
LOAD build/sky/obj/psock.o
LOAD build/sky/obj/queuebuf.o
LOAD build/sky/obj/random.o
LOAD build/sky/obj/ringbuf.o
LOAD build/sky/obj/ringbufindex.o
LOAD build/sky/obj/rpl-border-router.o
LOAD build/sky/obj/rpl-dag-root.o
LOAD build/sky/obj/rpl-dag.o
LOAD build/sky/obj/rpl-ext-header.o
LOAD build/sky/obj/rpl-icmp6.o
LOAD build/sky/obj/rpl-mrhof.o
LOAD build/sky/obj/rpl-nbr-policy.o
LOAD build/sky/obj/rpl-neighbor.o
LOAD build/sky/obj/rpl-of0.o
LOAD build/sky/obj/rpl-timers.o
LOAD build/sky/obj/rpl.o
LOAD build/sky/obj/rtimer-arch.o
LOAD build/sky/obj/rtimer.o
LOAD build/sky/obj/sensors.o
LOAD build/sky/obj/serial-line.o
LOAD build/sky/obj/sha-256.o
LOAD build/sky/obj/sht11-sensor.o
LOAD build/sky/obj/sht11.o
LOAD build/sky/obj/sicslowpan.o
LOAD build/sky/obj/simple-udp.o
LOAD build/sky/obj/sky-sensors.o
LOAD build/sky/obj/slip-bridge.o
LOAD build/sky/obj/slip.o
LOAD build/sky/obj/slip_uart1.o
LOAD build/sky/obj/spi-legacy.o
LOAD build/sky/obj/spi.o
LOAD build/sky/obj/stack-check.o
LOAD build/sky/obj/stimer.o
LOAD build/sky/obj/tcp-socket.o
LOAD build/sky/obj/tcpip.o
LOAD build/sky/obj/timer.o
LOAD build/sky/obj/trickle-timer.o
LOAD build/sky/obj/uart-putchar.o
LOAD build/sky/obj/uart1.o
LOAD build/sky/obj/udp-socket.o
LOAD build/sky/obj/uip-ds6-nbr.o
LOAD build/sky/obj/uip-ds6-route.o
LOAD build/sky/obj/uip-ds6.o
LOAD build/sky/obj/uip-icmp6.o
LOAD build/sky/obj/uip-ipchksum.o
LOAD build/sky/obj/uip-nameserver.o
LOAD build/sky/obj/uip-nd6.o
LOAD build/sky/obj/uip-packetqueue.o
LOAD build/sky/obj/uip-sr.o
LOAD build/sky/obj/uip-udp-packet.o
LOAD build/sky/obj/uip6.o
LOAD build/sky/obj/uipbuf.o
LOAD build/sky/obj/uiplib.o
LOAD build/sky/obj/watchdog.o
LOAD build/sky/obj/webserver.o
LOAD build/sky/obj/xmem.o
LOAD /opt/msp430/mspgcc-4.7.4/lib/gcc/msp430/4.7.4/mmpy-16/libgcc.a
LOAD /opt/msp430/mspgcc-4.7.4/lib/gcc/msp430/4.7.4/../../../../msp430/lib/mmpy-16/libc.a
LOAD /opt/msp430/mspgcc-4.7.4/lib/gcc/msp430/4.7.4/mmpy-16/libgcc.a
LOAD /opt/msp430/mspgcc-4.7.4/lib/gcc/msp430/4.7.4/mmpy-16/libcrt0.a
                0x0000000000000080                PROVIDE (__info_segment_size, 0x80)
                0x0000000000001000                PROVIDE (__infob, 0x1000)
                0x0000000000001080                PROVIDE (__infoa, 0x1080)
                0x0000000000000000                __IE1 = 0x0
                0x0000000000000002                __IFG1 = 0x2
                0x0000000000000004                __ME1 = 0x4
                0x0000000000000001                __IE2 = 0x1
                0x0000000000000003                __IFG2 = 0x3
                0x0000000000000005                __ME2 = 0x5
                0x0000000000000120                __WDTCTL = 0x120
                0x0000000000000130                __MPY = 0x130
                0x0000000000000132                __MPYS = 0x132
                0x0000000000000134                __MAC = 0x134
                0x0000000000000136                __MACS = 0x136
                0x0000000000000138                __OP2 = 0x138
                0x000000000000013a                __RESLO = 0x13a
                0x000000000000013c                __RESHI = 0x13c
                0x000000000000013e                __SUMEXT = 0x13e
                0x0000000000000020                __P1IN = 0x20
                0x0000000000000021                __P1OUT = 0x21
                0x0000000000000022                __P1DIR = 0x22
                0x0000000000000023                __P1IFG = 0x23
                0x0000000000000024                __P1IES = 0x24
                0x0000000000000025                __P1IE = 0x25
                0x0000000000000026                __P1SEL = 0x26
                0x0000000000000028                __P2IN = 0x28
                0x0000000000000029                __P2OUT = 0x29
                0x000000000000002a                __P2DIR = 0x2a
                0x000000000000002b                __P2IFG = 0x2b
                0x000000000000002c                __P2IES = 0x2c
                0x000000000000002d                __P2IE = 0x2d
                0x000000000000002e                __P2SEL = 0x2e
                0x0000000000000018                __P3IN = 0x18
                0x0000000000000019                __P3OUT = 0x19
                0x000000000000001a                __P3DIR = 0x1a
                0x000000000000001b                __P3SEL = 0x1b
                0x000000000000001c                __P4IN = 0x1c
                0x000000000000001d                __P4OUT = 0x1d
                0x000000000000001e                __P4DIR = 0x1e
                0x000000000000001f                __P4SEL = 0x1f
                0x0000000000000030                __P5IN = 0x30
                0x0000000000000031                __P5OUT = 0x31
                0x0000000000000032                __P5DIR = 0x32
                0x0000000000000033                __P5SEL = 0x33
                0x0000000000000034                __P6IN = 0x34
                0x0000000000000035                __P6OUT = 0x35
                0x0000000000000036                __P6DIR = 0x36
                0x0000000000000037                __P6SEL = 0x37
                0x0000000000000070                __U0CTL = 0x70
                0x0000000000000071                __U0TCTL = 0x71
                0x0000000000000072                __U0RCTL = 0x72
                0x0000000000000073                __U0MCTL = 0x73
                0x0000000000000074                __U0BR0 = 0x74
                0x0000000000000075                __U0BR1 = 0x75
                0x0000000000000076                __U0RXBUF = 0x76
                0x0000000000000077                __U0TXBUF = 0x77
                0x0000000000000078                __U1CTL = 0x78
                0x0000000000000079                __U1TCTL = 0x79
                0x000000000000007a                __U1RCTL = 0x7a
                0x000000000000007b                __U1MCTL = 0x7b
                0x000000000000007c                __U1BR0 = 0x7c
                0x000000000000007d                __U1BR1 = 0x7d
                0x000000000000007e                __U1RXBUF = 0x7e
                0x000000000000007f                __U1TXBUF = 0x7f
                0x0000000000000050                __I2CIE = 0x50
                0x0000000000000051                __I2CIFG = 0x51
                0x0000000000000052                __I2CNDAT = 0x52
                0x0000000000000071                __I2CTCTL = 0x71
                0x0000000000000072                __I2CDCTL = 0x72
                0x0000000000000073                __I2CPSC = 0x73
                0x0000000000000074                __I2CSCLH = 0x74
                0x0000000000000075                __I2CSCLL = 0x75
                0x0000000000000076                __I2CDRB = 0x76
                0x0000000000000076                __I2CDRW = 0x76
                0x0000000000000118                __I2COA = 0x118
                0x000000000000011a                __I2CSA = 0x11a
                0x000000000000011c                __I2CIV = 0x11c
                0x000000000000012e                __TAIV = 0x12e
                0x0000000000000160                __TACTL = 0x160
                0x0000000000000162                __TACCTL0 = 0x162
                0x0000000000000164                __TACCTL1 = 0x164
                0x0000000000000166                __TACCTL2 = 0x166
                0x0000000000000170                __TAR = 0x170
                0x0000000000000172                __TACCR0 = 0x172
                0x0000000000000174                __TACCR1 = 0x174
                0x0000000000000176                __TACCR2 = 0x176
                0x000000000000011e                __TBIV = 0x11e
                0x0000000000000180                __TBCTL = 0x180
                0x0000000000000182                __TBCCTL0 = 0x182
                0x0000000000000184                __TBCCTL1 = 0x184
                0x0000000000000186                __TBCCTL2 = 0x186
                0x0000000000000188                __TBCCTL3 = 0x188
                0x000000000000018a                __TBCCTL4 = 0x18a
                0x000000000000018c                __TBCCTL5 = 0x18c
                0x000000000000018e                __TBCCTL6 = 0x18e
                0x0000000000000190                __TBR = 0x190
                0x0000000000000192                __TBCCR0 = 0x192
                0x0000000000000194                __TBCCR1 = 0x194
                0x0000000000000196                __TBCCR2 = 0x196
                0x0000000000000198                __TBCCR3 = 0x198
                0x000000000000019a                __TBCCR4 = 0x19a
                0x000000000000019c                __TBCCR5 = 0x19c
                0x000000000000019e                __TBCCR6 = 0x19e
                0x0000000000000056                __DCOCTL = 0x56
                0x0000000000000057                __BCSCTL1 = 0x57
                0x0000000000000058                __BCSCTL2 = 0x58
                0x0000000000000055                __SVSCTL = 0x55
                0x0000000000000128                __FCTL1 = 0x128
                0x000000000000012a                __FCTL2 = 0x12a
                0x000000000000012c                __FCTL3 = 0x12c
                0x0000000000000059                __CACTL1 = 0x59
                0x000000000000005a                __CACTL2 = 0x5a
                0x000000000000005b                __CAPD = 0x5b
                0x00000000000001a0                __ADC12CTL0 = 0x1a0
                0x00000000000001a2                __ADC12CTL1 = 0x1a2
                0x00000000000001a4                __ADC12IFG = 0x1a4
                0x00000000000001a6                __ADC12IE = 0x1a6
                0x00000000000001a8                __ADC12IV = 0x1a8
                0x0000000000000140                __ADC12MEM0 = 0x140
                0x0000000000000142                __ADC12MEM1 = 0x142
                0x0000000000000144                __ADC12MEM2 = 0x144
                0x0000000000000146                __ADC12MEM3 = 0x146
                0x0000000000000148                __ADC12MEM4 = 0x148
                0x000000000000014a                __ADC12MEM5 = 0x14a
                0x000000000000014c                __ADC12MEM6 = 0x14c
                0x000000000000014e                __ADC12MEM7 = 0x14e
                0x0000000000000150                __ADC12MEM8 = 0x150
                0x0000000000000152                __ADC12MEM9 = 0x152
                0x0000000000000154                __ADC12MEM10 = 0x154
                0x0000000000000156                __ADC12MEM11 = 0x156
                0x0000000000000158                __ADC12MEM12 = 0x158
                0x000000000000015a                __ADC12MEM13 = 0x15a
                0x000000000000015c                __ADC12MEM14 = 0x15c
                0x000000000000015e                __ADC12MEM15 = 0x15e
                0x0000000000000080                __ADC12MCTL0 = 0x80
                0x0000000000000081                __ADC12MCTL1 = 0x81
                0x0000000000000082                __ADC12MCTL2 = 0x82
                0x0000000000000083                __ADC12MCTL3 = 0x83
                0x0000000000000084                __ADC12MCTL4 = 0x84
                0x0000000000000085                __ADC12MCTL5 = 0x85
                0x0000000000000086                __ADC12MCTL6 = 0x86
                0x0000000000000087                __ADC12MCTL7 = 0x87
                0x0000000000000088                __ADC12MCTL8 = 0x88
                0x0000000000000089                __ADC12MCTL9 = 0x89
                0x000000000000008a                __ADC12MCTL10 = 0x8a
                0x000000000000008b                __ADC12MCTL11 = 0x8b
                0x000000000000008c                __ADC12MCTL12 = 0x8c
                0x000000000000008d                __ADC12MCTL13 = 0x8d
                0x000000000000008e                __ADC12MCTL14 = 0x8e
                0x000000000000008f                __ADC12MCTL15 = 0x8f
                0x00000000000001c0                __DAC12_0CTL = 0x1c0
                0x00000000000001c2                __DAC12_1CTL = 0x1c2
                0x00000000000001c8                __DAC12_0DAT = 0x1c8
                0x00000000000001ca                __DAC12_1DAT = 0x1ca
                0x0000000000000122                __DMACTL0 = 0x122
                0x0000000000000124                __DMACTL1 = 0x124
                0x00000000000001e0                __DMA0CTL = 0x1e0
                0x00000000000001e8                __DMA1CTL = 0x1e8
                0x00000000000001f0                __DMA2CTL = 0x1f0
                0x00000000000001e2                __DMA0SA = 0x1e2
                0x00000000000001e4                __DMA0DA = 0x1e4
                0x00000000000001e6                __DMA0SZ = 0x1e6
                0x00000000000001ea                __DMA1SA = 0x1ea
                0x00000000000001ec                __DMA1DA = 0x1ec
                0x00000000000001ee                __DMA1SZ = 0x1ee
                0x00000000000001f2                __DMA2SA = 0x1f2
                0x00000000000001f4                __DMA2DA = 0x1f4
                0x00000000000001f6                __DMA2SZ = 0x1f6

.hash
 *(SORT(.hash))

.dynsym
 *(SORT(.dynsym))

.dynstr
 *(SORT(.dynstr))

.gnu.version
 *(SORT(.gnu.version))

.gnu.version_d
 *(SORT(.gnu.version_d))

.gnu.version_r
 *(SORT(.gnu.version_r))

.rel.init
 *(SORT(.rel.init))

.rela.init
 *(SORT(.rela.init))

.rel.fini
 *(SORT(.rel.fini))

.rela.fini
 *(SORT(.rela.fini))

.rel.text
 *(SORT(.rel.text) SORT(.rel.text.*) SORT(.rel.gnu.linkonce.t.*))

.rela.text
 *(SORT(.rela.text) SORT(.rela.text.*) SORT(.rela.gnu.linkonce.t.*))

.rel.rodata
 *(SORT(.rel.rodata) SORT(.rel.rodata.*) SORT(.rel.gnu.linkonce.r.*))

.rela.rodata
 *(SORT(.rela.rodata) SORT(.rela.rodata.*) SORT(.rela.gnu.linkonce.r.*))

.rel.data
 *(SORT(.rel.data) SORT(.rel.data.*) SORT(.rel.gnu.linkonce.d.*))

.rela.data
 *(SORT(.rela.data) SORT(.rela.data.*) SORT(.rela.gnu.linkonce.d.*))

.rel.bss
 *(SORT(.rel.bss) SORT(.rel.bss.*) SORT(.rel.gnu.linkonce.b.*))

.rela.bss
 *(SORT(.rela.bss) SORT(.rela.bss.*) SORT(.rela.gnu.linkonce.b.*))

.rel.ctors
 *(SORT(.rel.ctors))

.rela.ctors
 *(SORT(.rela.ctors))

.rel.dtors
 *(SORT(.rel.dtors))

.rela.dtors
 *(SORT(.rela.dtors))

.rel.got
 *(SORT(.rel.got))

.rela.got
 *(SORT(.rela.got))

.rel.plt
 *(SORT(.rel.plt))

.rela.plt
 *(SORT(.rela.plt))

.text           0x0000000000004000     0xa248
                0x0000000000004000                . = ALIGN (0x2)
 *(SORT(.init) SORT(.init.*))
 *(SORT(.init0))
 .init0         0x0000000000004000        0x0 /opt/msp430/mspgcc-4.7.4/lib/gcc/msp430/4.7.4/mmpy-16/libcrt0.a(_reset_vector__.o)
                0x0000000000004000                _reset_vector__
 *(SORT(.init1))
 .init1         0x0000000000004000        0xc /opt/msp430/mspgcc-4.7.4/lib/gcc/msp430/4.7.4/mmpy-16/libcrt0.a(__watchdog_support.o)
                0x0000000000004000                __watchdog_support
 *(SORT(.init2))
 .init2         0x000000000000400c        0x4 /opt/msp430/mspgcc-4.7.4/lib/gcc/msp430/4.7.4/mmpy-16/libcrt0.a(__init_stack.o)
                0x000000000000400c                __init_stack
 *(SORT(.init3))
 .init3         0x0000000000004010        0x0 /opt/msp430/mspgcc-4.7.4/lib/gcc/msp430/4.7.4/mmpy-16/libcrt0.a(__low_level_init.o)
                0x0000000000004010                __low_level_init
 *(SORT(.init4))
 .init4         0x0000000000004010       0x18 /opt/msp430/mspgcc-4.7.4/lib/gcc/msp430/4.7.4/mmpy-16/libcrt0.a(_copy_data.o)
                0x0000000000004010                __do_copy_data
 .init4         0x0000000000004028       0x16 /opt/msp430/mspgcc-4.7.4/lib/gcc/msp430/4.7.4/mmpy-16/libcrt0.a(_clear_bss.o)
                0x0000000000004028                __do_clear_bss
 *(SORT(.init5))
 *(SORT(.init6))
 *(SORT(.init7))
 *(SORT(.init8))
 *(SORT(.init9))
 .init9         0x000000000000403e       0x90 build/sky/obj/contiki-main.o
                0x000000000000403e                main
 *(SORT(.fini9))
 .fini9         0x00000000000040ce        0x0 /opt/msp430/mspgcc-4.7.4/lib/gcc/msp430/4.7.4/mmpy-16/libcrt0.a(__stop_progExec__.o)
                0x00000000000040ce                __stop_progExec__
 *(SORT(.fini8))
 *(SORT(.fini7))
 *(SORT(.fini6))
 *(SORT(.fini5))
 *(SORT(.fini4))
 *(SORT(.fini3))
 *(SORT(.fini2))
 *(SORT(.fini1))
 *(SORT(.fini0))
 .fini0         0x00000000000040ce        0x6 /opt/msp430/mspgcc-4.7.4/lib/gcc/msp430/4.7.4/mmpy-16/libcrt0.a(_endless_loop__.o)
                0x00000000000040ce                _endless_loop__
 *(SORT(.fini) SORT(.fini.*))
                0x00000000000040d4                . = ALIGN (0x2)
                0x00000000000040d4                __ctors_start = .
 *(SORT(.ctors))
                0x00000000000040d4                __ctors_end = .
                0x00000000000040d4                __dtors_start = .
 *(SORT(.dtors))
                0x00000000000040d4                __dtors_end = .
                0x00000000000040d4                . = ALIGN (0x2)
 *(SORT(.text) SORT(.text.*) SORT(.gnu.linkonce.t.*))
 .text          0x00000000000040d4        0x4 /opt/msp430/mspgcc-4.7.4/lib/gcc/msp430/4.7.4/mmpy-16/crt0ivtbl16.o
                0x00000000000040d4                __isr_14
                0x00000000000040d4                __isr_11
                0x00000000000040d4                __isr_2
                0x00000000000040d4                __isr_7
                0x00000000000040d4                __isr_0
                0x00000000000040d4                __isr_8
                0x00000000000040d4                __isr_3
                0x00000000000040d4                __isr_13
                0x00000000000040d4                __isr_9
 .text.autostart_start
                0x00000000000040d8       0x16 build/sky/obj/autostart.o
                0x00000000000040d8                autostart_start
 .text.process_thread_border_router_process
                0x00000000000040ee      0x10a build/sky/obj/border-router-embedded.o
 .text.process_thread_contiki_ng_br
                0x00000000000041f8       0x4a build/sky/obj/border-router.o
 .text.udp_rx_callback
                0x0000000000004242       0xe8 build/sky/obj/border-router.o
 .text.status   0x000000000000432a       0x18 build/sky/obj/button-sensor.o
 .text.value    0x0000000000004342       0x1a build/sky/obj/button-sensor.o
 .text.configure
                0x000000000000435c       0x4c build/sky/obj/button-sensor.o
 .text.irq_p2   0x00000000000043a8       0x46 build/sky/obj/button-sensor.o
                0x00000000000043a8                irq_p2
                0x00000000000043a8                __isr_1
 .text.cc2420_timerb1_interrupt
                0x00000000000043ee       0x26 build/sky/obj/cc2420-arch-sfd.o
                0x00000000000043ee                cc2420_timerb1_interrupt
                0x00000000000043ee                __isr_12
 .text.cc2420_port1_interrupt
                0x0000000000004414       0x20 build/sky/obj/cc2420-arch.o
                0x0000000000004414                __isr_4
                0x0000000000004414                cc2420_port1_interrupt
 .text.cc2420_arch_init
                0x0000000000004434       0x1a build/sky/obj/cc2420-arch.o
                0x0000000000004434                cc2420_arch_init
 .text.get_object
                0x000000000000444e        0x4 build/sky/obj/cc2420.o
 .text.set_object
                0x0000000000004452        0x4 build/sky/obj/cc2420.o
 .text.strobe   0x0000000000004456       0x1c build/sky/obj/cc2420.o
 .text.getreg   0x0000000000004472       0x4c build/sky/obj/cc2420.o
 .text.setreg   0x00000000000044be       0x4c build/sky/obj/cc2420.o
 .text.write_ram
                0x000000000000450a       0x7c build/sky/obj/cc2420.o
 .text.write_fifo_buf
                0x0000000000004586       0x3c build/sky/obj/cc2420.o
 .text.get_status
                0x00000000000045c2       0x20 build/sky/obj/cc2420.o
 .text.on       0x00000000000045e2       0x1a build/sky/obj/cc2420.o
 .text.cc2420_receiving_packet
                0x00000000000045fc        0xc build/sky/obj/cc2420.o
 .text.pending_packet
                0x0000000000004608        0x8 build/sky/obj/cc2420.o
 .text.wait_for_transmission
                0x0000000000004610       0x22 build/sky/obj/cc2420.o
 .text.wait_for_status
                0x0000000000004632       0x28 build/sky/obj/cc2420.o
 .text.getrxdata
                0x000000000000465a       0x50 build/sky/obj/cc2420.o
 .text.flushrx  0x00000000000046aa       0x1a build/sky/obj/cc2420.o
 .text.off      0x00000000000046c4       0x28 build/sky/obj/cc2420.o
 .text.RELEASE_LOCK
                0x00000000000046ec       0x28 build/sky/obj/cc2420.o
 .text.set_key  0x0000000000004714       0x18 build/sky/obj/cc2420.o
 .text.set_frame_filtering
                0x000000000000472c       0x30 build/sky/obj/cc2420.o
 .text.set_auto_ack
                0x000000000000475c       0x30 build/sky/obj/cc2420.o
 .text.set_poll_mode
                0x000000000000478c       0x2c build/sky/obj/cc2420.o
 .text.cc2420_prepare
                0x00000000000047b8       0x46 build/sky/obj/cc2420.o
 .text.cc2420_on
                0x00000000000047fe       0x22 build/sky/obj/cc2420.o
                0x00000000000047fe                cc2420_on
 .text.cc2420_transmit
                0x0000000000004820       0x66 build/sky/obj/cc2420.o
 .text.cc2420_send
                0x0000000000004886       0x12 build/sky/obj/cc2420.o
 .text.cc2420_off
                0x0000000000004898       0x30 build/sky/obj/cc2420.o
                0x0000000000004898                cc2420_off
 .text.cc2420_cca
                0x00000000000048c8       0x68 build/sky/obj/cc2420.o
 .text.cc2420_read
                0x0000000000004930       0xbe build/sky/obj/cc2420.o
 .text.process_thread_cc2420_process
                0x00000000000049ee       0x56 build/sky/obj/cc2420.o
 .text.encrypt  0x0000000000004a44       0x88 build/sky/obj/cc2420.o
 .text.cc2420_set_channel
                0x0000000000004acc       0x3c build/sky/obj/cc2420.o
                0x0000000000004acc                cc2420_set_channel
 .text.cc2420_set_pan_addr
                0x0000000000004b08       0x4c build/sky/obj/cc2420.o
                0x0000000000004b08                cc2420_set_pan_addr
 .text.cc2420_interrupt
                0x0000000000004b54       0x16 build/sky/obj/cc2420.o
                0x0000000000004b54                cc2420_interrupt
 .text.cc2420_set_txpower
                0x0000000000004b6a       0x2c build/sky/obj/cc2420.o
                0x0000000000004b6a                cc2420_set_txpower
 .text.cc2420_get_txpower
                0x0000000000004b96       0x1e build/sky/obj/cc2420.o
                0x0000000000004b96                cc2420_get_txpower
 .text.cc2420_rssi
                0x0000000000004bb4       0x4c build/sky/obj/cc2420.o
                0x0000000000004bb4                cc2420_rssi
 .text.get_value
                0x0000000000004c00      0x11e build/sky/obj/cc2420.o
 .text.cc2420_set_cca_threshold
                0x0000000000004d1e       0x16 build/sky/obj/cc2420.o
                0x0000000000004d1e                cc2420_set_cca_threshold
 .text.set_value
                0x0000000000004d34      0x150 build/sky/obj/cc2420.o
 .text.cc2420_init
                0x0000000000004e84       0xea build/sky/obj/cc2420.o
                0x0000000000004e84                cc2420_init
 .text.timera1  0x0000000000004f6e       0xd8 build/sky/obj/clock.o
                0x0000000000004f6e                __isr_5
                0x0000000000004f6e                timera1
 .text.clock_time
                0x0000000000005046       0x1a build/sky/obj/clock.o
                0x0000000000005046                clock_time
 .text.clock_init
                0x0000000000005060       0x28 build/sky/obj/clock.o
                0x0000000000005060                clock_init
 .text.clock_delay
                0x0000000000005088        0xc build/sky/obj/clock.o
                0x0000000000005088                clock_delay
 .text.clock_seconds
                0x0000000000005094       0x1a build/sky/obj/clock.o
                0x0000000000005094                clock_seconds
 .text.schedule_transmission
                0x00000000000050ae       0x74 build/sky/obj/csma-output.o
 .text.tx_done  0x0000000000005122       0x98 build/sky/obj/csma-output.o
 .text.transmit_from_queue
                0x00000000000051ba      0x1bc build/sky/obj/csma-output.o
 .text.csma_output_packet
                0x0000000000005376      0x146 build/sky/obj/csma-output.o
                0x0000000000005376                csma_output_packet
 .text.csma_output_init
                0x00000000000054bc       0x1a build/sky/obj/csma-output.o
                0x00000000000054bc                csma_output_init
 .text.on       0x00000000000054d6        0x6 build/sky/obj/csma.o
 .text.off      0x00000000000054dc        0x6 build/sky/obj/csma.o
 .text.max_payload
                0x00000000000054e2       0x38 build/sky/obj/csma.o
 .text.send_packet
                0x000000000000551a        0x6 build/sky/obj/csma.o
 .text.input_packet
                0x0000000000005520       0x58 build/sky/obj/csma.o
 .text.init     0x0000000000005578       0x20 build/sky/obj/csma.o
 .text.process_thread_ctimer_process
                0x0000000000005598       0x9a build/sky/obj/ctimer.o
 .text.ctimer_init
                0x0000000000005632       0x10 build/sky/obj/ctimer.o
                0x0000000000005632                ctimer_init
 .text.ctimer_set_with_process
                0x0000000000005642       0x4e build/sky/obj/ctimer.o
                0x0000000000005642                ctimer_set_with_process
 .text.ctimer_reset
                0x0000000000005690       0x30 build/sky/obj/ctimer.o
                0x0000000000005690                ctimer_reset
 .text.ctimer_stop
                0x00000000000056c0       0x28 build/sky/obj/ctimer.o
                0x00000000000056c0                ctimer_stop
 .text.ctimer_expired
                0x00000000000056e8       0x20 build/sky/obj/ctimer.o
                0x00000000000056e8                ctimer_expired
 .text.owreadb  0x0000000000005708       0x50 build/sky/obj/ds2411.o
 .text.ds2411_init
                0x0000000000005758      0x120 build/sky/obj/ds2411.o
                0x0000000000005758                ds2411_init
 .text.update_time
                0x0000000000005878       0x78 build/sky/obj/etimer.o
 .text.etimer_request_poll
                0x00000000000058f0        0xa build/sky/obj/etimer.o
                0x00000000000058f0                etimer_request_poll
 .text.process_thread_etimer_process
                0x00000000000058fa       0xcc build/sky/obj/etimer.o
 .text.add_timer
                0x00000000000059c6       0x40 build/sky/obj/etimer.o
 .text.etimer_set
                0x0000000000005a06       0x12 build/sky/obj/etimer.o
                0x0000000000005a06                etimer_set
 .text.etimer_reset
                0x0000000000005a18       0x12 build/sky/obj/etimer.o
                0x0000000000005a18                etimer_reset
 .text.etimer_pending
                0x0000000000005a2a        0xc build/sky/obj/etimer.o
                0x0000000000005a2a                etimer_pending
 .text.etimer_next_expiration_time
                0x0000000000005a36       0x16 build/sky/obj/etimer.o
                0x0000000000005a36                etimer_next_expiration_time
 .text.etimer_stop
                0x0000000000005a4c       0x3e build/sky/obj/etimer.o
                0x0000000000005a4c                etimer_stop
 .text.frame802154_get_pan_id
                0x0000000000005a8a        0x6 build/sky/obj/frame802154.o
                0x0000000000005a8a                frame802154_get_pan_id
 .text.frame802154_has_panid
                0x0000000000005a90       0xe8 build/sky/obj/frame802154.o
                0x0000000000005a90                frame802154_has_panid
 .text.field_len
                0x0000000000005b78       0xaa build/sky/obj/frame802154.o
 .text.frame802154_is_broadcast_addr
                0x0000000000005c22       0x28 build/sky/obj/frame802154.o
                0x0000000000005c22                frame802154_is_broadcast_addr
 .text.frame802154_hdrlen
                0x0000000000005c4a       0x32 build/sky/obj/frame802154.o
                0x0000000000005c4a                frame802154_hdrlen
 .text.frame802154_create_fcf
                0x0000000000005c7c       0x96 build/sky/obj/frame802154.o
                0x0000000000005c7c                frame802154_create_fcf
 .text.frame802154_create
                0x0000000000005d12       0xd2 build/sky/obj/frame802154.o
                0x0000000000005d12                frame802154_create
 .text.frame802154_parse_fcf
                0x0000000000005de4       0xbc build/sky/obj/frame802154.o
                0x0000000000005de4                frame802154_parse_fcf
 .text.frame802154_parse
                0x0000000000005ea0      0x168 build/sky/obj/frame802154.o
                0x0000000000005ea0                frame802154_parse
 .text.parse    0x0000000000006008       0xa2 build/sky/obj/framer-802154.o
 .text.framer_802154_setup_params
                0x00000000000060aa       0xb6 build/sky/obj/framer-802154.o
                0x00000000000060aa                framer_802154_setup_params
 .text.create_frame
                0x0000000000006160       0xa2 build/sky/obj/framer-802154.o
 .text.create   0x0000000000006202        0x8 build/sky/obj/framer-802154.o
 .text.hdr_length
                0x000000000000620a        0x8 build/sky/obj/framer-802154.o
 .text.leds_arch_init
                0x0000000000006212        0xe build/sky/obj/leds-arch.o
                0x0000000000006212                leds_arch_init
 .text.leds_arch_get
                0x0000000000006220       0x34 build/sky/obj/leds-arch.o
                0x0000000000006220                leds_arch_get
 .text.leds_arch_set
                0x0000000000006254       0x3e build/sky/obj/leds-arch.o
                0x0000000000006254                leds_arch_set
 .text.leds_init
                0x0000000000006292        0x6 build/sky/obj/leds.o
                0x0000000000006292                leds_init
 .text.leds_on  0x0000000000006298       0x12 build/sky/obj/leds.o
                0x0000000000006298                leds_on
 .text.leds_off
                0x00000000000062aa       0x12 build/sky/obj/leds.o
                0x00000000000062aa                leds_off
 .text.periodic
                0x00000000000062bc       0x28 build/sky/obj/link-stats.o
 .text.link_stats_from_lladdr
                0x00000000000062e4        0xc build/sky/obj/link-stats.o
                0x00000000000062e4                link_stats_from_lladdr
 .text.link_stats_is_fresh
                0x00000000000062f0       0x30 build/sky/obj/link-stats.o
                0x00000000000062f0                link_stats_is_fresh
 .text.link_stats_packet_sent
                0x0000000000006320       0xf4 build/sky/obj/link-stats.o
                0x0000000000006320                link_stats_packet_sent
 .text.link_stats_input_callback
                0x0000000000006414      0x106 build/sky/obj/link-stats.o
                0x0000000000006414                link_stats_input_callback
 .text.link_stats_reset
                0x000000000000651a       0x2a build/sky/obj/link-stats.o
                0x000000000000651a                link_stats_reset
 .text.link_stats_init
                0x0000000000006544       0x26 build/sky/obj/link-stats.o
                0x0000000000006544                link_stats_init
 .text.linkaddr_copy
                0x000000000000656a        0x8 build/sky/obj/linkaddr.o
                0x000000000000656a                linkaddr_copy
 .text.linkaddr_cmp
                0x0000000000006572       0x12 build/sky/obj/linkaddr.o
                0x0000000000006572                linkaddr_cmp
 .text.list_tail
                0x0000000000006584       0x12 build/sky/obj/list.o
                0x0000000000006584                list_tail
 .text.list_remove
                0x0000000000006596       0x34 build/sky/obj/list.o
                0x0000000000006596                list_remove
 .text.list_push
                0x00000000000065ca       0x1a build/sky/obj/list.o
                0x00000000000065ca                list_push
 .text.list_add
                0x00000000000065e4       0x2a build/sky/obj/list.o
                0x00000000000065e4                list_add
 .text.list_length
                0x000000000000660e       0x10 build/sky/obj/list.o
                0x000000000000660e                list_length
 .text.list_contains
                0x000000000000661e       0x12 build/sky/obj/list.o
                0x000000000000661e                list_contains
 .text.log_6addr
                0x0000000000006630       0x32 build/sky/obj/log.o
                0x0000000000006630                log_6addr
 .text.mac_sequence_init
                0x0000000000006662        0xa build/sky/obj/mac-sequence.o
                0x0000000000006662                mac_sequence_init
 .text.mac_sequence_set_dsn
                0x000000000000666c       0x18 build/sky/obj/mac-sequence.o
                0x000000000000666c                mac_sequence_set_dsn
 .text.mac_sequence_is_duplicate
                0x0000000000006684       0x84 build/sky/obj/mac-sequence.o
                0x0000000000006684                mac_sequence_is_duplicate
 .text.mac_sequence_register_seqno
                0x0000000000006708       0x90 build/sky/obj/mac-sequence.o
                0x0000000000006708                mac_sequence_register_seqno
 .text.memb_init
                0x0000000000006798       0x36 build/sky/obj/memb.o
                0x0000000000006798                memb_init
 .text.memb_alloc
                0x00000000000067ce       0x3e build/sky/obj/memb.o
                0x00000000000067ce                memb_alloc
 .text.memb_free
                0x000000000000680c       0x32 build/sky/obj/memb.o
                0x000000000000680c                memb_free
 .text.memb_inmemb
                0x000000000000683e       0x2a build/sky/obj/memb.o
                0x000000000000683e                memb_inmemb
 .text.memb_numfree
                0x0000000000006868       0x26 build/sky/obj/memb.o
                0x0000000000006868                memb_numfree
 .text.msp430_init_dco
                0x000000000000688e       0x82 build/sky/obj/msp430.o
                0x000000000000688e                msp430_init_dco
 .text.msp430_add_lpm_req
                0x0000000000006910        0xc build/sky/obj/msp430.o
                0x0000000000006910                msp430_add_lpm_req
 .text.msp430_cpu_init
                0x000000000000691c       0x2a build/sky/obj/msp430.o
                0x000000000000691c                msp430_cpu_init
 .text.splhigh_
                0x0000000000006946        0xa build/sky/obj/msp430.o
                0x0000000000006946                splhigh_
 .text.msp430_sync_dco
                0x0000000000006950       0x6c build/sky/obj/msp430.o
                0x0000000000006950                msp430_sync_dco
 .text.item_from_index
                0x00000000000069bc       0x2a build/sky/obj/nbr-table.o
 .text.index_from_key
                0x00000000000069e6       0x26 build/sky/obj/nbr-table.o
 .text.index_from_item
                0x0000000000006a0c       0x1e build/sky/obj/nbr-table.o
 .text.nbr_set_bit
                0x0000000000006a2a       0x54 build/sky/obj/nbr-table.o
 .text.index_from_lladdr
                0x0000000000006a7e       0x38 build/sky/obj/nbr-table.o
 .text.nbr_get_bit.constprop.3
                0x0000000000006ab6       0x2a build/sky/obj/nbr-table.o
 .text.remove_key
                0x0000000000006ae0       0x84 build/sky/obj/nbr-table.o
 .text.nbr_table_is_registered
                0x0000000000006b64       0x22 build/sky/obj/nbr-table.o
                0x0000000000006b64                nbr_table_is_registered
 .text.nbr_table_register
                0x0000000000006b86       0x40 build/sky/obj/nbr-table.o
                0x0000000000006b86                nbr_table_register
 .text.nbr_table_next
                0x0000000000006bc6       0x5a build/sky/obj/nbr-table.o
                0x0000000000006bc6                nbr_table_next
 .text.nbr_table_head
                0x0000000000006c20       0x36 build/sky/obj/nbr-table.o
                0x0000000000006c20                nbr_table_head
 .text.nbr_table_get_from_lladdr
                0x0000000000006c56       0x2c build/sky/obj/nbr-table.o
                0x0000000000006c56                nbr_table_get_from_lladdr
 .text.entry_is_allowed.isra.2
                0x0000000000006c82       0x74 build/sky/obj/nbr-table.o
 .text.nbr_table_add_lladdr
                0x0000000000006cf6       0xc2 build/sky/obj/nbr-table.o
                0x0000000000006cf6                nbr_table_add_lladdr
 .text.nbr_table_remove
                0x0000000000006db8       0x32 build/sky/obj/nbr-table.o
                0x0000000000006db8                nbr_table_remove
 .text.nbr_table_lock
                0x0000000000006dea       0x10 build/sky/obj/nbr-table.o
                0x0000000000006dea                nbr_table_lock
 .text.nbr_table_unlock
                0x0000000000006dfa       0x10 build/sky/obj/nbr-table.o
                0x0000000000006dfa                nbr_table_unlock
 .text.nbr_table_get_lladdr
                0x0000000000006e0a       0x22 build/sky/obj/nbr-table.o
                0x0000000000006e0a                nbr_table_get_lladdr
 .text.netstack_process_ip_callback
                0x0000000000006e2c       0x48 build/sky/obj/netstack.o
                0x0000000000006e2c                netstack_process_ip_callback
 .text.packetbuf_hdrreduce
                0x0000000000006e74       0x1a build/sky/obj/packetbuf.o
                0x0000000000006e74                packetbuf_hdrreduce
 .text.packetbuf_set_datalen
                0x0000000000006e8e        0x6 build/sky/obj/packetbuf.o
                0x0000000000006e8e                packetbuf_set_datalen
 .text.packetbuf_hdrptr
                0x0000000000006e94        0x6 build/sky/obj/packetbuf.o
                0x0000000000006e94                packetbuf_hdrptr
 .text.packetbuf_datalen
                0x0000000000006e9a        0x6 build/sky/obj/packetbuf.o
                0x0000000000006e9a                packetbuf_datalen
 .text.packetbuf_hdrlen
                0x0000000000006ea0        0xa build/sky/obj/packetbuf.o
                0x0000000000006ea0                packetbuf_hdrlen
 .text.packetbuf_dataptr
                0x0000000000006eaa        0xc build/sky/obj/packetbuf.o
                0x0000000000006eaa                packetbuf_dataptr
 .text.packetbuf_copyto
                0x0000000000006eb6       0x46 build/sky/obj/packetbuf.o
                0x0000000000006eb6                packetbuf_copyto
 .text.packetbuf_totlen
                0x0000000000006efc        0xc build/sky/obj/packetbuf.o
                0x0000000000006efc                packetbuf_totlen
 .text.packetbuf_hdralloc
                0x0000000000006f08       0x3c build/sky/obj/packetbuf.o
                0x0000000000006f08                packetbuf_hdralloc
 .text.packetbuf_attr_clear
                0x0000000000006f44       0x28 build/sky/obj/packetbuf.o
                0x0000000000006f44                packetbuf_attr_clear
 .text.packetbuf_clear
                0x0000000000006f6c       0x12 build/sky/obj/packetbuf.o
                0x0000000000006f6c                packetbuf_clear
 .text.packetbuf_copyfrom
                0x0000000000006f7e       0x2e build/sky/obj/packetbuf.o
                0x0000000000006f7e                packetbuf_copyfrom
 .text.packetbuf_attr_copyto
                0x0000000000006fac       0x22 build/sky/obj/packetbuf.o
                0x0000000000006fac                packetbuf_attr_copyto
 .text.packetbuf_attr_copyfrom
                0x0000000000006fce       0x24 build/sky/obj/packetbuf.o
                0x0000000000006fce                packetbuf_attr_copyfrom
 .text.packetbuf_set_attr
                0x0000000000006ff2        0xa build/sky/obj/packetbuf.o
                0x0000000000006ff2                packetbuf_set_attr
 .text.packetbuf_attr
                0x0000000000006ffc        0xa build/sky/obj/packetbuf.o
                0x0000000000006ffc                packetbuf_attr
 .text.packetbuf_set_addr
                0x0000000000007006       0x16 build/sky/obj/packetbuf.o
                0x0000000000007006                packetbuf_set_addr
 .text.packetbuf_addr
                0x000000000000701c       0x12 build/sky/obj/packetbuf.o
                0x000000000000701c                packetbuf_addr
 .text.packetbuf_holds_broadcast
                0x000000000000702e        0xe build/sky/obj/packetbuf.o
                0x000000000000702e                packetbuf_holds_broadcast
 .text.platform_init_stage_one
                0x000000000000703c       0x12 build/sky/obj/platform.o
                0x000000000000703c                platform_init_stage_one
 .text.platform_init_stage_two
                0x000000000000704e       0x68 build/sky/obj/platform.o
                0x000000000000704e                platform_init_stage_two
 .text.platform_init_stage_three
                0x00000000000070b6       0x5a build/sky/obj/platform.o
                0x00000000000070b6                platform_init_stage_three
 .text.platform_idle
                0x0000000000007110       0x54 build/sky/obj/platform.o
                0x0000000000007110                platform_idle
 .text.call_process
                0x0000000000007164       0x46 build/sky/obj/process.o
 .text.exit_process
                0x00000000000071aa       0x98 build/sky/obj/process.o
 .text.do_poll  0x0000000000007242       0x30 build/sky/obj/process.o
 .text.process_alloc_event
                0x0000000000007272       0x18 build/sky/obj/process.o
                0x0000000000007272                process_alloc_event
 .text.process_init
                0x000000000000728a        0x8 build/sky/obj/process.o
                0x000000000000728a                process_init
 .text.process_run
                0x0000000000007292       0x8c build/sky/obj/process.o
                0x0000000000007292                process_run
 .text.process_nevents
                0x000000000000731e        0xa build/sky/obj/process.o
                0x000000000000731e                process_nevents
 .text.process_post
                0x0000000000007328       0x42 build/sky/obj/process.o
                0x0000000000007328                process_post
 .text.process_post_synch
                0x000000000000736a       0x12 build/sky/obj/process.o
                0x000000000000736a                process_post_synch
 .text.process_start
                0x000000000000737c       0x36 build/sky/obj/process.o
                0x000000000000737c                process_start
 .text.process_poll
                0x00000000000073b2       0x18 build/sky/obj/process.o
                0x00000000000073b2                process_poll
 .text.queuebuf_init
                0x00000000000073ca       0x12 build/sky/obj/queuebuf.o
                0x00000000000073ca                queuebuf_init
 .text.queuebuf_new_from_packetbuf
                0x00000000000073dc       0x52 build/sky/obj/queuebuf.o
                0x00000000000073dc                queuebuf_new_from_packetbuf
 .text.queuebuf_update_attr_from_packetbuf
                0x000000000000742e       0x12 build/sky/obj/queuebuf.o
                0x000000000000742e                queuebuf_update_attr_from_packetbuf
 .text.queuebuf_free
                0x0000000000007440       0x2a build/sky/obj/queuebuf.o
                0x0000000000007440                queuebuf_free
 .text.queuebuf_to_packetbuf
                0x000000000000746a       0x32 build/sky/obj/queuebuf.o
                0x000000000000746a                queuebuf_to_packetbuf
 .text.random_init
                0x000000000000749c        0x6 build/sky/obj/random.o
                0x000000000000749c                random_init
 .text.random_rand
                0x00000000000074a2        0x6 build/sky/obj/random.o
                0x00000000000074a2                random_rand
 .text.print_local_addresses
                0x00000000000074a8       0x8e build/sky/obj/rpl-border-router.o
                0x00000000000074a8                print_local_addresses
 .text.set_prefix_64
                0x0000000000007536       0x16 build/sky/obj/rpl-border-router.o
                0x0000000000007536                set_prefix_64
 .text.rpl_border_router_init
                0x000000000000754c        0xc build/sky/obj/rpl-border-router.o
                0x000000000000754c                rpl_border_router_init
 .text.rpl_dag_root_set_prefix
                0x0000000000007558       0x62 build/sky/obj/rpl-dag-root.o
                0x0000000000007558                rpl_dag_root_set_prefix
 .text.rpl_dag_root_start
                0x00000000000075ba       0x8e build/sky/obj/rpl-dag-root.o
                0x00000000000075ba                rpl_dag_root_start
 .text.rpl_dag_root_is_root
                0x0000000000007648       0x14 build/sky/obj/rpl-dag-root.o
                0x0000000000007648                rpl_dag_root_is_root
 .text.init_dag
                0x000000000000765c       0x84 build/sky/obj/rpl-dag.o
 .text.process_dio_init_dag
                0x00000000000076e0       0xb0 build/sky/obj/rpl-dag.o
 .text.rpl_dag_get_root_ipaddr
                0x0000000000007790       0x1e build/sky/obj/rpl-dag.o
                0x0000000000007790                rpl_dag_get_root_ipaddr
 .text.rpl_dag_leave
                0x00000000000077ae       0x4a build/sky/obj/rpl-dag.o
                0x00000000000077ae                rpl_dag_leave
 .text.rpl_dag_poison_and_leave
                0x00000000000077f8        0xc build/sky/obj/rpl-dag.o
                0x00000000000077f8                rpl_dag_poison_and_leave
 .text.rpl_dag_periodic
                0x0000000000007804       0x6a build/sky/obj/rpl-dag.o
                0x0000000000007804                rpl_dag_periodic
 .text.rpl_is_addr_in_our_dag
                0x000000000000786e       0x34 build/sky/obj/rpl-dag.o
                0x000000000000786e                rpl_is_addr_in_our_dag
 .text.rpl_local_repair
                0x00000000000078a2       0x2a build/sky/obj/rpl-dag.o
                0x00000000000078a2                rpl_local_repair
 .text.rpl_global_repair
                0x00000000000078cc       0x2e build/sky/obj/rpl-dag.o
                0x00000000000078cc                rpl_global_repair
 .text.rpl_dag_ready_to_advertise
                0x00000000000078fa       0x22 build/sky/obj/rpl-dag.o
                0x00000000000078fa                rpl_dag_ready_to_advertise
 .text.rpl_dag_update_state
                0x000000000000791c      0x144 build/sky/obj/rpl-dag.o
                0x000000000000791c                rpl_dag_update_state
 .text.rpl_process_dio
                0x0000000000007a60      0x1b6 build/sky/obj/rpl-dag.o
                0x0000000000007a60                rpl_process_dio
 .text.rpl_process_dis
                0x0000000000007c16       0x2a build/sky/obj/rpl-dag.o
                0x0000000000007c16                rpl_process_dis
 .text.rpl_process_dao
                0x0000000000007c40       0x6c build/sky/obj/rpl-dag.o
                0x0000000000007c40                rpl_process_dao
 .text.rpl_process_dao_ack
                0x0000000000007cac       0x54 build/sky/obj/rpl-dag.o
                0x0000000000007cac                rpl_process_dao_ack
 .text.rpl_process_hbh
                0x0000000000007d00       0x2e build/sky/obj/rpl-dag.o
                0x0000000000007d00                rpl_process_hbh
 .text.rpl_dag_init_root
                0x0000000000007d2e       0xbc build/sky/obj/rpl-dag.o
                0x0000000000007d2e                rpl_dag_init_root
 .text.rpl_dag_init
                0x0000000000007dea       0x10 build/sky/obj/rpl-dag.o
                0x0000000000007dea                rpl_dag_init
 .text.update_hbh_header
                0x0000000000007dfa       0x4a build/sky/obj/rpl-ext-header.o
 .text.rpl_ext_header_srh_get_next_hop
                0x0000000000007e44       0x84 build/sky/obj/rpl-ext-header.o
                0x0000000000007e44                rpl_ext_header_srh_get_next_hop
 .text.rpl_ext_header_srh_update
                0x0000000000007ec8      0x250 build/sky/obj/rpl-ext-header.o
                0x0000000000007ec8                rpl_ext_header_srh_update
 .text.rpl_ext_header_hbh_update
                0x0000000000008118       0xa4 build/sky/obj/rpl-ext-header.o
                0x0000000000008118                rpl_ext_header_hbh_update
 .text.rpl_ext_header_remove
                0x00000000000081bc       0xcc build/sky/obj/rpl-ext-header.o
                0x00000000000081bc                rpl_ext_header_remove
 .text.rpl_ext_header_update
                0x0000000000008288      0x2aa build/sky/obj/rpl-ext-header.o
                0x0000000000008288                rpl_ext_header_update
 .text.get32    0x0000000000008532       0x46 build/sky/obj/rpl-icmp6.o
 .text.set32    0x0000000000008578       0x2a build/sky/obj/rpl-icmp6.o
 .text.get16    0x00000000000085a2        0xe build/sky/obj/rpl-icmp6.o
 .text.set16    0x00000000000085b0       0x10 build/sky/obj/rpl-icmp6.o
 .text.dao_ack_input
                0x00000000000085c0       0x30 build/sky/obj/rpl-icmp6.o
 .text.dao_input
                0x00000000000085f0      0x16c build/sky/obj/rpl-icmp6.o
 .text.dio_input
                0x000000000000875c      0x2ba build/sky/obj/rpl-icmp6.o
 .text.dis_input
                0x0000000000008a16       0x1e build/sky/obj/rpl-icmp6.o
 .text.rpl_icmp6_update_nbr_table
                0x0000000000008a34       0x36 build/sky/obj/rpl-icmp6.o
                0x0000000000008a34                rpl_icmp6_update_nbr_table
 .text.rpl_icmp6_dis_output
                0x0000000000008a6a       0x34 build/sky/obj/rpl-icmp6.o
                0x0000000000008a6a                rpl_icmp6_dis_output
 .text.rpl_icmp6_dio_output
                0x0000000000008a9e      0x230 build/sky/obj/rpl-icmp6.o
                0x0000000000008a9e                rpl_icmp6_dio_output
 .text.rpl_icmp6_dao_output
                0x0000000000008cce       0xe2 build/sky/obj/rpl-icmp6.o
                0x0000000000008cce                rpl_icmp6_dao_output
 .text.rpl_icmp6_dao_ack_output
                0x0000000000008db0       0x4e build/sky/obj/rpl-icmp6.o
                0x0000000000008db0                rpl_icmp6_dao_ack_output
 .text.rpl_icmp6_init
                0x0000000000008dfe       0x22 build/sky/obj/rpl-icmp6.o
                0x0000000000008dfe                rpl_icmp6_init
 .text.reset    0x0000000000008e20        0x2 build/sky/obj/rpl-mrhof.o
 .text.update_metric_container
                0x0000000000008e22        0x6 build/sky/obj/rpl-mrhof.o
 .text.nbr_link_metric
                0x0000000000008e28       0x12 build/sky/obj/rpl-mrhof.o
 .text.nbr_has_usable_link
                0x0000000000008e3a       0x14 build/sky/obj/rpl-mrhof.o
 .text.nbr_path_cost
                0x0000000000008e4e       0x38 build/sky/obj/rpl-mrhof.o
 .text.within_hysteresis
                0x0000000000008e86       0x54 build/sky/obj/rpl-mrhof.o
 .text.nbr_is_acceptable_parent
                0x0000000000008eda       0x2c build/sky/obj/rpl-mrhof.o
 .text.rank_via_nbr
                0x0000000000008f06       0x48 build/sky/obj/rpl-mrhof.o
 .text.best_parent
                0x0000000000008f4e       0x7c build/sky/obj/rpl-mrhof.o
 .text.get_rank
                0x0000000000008fca       0x16 build/sky/obj/rpl-nbr-policy.o
 .text.rpl_nbr_gc_get_worst
                0x0000000000008fe0       0x28 build/sky/obj/rpl-nbr-policy.o
                0x0000000000008fe0                rpl_nbr_gc_get_worst
 .text.remove_neighbor
                0x0000000000009008       0x24 build/sky/obj/rpl-neighbor.o
 .text.rpl_neighbor_get_from_lladdr
                0x000000000000902c        0xc build/sky/obj/rpl-neighbor.o
                0x000000000000902c                rpl_neighbor_get_from_lladdr
 .text.rpl_neighbor_rank_via_nbr
                0x0000000000009038       0x18 build/sky/obj/rpl-neighbor.o
                0x0000000000009038                rpl_neighbor_rank_via_nbr
 .text.rpl_neighbor_get_lladdr
                0x0000000000009050        0xc build/sky/obj/rpl-neighbor.o
                0x0000000000009050                rpl_neighbor_get_lladdr
 .text.rpl_neighbor_get_ipaddr
                0x000000000000905c        0xa build/sky/obj/rpl-neighbor.o
                0x000000000000905c                rpl_neighbor_get_ipaddr
 .text.rpl_neighbor_get_link_stats
                0x0000000000009066        0xa build/sky/obj/rpl-neighbor.o
                0x0000000000009066                rpl_neighbor_get_link_stats
 .text.rpl_neighbor_is_fresh
                0x0000000000009070        0xa build/sky/obj/rpl-neighbor.o
                0x0000000000009070                rpl_neighbor_is_fresh
 .text.best_parent
                0x000000000000907a       0xb4 build/sky/obj/rpl-neighbor.o
 .text.rpl_neighbor_set_preferred_parent
                0x000000000000912e       0x48 build/sky/obj/rpl-neighbor.o
                0x000000000000912e                rpl_neighbor_set_preferred_parent
 .text.rpl_neighbor_remove_all
                0x0000000000009176       0x30 build/sky/obj/rpl-neighbor.o
                0x0000000000009176                rpl_neighbor_remove_all
 .text.rpl_neighbor_get_from_ipaddr
                0x00000000000091a6       0x14 build/sky/obj/rpl-neighbor.o
                0x00000000000091a6                rpl_neighbor_get_from_ipaddr
 .text.rpl_neighbor_select_best
                0x00000000000091ba       0x54 build/sky/obj/rpl-neighbor.o
                0x00000000000091ba                rpl_neighbor_select_best
 .text.rpl_neighbor_init
                0x000000000000920e        0xe build/sky/obj/rpl-neighbor.o
                0x000000000000920e                rpl_neighbor_init
 .text.handle_state_update
                0x000000000000921c        0x6 build/sky/obj/rpl-timers.o
 .text.handle_leaving_timer
                0x0000000000009222        0xc build/sky/obj/rpl-timers.o
 .text.handle_unicast_dio_timer
                0x000000000000922e       0x12 build/sky/obj/rpl-timers.o
 .text.handle_dao_ack_timer
                0x0000000000009240       0x12 build/sky/obj/rpl-timers.o
 .text.ctimer_set.constprop.3
                0x0000000000009252        0xe build/sky/obj/rpl-timers.o
 .text.new_dio_interval
                0x0000000000009260       0x86 build/sky/obj/rpl-timers.o
 .text.handle_dio_timer
                0x00000000000092e6       0x6a build/sky/obj/rpl-timers.o
 .text.schedule_dao_retransmission
                0x0000000000009350       0x30 build/sky/obj/rpl-timers.o
 .text.send_new_dao
                0x0000000000009380       0x28 build/sky/obj/rpl-timers.o
 .text.resend_dao
                0x00000000000093a8       0x24 build/sky/obj/rpl-timers.o
 .text.rpl_timers_schedule_periodic_dis
                0x00000000000093cc       0x3c build/sky/obj/rpl-timers.o
                0x00000000000093cc                rpl_timers_schedule_periodic_dis
 .text.handle_periodic_timer
                0x0000000000009408       0x3a build/sky/obj/rpl-timers.o
 .text.handle_dis_timer
                0x0000000000009442       0x26 build/sky/obj/rpl-timers.o
 .text.rpl_timers_dio_reset
                0x0000000000009468       0x2e build/sky/obj/rpl-timers.o
                0x0000000000009468                rpl_timers_dio_reset
 .text.rpl_timers_schedule_unicast_dio
                0x0000000000009496       0x1c build/sky/obj/rpl-timers.o
                0x0000000000009496                rpl_timers_schedule_unicast_dio
 .text.rpl_timers_schedule_dao
                0x00000000000094b2       0x38 build/sky/obj/rpl-timers.o
                0x00000000000094b2                rpl_timers_schedule_dao
 .text.rpl_timers_schedule_dao_ack
                0x00000000000094ea       0x30 build/sky/obj/rpl-timers.o
                0x00000000000094ea                rpl_timers_schedule_dao_ack
 .text.rpl_timers_notify_dao_ack
                0x000000000000951a       0x7e build/sky/obj/rpl-timers.o
                0x000000000000951a                rpl_timers_notify_dao_ack
 .text.get_probing_delay
                0x0000000000009598       0x1c build/sky/obj/rpl-timers.o
                0x0000000000009598                get_probing_delay
 .text.get_probing_target
                0x00000000000095b4       0xee build/sky/obj/rpl-timers.o
                0x00000000000095b4                get_probing_target
 .text.rpl_schedule_probing
                0x00000000000096a2       0x1c build/sky/obj/rpl-timers.o
                0x00000000000096a2                rpl_schedule_probing
 .text.handle_probing_timer
                0x00000000000096be       0x2a build/sky/obj/rpl-timers.o
 .text.rpl_schedule_probing_now
                0x00000000000096e8       0x20 build/sky/obj/rpl-timers.o
                0x00000000000096e8                rpl_schedule_probing_now
 .text.rpl_timers_unschedule_leaving
                0x0000000000009708       0x1c build/sky/obj/rpl-timers.o
                0x0000000000009708                rpl_timers_unschedule_leaving
 .text.rpl_timers_schedule_leaving
                0x0000000000009724       0x26 build/sky/obj/rpl-timers.o
                0x0000000000009724                rpl_timers_schedule_leaving
 .text.rpl_timers_init
                0x000000000000974a       0x18 build/sky/obj/rpl-timers.o
                0x000000000000974a                rpl_timers_init
 .text.rpl_timers_stop_dag_timers
                0x0000000000009762       0x4c build/sky/obj/rpl-timers.o
                0x0000000000009762                rpl_timers_stop_dag_timers
 .text.rpl_timers_schedule_state_update
                0x00000000000097ae       0x18 build/sky/obj/rpl-timers.o
                0x00000000000097ae                rpl_timers_schedule_state_update
 .text.rpl_has_joined
                0x00000000000097c6       0x12 build/sky/obj/rpl.o
                0x00000000000097c6                rpl_has_joined
 .text.rpl_is_reachable
                0x00000000000097d8       0x12 build/sky/obj/rpl.o
                0x00000000000097d8                rpl_is_reachable
 .text.neighbor_state_changed
                0x00000000000097ea        0x2 build/sky/obj/rpl.o
 .text.drop_route
                0x00000000000097ec        0x2 build/sky/obj/rpl.o
 .text.rpl_get_leaf_only
                0x00000000000097ee        0x6 build/sky/obj/rpl.o
                0x00000000000097ee                rpl_get_leaf_only
 .text.get_sr_node_ipaddr
                0x00000000000097f4       0x34 build/sky/obj/rpl.o
 .text.init     0x0000000000009828       0x42 build/sky/obj/rpl.o
 .text.set_ip_from_prefix
                0x000000000000986a       0x38 build/sky/obj/rpl.o
 .text.rpl_link_callback
                0x00000000000098a2       0x1e build/sky/obj/rpl.o
                0x00000000000098a2                rpl_link_callback
 .text.rpl_lollipop_greater_than
                0x00000000000098c0       0x40 build/sky/obj/rpl.o
                0x00000000000098c0                rpl_lollipop_greater_than
 .text.rpl_get_global_address
                0x0000000000009900       0xbe build/sky/obj/rpl.o
                0x0000000000009900                rpl_get_global_address
 .text.rpl_reset_prefix
                0x00000000000099be       0x24 build/sky/obj/rpl.o
                0x00000000000099be                rpl_reset_prefix
 .text.rpl_set_prefix_from_addr
                0x00000000000099e2       0x92 build/sky/obj/rpl.o
                0x00000000000099e2                rpl_set_prefix_from_addr
 .text.timera0  0x0000000000009a74       0x2c build/sky/obj/rtimer-arch.o
                0x0000000000009a74                __isr_6
                0x0000000000009a74                timera0
 .text.rtimer_arch_init
                0x0000000000009aa0        0xe build/sky/obj/rtimer-arch.o
                0x0000000000009aa0                rtimer_arch_init
 .text.rtimer_arch_now
                0x0000000000009aae        0xe build/sky/obj/rtimer-arch.o
                0x0000000000009aae                rtimer_arch_now
 .text.rtimer_run_next
                0x0000000000009abc       0x18 build/sky/obj/rtimer.o
                0x0000000000009abc                rtimer_run_next
 .text.process_thread_sensors_process
                0x0000000000009ad4       0xc2 build/sky/obj/sensors.o
 .text.sensors_changed
                0x0000000000009b96       0x2a build/sky/obj/sensors.o
                0x0000000000009b96                sensors_changed
 .text.addr_context_lookup_by_number
                0x0000000000009bc0       0x16 build/sky/obj/sicslowpan.o
 .text.sicslowpan_init
                0x0000000000009bd6       0x18 build/sky/obj/sicslowpan.o
                0x0000000000009bd6                sicslowpan_init
 .text.set_packet_attrs
                0x0000000000009bee       0x66 build/sky/obj/sicslowpan.o
 .text.compress_addr_64
                0x0000000000009c54       0xae build/sky/obj/sicslowpan.o
 .text.addr_context_lookup_by_prefix
                0x0000000000009d02       0x20 build/sky/obj/sicslowpan.o
 .text.packet_sent
                0x0000000000009d22       0x56 build/sky/obj/sicslowpan.o
 .text.uncompress_addr
                0x0000000000009d78       0xce build/sky/obj/sicslowpan.o
 .text.output   0x0000000000009e46      0x692 build/sky/obj/sicslowpan.o
 .text.input    0x000000000000a4d8      0x730 build/sky/obj/sicslowpan.o
 .text.process_thread_simple_udp_process
                0x000000000000ac08       0xb8 build/sky/obj/simple-udp.o
 .text.simple_udp_sendto
                0x000000000000acc0       0x2c build/sky/obj/simple-udp.o
                0x000000000000acc0                simple_udp_sendto
 .text.simple_udp_register
                0x000000000000acec       0x9a build/sky/obj/simple-udp.o
                0x000000000000acec                simple_udp_register
 .text.output   0x000000000000ad86       0x1c build/sky/obj/slip-bridge.o
 .text.init     0x000000000000ada2       0x18 build/sky/obj/slip-bridge.o
 .text.slip_input_callback
                0x000000000000adba       0xb2 build/sky/obj/slip-bridge.o
 .text.request_prefix
                0x000000000000ae6c       0x20 build/sky/obj/slip-bridge.o
                0x000000000000ae6c                request_prefix
 .text.process_thread_slip_process
                0x000000000000ae8c      0x1be build/sky/obj/slip.o
 .text.slip_set_input_callback
                0x000000000000b04a        0x6 build/sky/obj/slip.o
                0x000000000000b04a                slip_set_input_callback
 .text.slip_write
                0x000000000000b050       0x58 build/sky/obj/slip.o
                0x000000000000b050                slip_write
 .text.slip_send
                0x000000000000b0a8        0xe build/sky/obj/slip.o
                0x000000000000b0a8                slip_send
 .text.slip_input_byte
                0x000000000000b0b6       0x96 build/sky/obj/slip.o
                0x000000000000b0b6                slip_input_byte
 .text.slip_arch_writeb
                0x000000000000b14c        0x6 build/sky/obj/slip_uart1.o
                0x000000000000b14c                slip_arch_writeb
 .text.slip_arch_init
                0x000000000000b152        0xa build/sky/obj/slip_uart1.o
                0x000000000000b152                slip_arch_init
 .text.spi_init
                0x000000000000b15c       0x30 build/sky/obj/spi-legacy.o
                0x000000000000b15c                spi_init
 .text.stack_check_init
                0x000000000000b18c       0x2e build/sky/obj/stack-check.o
                0x000000000000b18c                stack_check_init
 .text.stack_check_get_usage
                0x000000000000b1ba       0x46 build/sky/obj/stack-check.o
                0x000000000000b1ba                stack_check_get_usage
 .text.process_thread_stack_check_process
                0x000000000000b200       0x90 build/sky/obj/stack-check.o
 .text.stimer_expired
                0x000000000000b290       0x30 build/sky/obj/stimer.o
                0x000000000000b290                stimer_expired
 .text.tcpip_output
                0x000000000000b2c0       0x22 build/sky/obj/tcpip.o
                0x000000000000b2c0                tcpip_output
 .text.udp_new  0x000000000000b2e2       0x1a build/sky/obj/tcpip.o
                0x000000000000b2e2                udp_new
 .text.tcpip_input
                0x000000000000b2fc       0x1e build/sky/obj/tcpip.o
                0x000000000000b2fc                tcpip_input
 .text.tcpip_ipv6_output
                0x000000000000b31a      0x13c build/sky/obj/tcpip.o
                0x000000000000b31a                tcpip_ipv6_output
 .text.packet_input.part.3
                0x000000000000b456       0x12 build/sky/obj/tcpip.o
 .text.process_thread_tcpip_process
                0x000000000000b468       0xba build/sky/obj/tcpip.o
 .text.tcpip_uipcall
                0x000000000000b522       0x2a build/sky/obj/tcpip.o
                0x000000000000b522                tcpip_uipcall
 .text.timer_set
                0x000000000000b54c       0x1c build/sky/obj/timer.o
                0x000000000000b54c                timer_set
 .text.timer_expired
                0x000000000000b568       0x2a build/sky/obj/timer.o
                0x000000000000b568                timer_expired
 .text.timer_reset
                0x000000000000b592       0x1c build/sky/obj/timer.o
                0x000000000000b592                timer_reset
 .text.putchar  0x000000000000b5ae       0x3c build/sky/obj/uart-putchar.o
                0x000000000000b5ae                putchar
 .text.handle_rxdma_timer
                0x000000000000b5ea       0x3a build/sky/obj/uart1.o
 .text.uart1_active
                0x000000000000b624       0x18 build/sky/obj/uart1.o
                0x000000000000b624                uart1_active
 .text.uart1_set_input
                0x000000000000b63c       0x24 build/sky/obj/uart1.o
                0x000000000000b63c                uart1_set_input
 .text.uart1_writeb
                0x000000000000b660       0x18 build/sky/obj/uart1.o
                0x000000000000b660                uart1_writeb
 .text.uart1_init
                0x000000000000b678       0xf4 build/sky/obj/uart1.o
                0x000000000000b678                uart1_init
 .text.uip_ds6_nbr_rm
                0x000000000000b76c       0x1e build/sky/obj/uip-ds6-nbr.o
                0x000000000000b76c                uip_ds6_nbr_rm
 .text.uip_ds6_neighbors_init
                0x000000000000b78a       0x12 build/sky/obj/uip-ds6-nbr.o
                0x000000000000b78a                uip_ds6_neighbors_init
 .text.uip_ds6_nbr_add
                0x000000000000b79c       0x3e build/sky/obj/uip-ds6-nbr.o
                0x000000000000b79c                uip_ds6_nbr_add
 .text.uip_ds6_nbr_get_ll
                0x000000000000b7da        0xc build/sky/obj/uip-ds6-nbr.o
                0x000000000000b7da                uip_ds6_nbr_get_ll
 .text.uip_ds6_nbr_head
                0x000000000000b7e6        0xa build/sky/obj/uip-ds6-nbr.o
                0x000000000000b7e6                uip_ds6_nbr_head
 .text.uip_ds6_nbr_next
                0x000000000000b7f0        0xc build/sky/obj/uip-ds6-nbr.o
                0x000000000000b7f0                uip_ds6_nbr_next
 .text.uip_ds6_nbr_lookup
                0x000000000000b7fc       0x3a build/sky/obj/uip-ds6-nbr.o
                0x000000000000b7fc                uip_ds6_nbr_lookup
 .text.uip_ds6_nbr_ll_lookup
                0x000000000000b836        0xc build/sky/obj/uip-ds6-nbr.o
                0x000000000000b836                uip_ds6_nbr_ll_lookup
 .text.uip_ds6_nbr_update_ll
                0x000000000000b842       0x76 build/sky/obj/uip-ds6-nbr.o
                0x000000000000b842                uip_ds6_nbr_update_ll
 .text.uip_ds6_nbr_ipaddr_from_lladdr
                0x000000000000b8b8        0x6 build/sky/obj/uip-ds6-nbr.o
                0x000000000000b8b8                uip_ds6_nbr_ipaddr_from_lladdr
 .text.uip_ds6_nbr_lladdr_from_ipaddr
                0x000000000000b8be       0x12 build/sky/obj/uip-ds6-nbr.o
                0x000000000000b8be                uip_ds6_nbr_lladdr_from_ipaddr
 .text.uip_ds6_link_callback
                0x000000000000b8d0        0x2 build/sky/obj/uip-ds6-nbr.o
                0x000000000000b8d0                uip_ds6_link_callback
 .text.uip_ds6_route_init
                0x000000000000b8d2        0xe build/sky/obj/uip-ds6-route.o
                0x000000000000b8d2                uip_ds6_route_init
 .text.uip_ds6_route_nexthop
                0x000000000000b8e0        0x4 build/sky/obj/uip-ds6-route.o
                0x000000000000b8e0                uip_ds6_route_nexthop
 .text.uip_ds6_route_lookup
                0x000000000000b8e4        0x4 build/sky/obj/uip-ds6-route.o
                0x000000000000b8e4                uip_ds6_route_lookup
 .text.uip_ds6_route_rm
                0x000000000000b8e8        0x2 build/sky/obj/uip-ds6-route.o
                0x000000000000b8e8                uip_ds6_route_rm
 .text.uip_ds6_defrt_rm
                0x000000000000b8ea       0x2c build/sky/obj/uip-ds6-route.o
                0x000000000000b8ea                uip_ds6_defrt_rm
 .text.uip_ds6_defrt_lookup
                0x000000000000b916       0x34 build/sky/obj/uip-ds6-route.o
                0x000000000000b916                uip_ds6_defrt_lookup
 .text.uip_ds6_defrt_add
                0x000000000000b94a       0x78 build/sky/obj/uip-ds6-route.o
                0x000000000000b94a                uip_ds6_defrt_add
 .text.uip_ds6_defrt_choose
                0x000000000000b9c2       0x2e build/sky/obj/uip-ds6-route.o
                0x000000000000b9c2                uip_ds6_defrt_choose
 .text.uip_ds6_defrt_periodic
                0x000000000000b9f0       0x2e build/sky/obj/uip-ds6-route.o
                0x000000000000b9f0                uip_ds6_defrt_periodic
 .text.uip_ds6_default_prefix
                0x000000000000ba1e        0x6 build/sky/obj/uip-ds6.o
                0x000000000000ba1e                uip_ds6_default_prefix
 .text.uip_ds6_list_loop
                0x000000000000ba24       0x90 build/sky/obj/uip-ds6.o
                0x000000000000ba24                uip_ds6_list_loop
 .text.uip_ds6_prefix_add
                0x000000000000bab4       0x76 build/sky/obj/uip-ds6.o
                0x000000000000bab4                uip_ds6_prefix_add
 .text.uip_ds6_is_addr_onlink
                0x000000000000bb2a       0x52 build/sky/obj/uip-ds6.o
                0x000000000000bb2a                uip_ds6_is_addr_onlink
 .text.uip_ds6_addr_lookup
                0x000000000000bb7c       0x2a build/sky/obj/uip-ds6.o
                0x000000000000bb7c                uip_ds6_addr_lookup
 .text.uip_ds6_get_link_local
                0x000000000000bba6       0x3e build/sky/obj/uip-ds6.o
                0x000000000000bba6                uip_ds6_get_link_local
 .text.uip_ds6_maddr_add
                0x000000000000bbe4       0x42 build/sky/obj/uip-ds6.o
                0x000000000000bbe4                uip_ds6_maddr_add
 .text.uip_ds6_addr_add
                0x000000000000bc26       0xc6 build/sky/obj/uip-ds6.o
                0x000000000000bc26                uip_ds6_addr_add
 .text.uip_ds6_maddr_rm
                0x000000000000bcec        0xa build/sky/obj/uip-ds6.o
                0x000000000000bcec                uip_ds6_maddr_rm
 .text.uip_ds6_maddr_lookup
                0x000000000000bcf6       0x2a build/sky/obj/uip-ds6.o
                0x000000000000bcf6                uip_ds6_maddr_lookup
 .text.uip_ds6_addr_rm
                0x000000000000bd20       0x54 build/sky/obj/uip-ds6.o
                0x000000000000bd20                uip_ds6_addr_rm
 .text.uip_ds6_periodic
                0x000000000000bd74       0x46 build/sky/obj/uip-ds6.o
                0x000000000000bd74                uip_ds6_periodic
 .text.uip_ds6_set_addr_iid
                0x000000000000bdba       0x14 build/sky/obj/uip-ds6.o
                0x000000000000bdba                uip_ds6_set_addr_iid
 .text.uip_ds6_set_lladdr_from_iid
                0x000000000000bdce       0x14 build/sky/obj/uip-ds6.o
                0x000000000000bdce                uip_ds6_set_lladdr_from_iid
 .text.get_match_length
                0x000000000000bde2       0x44 build/sky/obj/uip-ds6.o
                0x000000000000bde2                get_match_length
 .text.uip_ds6_select_src
                0x000000000000be26       0xa6 build/sky/obj/uip-ds6.o
                0x000000000000be26                uip_ds6_select_src
 .text.uip_ds6_compute_reachable_time
                0x000000000000becc       0x3e build/sky/obj/uip-ds6.o
                0x000000000000becc                uip_ds6_compute_reachable_time
 .text.uip_ds6_init
                0x000000000000bf0a      0x164 build/sky/obj/uip-ds6.o
                0x000000000000bf0a                uip_ds6_init
 .text.echo_reply_input
                0x000000000000c06e       0x5e build/sky/obj/uip-icmp6.o
 .text.echo_request_input
                0x000000000000c0cc       0x86 build/sky/obj/uip-icmp6.o
 .text.uip_icmp6_input
                0x000000000000c152       0x34 build/sky/obj/uip-icmp6.o
                0x000000000000c152                uip_icmp6_input
 .text.uip_icmp6_register_input_handler
                0x000000000000c186        0xc build/sky/obj/uip-icmp6.o
                0x000000000000c186                uip_icmp6_register_input_handler
 .text.uip_icmp6_error_output
                0x000000000000c192      0x146 build/sky/obj/uip-icmp6.o
                0x000000000000c192                uip_icmp6_error_output
 .text.uip_icmp6_send
                0x000000000000c2d8       0x8e build/sky/obj/uip-icmp6.o
                0x000000000000c2d8                uip_icmp6_send
 .text.uip_icmp6_init
                0x000000000000c366       0x12 build/sky/obj/uip-icmp6.o
                0x000000000000c366                uip_icmp6_init
 .text.ns_input
                0x000000000000c378      0x2a8 build/sky/obj/uip-nd6.o
 .text.uip_nd6_init
                0x000000000000c620        0xa build/sky/obj/uip-nd6.o
                0x000000000000c620                uip_nd6_init
 .text.node_matches_address.part.0
                0x000000000000c62a       0x2e build/sky/obj/uip-sr.o
 .text.uip_sr_get_node
                0x000000000000c658       0x3a build/sky/obj/uip-sr.o
                0x000000000000c658                uip_sr_get_node
 .text.uip_sr_is_addr_reachable
                0x000000000000c692       0x4e build/sky/obj/uip-sr.o
                0x000000000000c692                uip_sr_is_addr_reachable
 .text.uip_sr_expire_parent
                0x000000000000c6e0       0x50 build/sky/obj/uip-sr.o
                0x000000000000c6e0                uip_sr_expire_parent
 .text.uip_sr_update_node
                0x000000000000c730       0xbc build/sky/obj/uip-sr.o
                0x000000000000c730                uip_sr_update_node
 .text.uip_sr_init
                0x000000000000c7ec       0x12 build/sky/obj/uip-sr.o
                0x000000000000c7ec                uip_sr_init
 .text.uip_sr_periodic
                0x000000000000c7fe       0x8c build/sky/obj/uip-sr.o
                0x000000000000c7fe                uip_sr_periodic
 .text.uip_sr_free_all
                0x000000000000c88a       0x30 build/sky/obj/uip-sr.o
                0x000000000000c88a                uip_sr_free_all
 .text.uip_udp_packet_send
                0x000000000000c8ba       0x2a build/sky/obj/uip-udp-packet.o
                0x000000000000c8ba                uip_udp_packet_send
 .text.uip_udp_packet_sendto
                0x000000000000c8e4       0x66 build/sky/obj/uip-udp-packet.o
                0x000000000000c8e4                uip_udp_packet_sendto
 .text.chksum   0x000000000000c94a       0x32 build/sky/obj/uip6.o
 .text.upper_layer_chksum
                0x000000000000c97c       0x58 build/sky/obj/uip6.o
 .text.ext_hdr_options_process
                0x000000000000c9d4       0xa4 build/sky/obj/uip6.o
 .text.uip_check_mtu
                0x000000000000ca78       0x1e build/sky/obj/uip6.o
 .text.uip_update_ttl
                0x000000000000ca96       0x24 build/sky/obj/uip6.o
 .text.uip_icmp6chksum
                0x000000000000caba        0xa build/sky/obj/uip6.o
                0x000000000000caba                uip_icmp6chksum
 .text.uip_udpchksum
                0x000000000000cac4        0xa build/sky/obj/uip6.o
                0x000000000000cac4                uip_udpchksum
 .text.uip_init
                0x000000000000cace       0x3c build/sky/obj/uip6.o
                0x000000000000cace                uip_init
 .text.uip_remove_ext_hdr
                0x000000000000cb0a       0x5e build/sky/obj/uip6.o
                0x000000000000cb0a                uip_remove_ext_hdr
 .text.uip_udp_new
                0x000000000000cb68       0xac build/sky/obj/uip6.o
                0x000000000000cb68                uip_udp_new
 .text.uip_process
                0x000000000000cc14      0x560 build/sky/obj/uip6.o
                0x000000000000cc14                uip_process
 .text.uip_htonl
                0x000000000000d174       0x2e build/sky/obj/uip6.o
                0x000000000000d174                uip_htonl
 .text.uipbuf_add_ext_hdr
                0x000000000000d1a2       0x1c build/sky/obj/uipbuf.o
                0x000000000000d1a2                uipbuf_add_ext_hdr
 .text.uipbuf_set_len
                0x000000000000d1be       0x12 build/sky/obj/uipbuf.o
                0x000000000000d1be                uipbuf_set_len
 .text.uipbuf_set_len_field
                0x000000000000d1d0        0xe build/sky/obj/uipbuf.o
                0x000000000000d1d0                uipbuf_set_len_field
 .text.uipbuf_get_len_field
                0x000000000000d1de        0xe build/sky/obj/uipbuf.o
                0x000000000000d1de                uipbuf_get_len_field
 .text.uipbuf_get_next_header
                0x000000000000d1ec       0x68 build/sky/obj/uipbuf.o
                0x000000000000d1ec                uipbuf_get_next_header
 .text.uipbuf_get_last_header
                0x000000000000d254       0x3e build/sky/obj/uipbuf.o
                0x000000000000d254                uipbuf_get_last_header
 .text.uipbuf_search_header
                0x000000000000d292       0x4e build/sky/obj/uipbuf.o
                0x000000000000d292                uipbuf_search_header
 .text.uipbuf_get_attr
                0x000000000000d2e0       0x12 build/sky/obj/uipbuf.o
                0x000000000000d2e0                uipbuf_get_attr
 .text.uipbuf_set_attr
                0x000000000000d2f2       0x14 build/sky/obj/uipbuf.o
                0x000000000000d2f2                uipbuf_set_attr
 .text.uipbuf_clear_attr
                0x000000000000d306       0x12 build/sky/obj/uipbuf.o
                0x000000000000d306                uipbuf_clear_attr
 .text.uipbuf_clear
                0x000000000000d318       0x12 build/sky/obj/uipbuf.o
                0x000000000000d318                uipbuf_clear
 .text.uipbuf_init
                0x000000000000d32a       0x1a build/sky/obj/uipbuf.o
                0x000000000000d32a                uipbuf_init
 .text.uiplib_ipaddr_snprint
                0x000000000000d344      0x12c build/sky/obj/uiplib.o
                0x000000000000d344                uiplib_ipaddr_snprint
 .text.watchdog_interrupt
                0x000000000000d470        0x6 build/sky/obj/watchdog.o
                0x000000000000d470                __isr_10
                0x000000000000d470                watchdog_interrupt
 .text.watchdog_start
                0x000000000000d476       0x14 build/sky/obj/watchdog.o
                0x000000000000d476                watchdog_start
 .text.watchdog_periodic
                0x000000000000d48a       0x12 build/sky/obj/watchdog.o
                0x000000000000d48a                watchdog_periodic
 .text.watchdog_stop
                0x000000000000d49c       0x16 build/sky/obj/watchdog.o
                0x000000000000d49c                watchdog_stop
 .text.watchdog_init
                0x000000000000d4b2       0x12 build/sky/obj/watchdog.o
                0x000000000000d4b2                watchdog_init
 .text.xmem_init
                0x000000000000d4c4       0x3c build/sky/obj/xmem.o
                0x000000000000d4c4                xmem_init
 .text.printf   0x000000000000d500       0x10 /opt/msp430/mspgcc-4.7.4/lib/gcc/msp430/4.7.4/../../../../msp430/lib/mmpy-16/libc.a(printf.o)
                0x000000000000d500                printf
 .text.append   0x000000000000d510       0x22 /opt/msp430/mspgcc-4.7.4/lib/gcc/msp430/4.7.4/../../../../msp430/lib/mmpy-16/libc.a(sprintf.o)
 .text.call_vuprintf
                0x000000000000d532       0x3a /opt/msp430/mspgcc-4.7.4/lib/gcc/msp430/4.7.4/../../../../msp430/lib/mmpy-16/libc.a(sprintf.o)
 .text.snprintf
                0x000000000000d56c       0x1a /opt/msp430/mspgcc-4.7.4/lib/gcc/msp430/4.7.4/../../../../msp430/lib/mmpy-16/libc.a(sprintf.o)
                0x000000000000d56c                snprintf
 .text.print_field
                0x000000000000d586      0x194 /opt/msp430/mspgcc-4.7.4/lib/gcc/msp430/4.7.4/../../../../msp430/lib/mmpy-16/libc.a(vuprintf.o)
 .text.vuprintf
                0x000000000000d71a      0x63e /opt/msp430/mspgcc-4.7.4/lib/gcc/msp430/4.7.4/../../../../msp430/lib/mmpy-16/libc.a(vuprintf.o)
                0x000000000000d71a                vuprintf
 .text.puts     0x000000000000dd58       0x2c /opt/msp430/mspgcc-4.7.4/lib/gcc/msp430/4.7.4/../../../../msp430/lib/mmpy-16/libc.a(puts.o)
                0x000000000000dd58                puts
 .text.rand     0x000000000000dd84       0x26 /opt/msp430/mspgcc-4.7.4/lib/gcc/msp430/4.7.4/../../../../msp430/lib/mmpy-16/libc.a(rand.o)
                0x000000000000dd84                rand
 .text.srand    0x000000000000ddaa        0xa /opt/msp430/mspgcc-4.7.4/lib/gcc/msp430/4.7.4/../../../../msp430/lib/mmpy-16/libc.a(rand.o)
                0x000000000000ddaa                srand
 .text.memcmp   0x000000000000ddb4       0x30 /opt/msp430/mspgcc-4.7.4/lib/gcc/msp430/4.7.4/../../../../msp430/lib/mmpy-16/libc.a(memcmp.o)
                0x000000000000ddb4                memcmp
 .text.memcpy   0x000000000000dde4       0xfa /opt/msp430/mspgcc-4.7.4/lib/gcc/msp430/4.7.4/../../../../msp430/lib/mmpy-16/libc.a(memcpy.o)
                0x000000000000dde4                memcpy
 .text.memmove  0x000000000000dede       0xfa /opt/msp430/mspgcc-4.7.4/lib/gcc/msp430/4.7.4/../../../../msp430/lib/mmpy-16/libc.a(memmove.o)
                0x000000000000dede                memmove
 .text.memset   0x000000000000dfd8       0x6a /opt/msp430/mspgcc-4.7.4/lib/gcc/msp430/4.7.4/../../../../msp430/lib/mmpy-16/libc.a(memset.o)
                0x000000000000dfd8                memset
 .text.crt0     0x000000000000e042        0x2 /opt/msp430/mspgcc-4.7.4/lib/gcc/msp430/4.7.4/mmpy-16/libcrt0.a(_unexpected_.o)
                0x000000000000e042                _unexpected_
 .text.libgcc   0x000000000000e044       0x2c /opt/msp430/mspgcc-4.7.4/lib/gcc/msp430/4.7.4/mmpy-16/libgcc.a(_mulsi3.o)
                0x000000000000e044                __mulsi3
 .text.libgcc   0x000000000000e070       0x22 /opt/msp430/mspgcc-4.7.4/lib/gcc/msp430/4.7.4/mmpy-16/libgcc.a(_udivmod16.o)
                0x000000000000e070                __udivhi3
                0x000000000000e070                __ext_udivmod16
                0x000000000000e08a                __umodhi3
 .text.libgcc   0x000000000000e092       0x3a /opt/msp430/mspgcc-4.7.4/lib/gcc/msp430/4.7.4/mmpy-16/libgcc.a(_divmod16.o)
                0x000000000000e092                __ext_divmod16
                0x000000000000e092                __divhi3
                0x000000000000e0c4                __modhi3
 .text.libgcc   0x000000000000e0cc       0x40 /opt/msp430/mspgcc-4.7.4/lib/gcc/msp430/4.7.4/mmpy-16/libgcc.a(_udivmod32.o)
                0x000000000000e0cc                __udivsi3
                0x000000000000e0cc                __ext_udivmod32
                0x000000000000e102                __umodsi3
 .text.libgcc   0x000000000000e10c       0x4c /opt/msp430/mspgcc-4.7.4/lib/gcc/msp430/4.7.4/mmpy-16/libgcc.a(_divmod32.o)
                0x000000000000e10c                __ext_divmod32
                0x000000000000e10c                __divsi3
                0x000000000000e14e                __modsi3
 .text.libgcc   0x000000000000e158       0xf0 /opt/msp430/mspgcc-4.7.4/lib/gcc/msp430/4.7.4/mmpy-16/libgcc.a(_udivmod64.o)
                0x000000000000e158                __xabi_udivmod64
                0x000000000000e1b6                __udivdi3
                0x000000000000e1dc                __umoddi3
                0x000000000000e20a                __udivmoddi4
 *(SORT(.near.text) SORT(.near.text.*))

.rodata         0x000000000000e248      0x526
                0x000000000000e248                . = ALIGN (0x2)
 *(SORT(.rodata) SORT(.rodata.*) SORT(.gnu.linkonce.r.*))
 .rodata.get_value
                0x000000000000e248       0x34 build/sky/obj/cc2420.o
 .rodata.set_value
                0x000000000000e27c       0x10 build/sky/obj/cc2420.o
 .rodata        0x000000000000e28c       0xd8 build/sky/obj/border-router.o
                0x000000000000e346                autostart_processes
 .rodata        0x000000000000e364       0x10 build/sky/obj/button-sensor.o
                0x000000000000e36c                button_sensor
 .rodata        0x000000000000e374       0x3e build/sky/obj/cc2420.o
                0x000000000000e374                cc2420_aes_128_driver
                0x000000000000e378                cc2420_driver
 .rodata        0x000000000000e3b2       0x14 build/sky/obj/csma.o
                0x000000000000e3b8                csma_driver
 .rodata        0x000000000000e3c6        0x6 build/sky/obj/framer-802154.o
                0x000000000000e3c6                framer_802154
 .rodata        0x000000000000e3cc        0x8 build/sky/obj/linkaddr.o
                0x000000000000e3cc                linkaddr_null
 .rodata        0x000000000000e3d4       0xca build/sky/obj/log.o
 .rodata        0x000000000000e49e       0xe0 build/sky/obj/rpl-dag.o
 .rodata        0x000000000000e57e       0x34 build/sky/obj/rpl.o
                0x000000000000e588                rpl_lite_driver
 .rodata        0x000000000000e5b2       0x26 build/sky/obj/sicslowpan.o
                0x000000000000e5be                sicslowpan_driver
                0x000000000000e5c6                llprefix
                0x000000000000e5c8                unc_mxconf
                0x000000000000e5cc                unc_ctxconf
                0x000000000000e5d0                unc_llconf
 .rodata        0x000000000000e5d8       0x16 build/sky/obj/slip-bridge.o
                0x000000000000e5ea                rpl_interface
 .rodata        0x000000000000e5ee       0x80 build/sky/obj/border-router-embedded.o
 .rodata        0x000000000000e66e        0xf build/sky/obj/ctimer.o
 .rodata        0x000000000000e67d        0xc build/sky/obj/etimer.o
 .rodata        0x000000000000e689        0x2 build/sky/obj/frame802154.o
 .rodata        0x000000000000e68b       0x31 build/sky/obj/rpl-border-router.o
 .rodata        0x000000000000e6bc        0xc build/sky/obj/rpl-timers.o
 .rodata        0x000000000000e6c8        0x8 build/sky/obj/sensors.o
 .rodata        0x000000000000e6d0       0x13 build/sky/obj/simple-udp.o
 .rodata        0x000000000000e6e3        0xc build/sky/obj/slip.o
 .rodata        0x000000000000e6ef       0x3e build/sky/obj/stack-check.o
 .rodata        0x000000000000e72d        0xd build/sky/obj/tcpip.o
 .rodata        0x000000000000e73a       0x2d build/sky/obj/uiplib.o
 .rodata.vuprintf
                0x000000000000e767        0x7 /opt/msp430/mspgcc-4.7.4/lib/gcc/msp430/4.7.4/../../../../msp430/lib/mmpy-16/libc.a(vuprintf.o)
 *(SORT(.near.rodata) SORT(.near.rodata.*))
                0x000000000000e76e                . = ALIGN (0x2)
                0x000000000000e76e                _etext = .

.data           0x0000000000001100      0x164 load address 0x000000000000e76e
                0x0000000000001100                . = ALIGN (0x2)
                0x0000000000001100                __data_start = .
 *(SORT(.data) SORT(.data.*) SORT(.gnu.linkonce.d.*))
 .data          0x0000000000001100        0xa build/sky/obj/border-router-embedded.o
                0x0000000000001100                border_router_process
 .data          0x000000000000110a        0xa build/sky/obj/border-router.o
                0x000000000000110a                contiki_ng_br
 .data          0x0000000000001114        0xc build/sky/obj/cc2420.o
                0x0000000000001114                cc2420_process
 .data          0x0000000000001120       0x18 build/sky/obj/csma-output.o
 .data          0x0000000000001138        0xa build/sky/obj/ctimer.o
                0x0000000000001138                ctimer_process
 .data          0x0000000000001142        0xa build/sky/obj/etimer.o
                0x0000000000001142                etimer_process
 .data          0x000000000000114c        0x2 build/sky/obj/frame802154.o
 .data          0x000000000000114e        0x8 build/sky/obj/link-stats.o
 .data          0x0000000000001156       0x5c build/sky/obj/log.o
                0x0000000000001156                all_modules
                0x00000000000011b0                curr_log_level_main
 .data          0x00000000000011b2        0x2 build/sky/obj/msp430.o
 .data          0x00000000000011b4        0x8 build/sky/obj/nbr-table.o
 .data          0x00000000000011bc        0x4 build/sky/obj/platform.o
                0x00000000000011bc                sensors
 .data          0x00000000000011c0       0x10 build/sky/obj/queuebuf.o
 .data          0x00000000000011d0       0x18 build/sky/obj/rpl-icmp6.o
 .data          0x00000000000011e8       0x12 build/sky/obj/rpl-mrhof.o
                0x00000000000011e8                rpl_mrhof
 .data          0x00000000000011fa        0xa build/sky/obj/rpl-neighbor.o
                0x00000000000011fa                rpl_neighbors
 .data          0x0000000000001204        0xa build/sky/obj/sensors.o
                0x0000000000001204                sensors_process
 .data          0x000000000000120e        0xa build/sky/obj/simple-udp.o
                0x000000000000120e                simple_udp_process
 .data          0x0000000000001218        0xa build/sky/obj/slip.o
                0x0000000000001218                slip_process
 .data          0x0000000000001222        0xa build/sky/obj/stack-check.o
                0x0000000000001222                stack_check_process
 .data          0x000000000000122c        0xa build/sky/obj/tcpip.o
                0x000000000000122c                tcpip_process
 .data          0x0000000000001236        0x8 build/sky/obj/uip-ds6-nbr.o
 .data          0x000000000000123e        0x8 build/sky/obj/uip-ds6-route.o